Component: ARM Compiler 5.06 update 6 (build 750) Tool: armlink [4d35ed]

==============================================================================

Section Cross References

    communication.o(.rev16_text) refers (Special) to use_no_semi_2.o(.text) for __use_no_semihosting
    communication.o(.revsh_text) refers (Special) to use_no_semi_2.o(.text) for __use_no_semihosting
    communication.o(.rrx_text) refers (Special) to use_no_semi_2.o(.text) for __use_no_semihosting
    communication.o(i.Init_ESP_Usart) refers (Special) to use_no_semi_2.o(.text) for __use_no_semihosting
    communication.o(i.Init_ESP_Usart) refers to stm32f4xx_rcc.o(i.RCC_APB2PeriphClockCmd) for RCC_APB2PeriphClockCmd
    communication.o(i.Init_ESP_Usart) refers to stm32f4xx_rcc.o(i.RCC_AHB1PeriphClockCmd) for RCC_AHB1PeriphClockCmd
    communication.o(i.Init_ESP_Usart) refers to stm32f4xx_gpio.o(i.GPIO_PinAFConfig) for GPIO_PinAFConfig
    communication.o(i.Init_ESP_Usart) refers to stm32f4xx_gpio.o(i.GPIO_Init) for GPIO_Init
    communication.o(i.Init_ESP_Usart) refers to stm32f4xx_usart.o(i.USART_Init) for USART_Init
    communication.o(i.Init_ESP_Usart) refers to misc.o(i.NVIC_Init) for NVIC_Init
    communication.o(i.Init_ESP_Usart) refers to stm32f4xx_usart.o(i.USART_ITConfig) for USART_ITConfig
    communication.o(i.Init_ESP_Usart) refers to stm32f4xx_usart.o(i.USART_Cmd) for USART_Cmd
    communication.o(i.USART1_IRQHandler) refers (Special) to use_no_semi_2.o(.text) for __use_no_semihosting
    communication.o(i.USART1_IRQHandler) refers to communication.o(.data) for USART_RX_STA
    communication.o(i.USART1_IRQHandler) refers to communication.o(.bss) for USART_RX_BUF
    communication.o(i._sys_exit) refers (Special) to use_no_semi_2.o(.text) for __use_no_semihosting
    communication.o(i.create_packet) refers (Special) to use_no_semi_2.o(.text) for __use_no_semihosting
    communication.o(i.create_packet) refers to _printf_percent.o(.ARM.Collect$$_printf_percent$$00000000) for _printf_percent
    communication.o(i.create_packet) refers to _printf_d.o(.ARM.Collect$$_printf_percent$$00000009) for _printf_d
    communication.o(i.create_packet) refers to _printf_dec.o(.text) for _printf_int_dec
    communication.o(i.create_packet) refers to rt_memclr.o(.text) for __aeabi_memclr
    communication.o(i.create_packet) refers to strcpy.o(.text) for strcpy
    communication.o(i.create_packet) refers to __2sprintf.o(.text) for __2sprintf
    communication.o(i.fputc) refers (Special) to use_no_semi_2.o(.text) for __use_no_semihosting
    communication.o(i.fputc) refers to stm32f4xx_usart.o(i.USART_SendData) for USART_SendData
    communication.o(i.fputc) refers to stm32f4xx_usart.o(i.USART_GetFlagStatus) for USART_GetFlagStatus
    communication.o(i.send_packet) refers (Special) to use_no_semi_2.o(.text) for __use_no_semihosting
    communication.o(i.send_packet) refers to _printf_percent.o(.ARM.Collect$$_printf_percent$$00000000) for _printf_percent
    communication.o(i.send_packet) refers to _printf_s.o(.ARM.Collect$$_printf_percent$$00000014) for _printf_s
    communication.o(i.send_packet) refers to _printf_str.o(.text) for _printf_str
    communication.o(i.send_packet) refers to _printf_x.o(.ARM.Collect$$_printf_percent$$0000000C) for _printf_x
    communication.o(i.send_packet) refers to _printf_hex_int_ll_ptr.o(.text) for _printf_longlong_hex
    communication.o(i.send_packet) refers to __2printf.o(.text) for __2printf
    communication.o(i.send_packet) refers to strcmpv7m.o(.text) for strcmp
    communication.o(.bss) refers (Special) to use_no_semi_2.o(.text) for __use_no_semihosting
    communication.o(.data) refers (Special) to use_no_semi_2.o(.text) for __use_no_semihosting
    main.o(i.Alarm) refers to communication.o(i.create_packet) for create_packet
    main.o(i.Alarm) refers to communication.o(i.send_packet) for send_packet
    main.o(i.Alarm) refers to delay.o(i.delay_ms) for delay_ms
    main.o(i.Alarm) refers to main.o(.bss) for message
    main.o(i.CloseDoor) refers to stm32f4xx_tim.o(i.TIM_SetCompare3) for TIM_SetCompare3
    main.o(i.CloseDoor) refers to communication.o(i.create_packet) for create_packet
    main.o(i.CloseDoor) refers to communication.o(i.send_packet) for send_packet
    main.o(i.CloseDoor) refers to main.o(.bss) for message
    main.o(i.MFRC522Read) refers to mfrc522.o(i.MFRC522_Request) for MFRC522_Request
    main.o(i.MFRC522Read) refers to delay.o(i.delay_ms) for delay_ms
    main.o(i.MFRC522Read) refers to __2printf.o(.text) for __2printf
    main.o(i.MFRC522Read) refers to mfrc522.o(i.MFRC522_Anticoll) for MFRC522_Anticoll
    main.o(i.MFRC522Read) refers to mfrc522.o(i.MFRC522_SelectTag) for MFRC522_SelectTag
    main.o(i.MFRC522Read) refers to mfrc522.o(i.MFRC522_Auth) for MFRC522_Auth
    main.o(i.MFRC522Read) refers to mfrc522.o(i.MFRC522_Read) for MFRC522_Read
[...]
    .ARM.Collect$$libinit$$00000019          0x0800025e   Section        0  libinit2.o(.ARM.Collect$$libinit$$00000019)
    .ARM.Collect$$libinit$$0000001B          0x0800025e   Section        0  libinit2.o(.ARM.Collect$$libinit$$0000001B)
    .ARM.Collect$$libinit$$0000001D          0x0800025e   Section        0  libinit2.o(.ARM.Collect$$libinit$$0000001D)
    .ARM.Collect$$libinit$$0000001F          0x0800025e   Section        0  libinit2.o(.ARM.Collect$$libinit$$0000001F)
    .ARM.Collect$$libinit$$00000021          0x0800025e   Section        0  libinit2.o(.ARM.Collect$$libinit$$00000021)
    .ARM.Collect$$libinit$$00000023          0x0800025e   Section        0  libinit2.o(.ARM.Collect$$libinit$$00000023)
    .ARM.Collect$$libinit$$00000025          0x0800025e   Section        0  libinit2.o(.ARM.Collect$$libinit$$00000025)
    .ARM.Collect$$libinit$$0000002C          0x0800025e   Section        0  libinit2.o(.ARM.Collect$$libinit$$0000002C)
    .ARM.Collect$$libinit$$0000002E          0x0800025e   Section        0  libinit2.o(.ARM.Collect$$libinit$$0000002E)
    .ARM.Collect$$libinit$$00000030          0x0800025e   Section        0  libinit2.o(.ARM.Collect$$libinit$$00000030)
    .ARM.Collect$$libinit$$00000032          0x0800025e   Section        0  libinit2.o(.ARM.Collect$$libinit$$00000032)
    .ARM.Collect$$libinit$$00000033          0x0800025e   Section        2  libinit2.o(.ARM.Collect$$libinit$$00000033)
    .ARM.Collect$$libshutdown$$00000000      0x08000260   Section        2  libshutdown.o(.ARM.Collect$$libshutdown$$00000000)
    .ARM.Collect$$libshutdown$$00000002      0x08000262   Section        0  libshutdown2.o(.ARM.Collect$$libshutdown$$00000002)
    .ARM.Collect$$libshutdown$$00000004      0x08000262   Section        0  libshutdown2.o(.ARM.Collect$$libshutdown$$00000004)
    .ARM.Collect$$libshutdown$$00000007      0x08000262   Section        0  libshutdown2.o(.ARM.Collect$$libshutdown$$00000007)
    .ARM.Collect$$libshutdown$$0000000A      0x08000262   Section        0  libshutdown2.o(.ARM.Collect$$libshutdown$$0000000A)
    .ARM.Collect$$libshutdown$$0000000C      0x08000262   Section        0  libshutdown2.o(.ARM.Collect$$libshutdown$$0000000C)
    .ARM.Collect$$libshutdown$$0000000F      0x08000262   Section        0  libshutdown2.o(.ARM.Collect$$libshutdown$$0000000F)
    .ARM.Collect$$libshutdown$$00000010      0x08000262   Section        2  libshutdown2.o(.ARM.Collect$$libshutdown$$00000010)
    .ARM.Collect$$rtentry$$00000000          0x08000264   Section        0  __rtentry.o(.ARM.Collect$$rtentry$$00000000)
    .ARM.Collect$$rtentry$$00000002          0x08000264   Section        0  __rtentry2.o(.ARM.Collect$$rtentry$$00000002)
    .ARM.Collect$$rtentry$$00000004          0x08000264   Section        6  __rtentry4.o(.ARM.Collect$$rtentry$$00000004)
    .ARM.Collect$$rtentry$$00000009          0x0800026a   Section        0  __rtentry2.o(.ARM.Collect$$rtentry$$00000009)
    .ARM.Collect$$rtentry$$0000000A          0x0800026a   Section        4  __rtentry2.o(.ARM.Collect$$rtentry$$0000000A)
    .ARM.Collect$$rtentry$$0000000C          0x0800026e   Section        0  __rtentry2.o(.ARM.Collect$$rtentry$$0000000C)
    .ARM.Collect$$rtentry$$0000000D          0x0800026e   Section        8  __rtentry2.o(.ARM.Collect$$rtentry$$0000000D)
    .ARM.Collect$$rtexit$$00000000           0x08000276   Section        2  rtexit.o(.ARM.Collect$$rtexit$$00000000)
    .ARM.Collect$$rtexit$$00000002           0x08000278   Section        0  rtexit2.o(.ARM.Collect$$rtexit$$00000002)
    .ARM.Collect$$rtexit$$00000003           0x08000278   Section        4  rtexit2.o(.ARM.Collect$$rtexit$$00000003)
    .ARM.Collect$$rtexit$$00000004           0x0800027c   Section        6  rtexit2.o(.ARM.Collect$$rtexit$$00000004)
    .text                                    0x08000284   Section       64  startup_stm32f40_41xxx.o(.text)
    $v0                                      0x08000284   Number         0  startup_stm32f40_41xxx.o(.text)
    .text                                    0x080002c4   Section        2  use_no_semi_2.o(.text)
    .text                                    0x080002c8   Section        0  __2printf.o(.text)
    .text                                    0x080002e0   Section        0  __2sprintf.o(.text)
    .text                                    0x0800030c   Section        0  _printf_str.o(.text)
    .text                                    0x08000360   Section        0  _printf_dec.o(.text)
    .text                                    0x080003d8   Section        0  _printf_hex_int_ll_ptr.o(.text)
    _printf_hex_common                       0x080003d9   Thumb Code     0  _printf_hex_int_ll_ptr.o(.text)
    .text                                    0x0800046c   Section        0  __printf_flags_ss_wp.o(.text)
    .text                                    0x080005f4   Section        0  strstr.o(.text)
    .text                                    0x08000618   Section        0  strcpy.o(.text)
    .text                                    0x08000660   Section        0  strlen.o(.text)
    .text                                    0x0800069e   Section        0  strncmp.o(.text)
    .text                                    0x08000734   Section       68  rt_memclr.o(.text)
    .text                                    0x08000778   Section      128  strcmpv7m.o(.text)
    .text                                    0x080007f8   Section        0  heapauxi.o(.text)
    .text                                    0x080007fe   Section        2  use_no_semi.o(.text)
    .text                                    0x08000800   Section        0  _printf_intcommon.o(.text)
    .text                                    0x080008b4   Section        0  _printf_char_common.o(.text)
    _printf_input_char                       0x080008b5   Thumb Code    10  _printf_char_common.o(.text)
    .text                                    0x080008e4   Section        0  _sputc.o(.text)
    .text                                    0x080008ee   Section        0  _printf_char.o(.text)
    .text                                    0x0800091c   Section        0  _printf_char_file.o(.text)
    .text                                    0x08000940   Section       78  rt_memclr_w.o(.text)
    .text                                    0x0800098e   Section        0  ferror.o(.text)
    .text                                    0x08000996   Section       74  sys_stackheap_outer.o(.text)
    .text                                    0x080009e0   Section        0  exit.o(.text)
    .text                                    0x080009f4   Section        8  libspace.o(.text)
    i.Alarm                                  0x080009fc   Section        0  main.o(i.Alarm)
    i.AntennaOn                              0x08000a64   Section        0  mfrc522.o(i.AntennaOn)
    i.Board_Key_Init                         0x08000a80   Section        0  keyboard.o(i.Board_Key_Init)
    i.Bowl_OFF                               0x08000b28   Section        0  led.o(i.Bowl_OFF)
    i.Bowl_ON                                0x08000b48   Section        0  led.o(i.Bowl_ON)
    i.CalulateCRC                            0x08000b68   Section        0  mfrc522.o(i.CalulateCRC)
    i.ClearBitMask                           0x08000bde   Section        0  mfrc522.o(i.ClearBitMask)
    i.CloseDoor                              0x08000bfc   Section        0  main.o(i.CloseDoor)
    i.Delay1_us                              0x08000c28   Section        0  mfrc522.o(i.Delay1_us)
    i.EXTI0_IRQHandler                       0x08000c48   Section        0  keyboard.o(i.EXTI0_IRQHandler)
    i.EXTI_ClearITPendingBit                 0x08000cc4   Section        0  stm32f4xx_exti.o(i.EXTI_ClearITPendingBit)
    i.EXTI_GetITStatus                       0x08000cd0   Section        0  stm32f4xx_exti.o(i.EXTI_GetITStatus)
    i.EXTI_Init                              0x08000ce8   Section        0  stm32f4xx_exti.o(i.EXTI_Init)
    i.EnsureMessage                          0x08000d7c   Section        0  as608.o(i.EnsureMessage)
    i.GPIO_Init                              0x080010ec   Section        0  stm32f4xx_gpio.o(i.GPIO_Init)
    i.GPIO_PinAFConfig                       0x0800117c   Section        0  stm32f4xx_gpio.o(i.GPIO_PinAFConfig)
    i.GPIO_ReadInputDataBit                  0x080011c2   Section        0  stm32f4xx_gpio.o(i.GPIO_ReadInputDataBit)
    i.GPIO_ResetBits                         0x080011d4   Section        0  stm32f4xx_gpio.o(i.GPIO_ResetBits)
    i.GPIO_SetBits                           0x080011d8   Section        0  stm32f4xx_gpio.o(i.GPIO_SetBits)
    i.I2C_Configuration                      0x080011dc   Section        0  oled_i2c.o(i.I2C_Configuration)
    i.I2C_WriteByte                          0x08001270   Section        0  oled_i2c.o(i.I2C_WriteByte)
    i.Init_BLE                               0x080012e8   Section        0  ble.o(i.Init_BLE)
    i.Init_Beep                              0x08001398   Section        0  beep.o(i.Init_Beep)
    i.Init_Delay                             0x080013d8   Section        0  delay.o(i.Init_Delay)
    i.Init_ESP_Usart                         0x080013e4   Section        0  communication.o(i.Init_ESP_Usart)
    i.Init_LED                               0x08001494   Section        0  led.o(i.Init_LED)
    i.JudgeStr                               0x0800150c   Section        0  as608.o(i.JudgeStr)
    JudgeStr                                 0x0800150d   Thumb Code   122  as608.o(i.JudgeStr)
    i.KEY_Fun                                0x08001594   Section        0  keyboard.o(i.KEY_Fun)
    i.KEY_Scan                               0x080015f8   Section        0  keyboard.o(i.KEY_Scan)
    i.KEY_work                               0x08001848   Section        0  keyboard.o(i.KEY_work)
    i.Key_Init                               0x0800188c   Section        0  keyboard.o(i.Key_Init)
    i.MFRC522Read                            0x0800196c   Section        0  main.o(i.MFRC522Read)
    i.MFRC522_Anticoll                       0x08001b44   Section        0  mfrc522.o(i.MFRC522_Anticoll)
    i.MFRC522_Auth                           0x08001ba6   Section        0  mfrc522.o(i.MFRC522_Auth)
    i.MFRC522_Initializtion                  0x08001c14   Section        0  mfrc522.o(i.MFRC522_Initializtion)
    i.MFRC522_Read                           0x08001c58   Section        0  mfrc522.o(i.MFRC522_Read)
    i.MFRC522_Request                        0x08001c90   Section        0  mfrc522.o(i.MFRC522_Request)
    i.MFRC522_Reset                          0x08001cc4   Section        0  mfrc522.o(i.MFRC522_Reset)
    i.MFRC522_SelectTag                      0x08001d04   Section        0  mfrc522.o(i.MFRC522_SelectTag)
    i.MFRC522_ToCard                         0x08001d7a   Section        0  mfrc522.o(i.MFRC522_ToCard)
    i.MYUSART_SendData                       0x08001eb4   Section        0  as608.o(i.MYUSART_SendData)
    MYUSART_SendData                         0x08001eb5   Thumb Code    22  as608.o(i.MYUSART_SendData)
    i.NVIC_Init                              0x08001ed0   Section        0  misc.o(i.NVIC_Init)
    i.NVIC_PriorityGroupConfig               0x08001f48   Section        0  misc.o(i.NVIC_PriorityGroupConfig)
    i.OLED_CLS                               0x08001f5c   Section        0  oled_i2c.o(i.OLED_CLS)
    i.OLED_Fill                              0x08001f66   Section        0  oled_i2c.o(i.OLED_Fill)
    i.OLED_Iic_Recv_Ack                      0x08001fa0   Section        0  oled_i2c.o(i.OLED_Iic_Recv_Ack)
    i.OLED_Iic_Sda_Mode                      0x08001fec   Section        0  oled_i2c.o(i.OLED_Iic_Sda_Mode)
    i.OLED_Iic_Send_Byte                     0x0800201c   Section        0  oled_i2c.o(i.OLED_Iic_Send_Byte)
    i.OLED_Iic_Start                         0x0800207c   Section        0  oled_i2c.o(i.OLED_Iic_Start)
    i.OLED_Iic_Stop                          0x080020b8   Section        0  oled_i2c.o(i.OLED_Iic_Stop)
    i.OLED_Init                              0x080020f0   Section        0  oled_i2c.o(i.OLED_Init)
    i.OLED_SetPos                            0x080021a2   Section        0  oled_i2c.o(i.OLED_SetPos)
    i.OLED_ShowCN                            0x080021cc   Section        0  oled_i2c.o(i.OLED_ShowCN)
    i.OLED_ShowStr                           0x08002220   Section        0  oled_i2c.o(i.OLED_ShowStr)
    i.OpenDoor                               0x0800230c   Section        0  main.o(i.OpenDoor)
    i.PS_GenChar                             0x08002338   Section        0  as608.o(i.PS_GenChar)
    i.PS_GetImage                            0x0800237e   Section        0  as608.o(i.PS_GetImage)
    i.PS_HandShake                           0x080023b8   Section        0  as608.o(i.PS_HandShake)
    i.PS_HighSpeedSearch                     0x08002438   Section        0  as608.o(i.PS_HighSpeedSearch)
    i.PS_ReadSysPara                         0x080024c8   Section        0  as608.o(i.PS_ReadSysPara)
    i.PS_StaGPIO_Init                        0x080025dc   Section        0  as608.o(i.PS_StaGPIO_Init)
    i.PS_ValidTempleteNum                    0x0800260c   Section        0  as608.o(i.PS_ValidTempleteNum)
    i.RCC_AHB1PeriphClockCmd                 0x08002698   Section        0  stm32f4xx_rcc.o(i.RCC_AHB1PeriphClockCmd)
    i.RCC_APB1PeriphClockCmd                 0x080026b8   Section        0  stm32f4xx_rcc.o(i.RCC_APB1PeriphClockCmd)
    i.RCC_APB2PeriphClockCmd                 0x080026d8   Section        0  stm32f4xx_rcc.o(i.RCC_APB2PeriphClockCmd)
    i.RCC_GetClocksFreq                      0x080026f8   Section        0  stm32f4xx_rcc.o(i.RCC_GetClocksFreq)
    i.Read_MFRC522                           0x080027e0   Section        0  mfrc522.o(i.Read_MFRC522)
    i.SPI3_Receive                           0x08002814   Section        0  mfrc522.o(i.SPI3_Receive)
    i.SPI3_Send                              0x08002870   Section        0  mfrc522.o(i.SPI3_Send)
    i.STM32_SPI3_Init                        0x080028c8   Section        0  mfrc522.o(i.STM32_SPI3_Init)
    i.SYSCFG_EXTILineConfig                  0x08002968   Section        0  stm32f4xx_syscfg.o(i.SYSCFG_EXTILineConfig)
    i.SendAddr                               0x080029a8   Section        0  as608.o(i.SendAddr)
    SendAddr                                 0x080029a9   Thumb Code    46  as608.o(i.SendAddr)
    i.SendCheck                              0x080029dc   Section        0  as608.o(i.SendCheck)
    SendCheck                                0x080029dd   Thumb Code    18  as608.o(i.SendCheck)
    i.SendFlag                               0x080029ee   Section        0  as608.o(i.SendFlag)
    SendFlag                                 0x080029ef   Thumb Code    12  as608.o(i.SendFlag)
    i.SendHead                               0x080029fa   Section        0  as608.o(i.SendHead)
    SendHead                                 0x080029fb   Thumb Code    16  as608.o(i.SendHead)
    i.SendLength                             0x08002a0a   Section        0  as608.o(i.SendLength)
    SendLength                               0x08002a0b   Thumb Code    20  as608.o(i.SendLength)
    i.Sendcmd                                0x08002a1e   Section        0  as608.o(i.Sendcmd)
    Sendcmd                                  0x08002a1f   Thumb Code    12  as608.o(i.Sendcmd)
    i.SetBitMask                             0x08002a2a   Section        0  mfrc522.o(i.SetBitMask)
    i.SetSysClock                            0x08002a48   Section        0  system_stm32f4xx.o(i.SetSysClock)
    SetSysClock                              0x08002a49   Thumb Code   220  system_stm32f4xx.o(i.SetSysClock)
    i.ShakeHand                              0x08002b34   Section        0  main.o(i.ShakeHand)
    i.ShowCNStr                              0x08002cc8   Section        0  main.o(i.ShowCNStr)
    i.SysTick_CLKSourceConfig                0x08002cfc   Section        0  misc.o(i.SysTick_CLKSourceConfig)
    i.SystemInit                             0x08002d24   Section        0  system_stm32f4xx.o(i.SystemInit)
    i.TIM3_IRQHandler                        0x08002d8c   Section        0  main.o(i.TIM3_IRQHandler)
    i.TIM3_Init                              0x08002db8   Section        0  timer.o(i.TIM3_Init)
    i.TIM4_LockControl_Init                  0x08002e14   Section        0  timer.o(i.TIM4_LockControl_Init)
    i.TIM5_IRQHandler                        0x08002eec   Section        0  timer.o(i.TIM5_IRQHandler)
    i.TIM7_IRQHandler                        0x08002fd0   Section        0  timer.o(i.TIM7_IRQHandler)
    i.TIM7_Int_Init                          0x0800300c   Section        0  timer.o(i.TIM7_Int_Init)
    i.TIM_ClearITPendingBit                  0x08003078   Section        0  stm32f4xx_tim.o(i.TIM_ClearITPendingBit)
    i.TIM_Cmd                                0x0800307e   Section        0  stm32f4xx_tim.o(i.TIM_Cmd)
    i.TIM_GetITStatus                        0x08003096   Section        0  stm32f4xx_tim.o(i.TIM_GetITStatus)
    i.TIM_ITConfig                           0x080030b8   Section        0  stm32f4xx_tim.o(i.TIM_ITConfig)
    i.TIM_OC3Init                            0x080030cc   Section        0  stm32f4xx_tim.o(i.TIM_OC3Init)
    i.TIM_OC3PreloadConfig                   0x0800316c   Section        0  stm32f4xx_tim.o(i.TIM_OC3PreloadConfig)
    i.TIM_SetCompare3                        0x0800317e   Section        0  stm32f4xx_tim.o(i.TIM_SetCompare3)
    i.TIM_TimeBaseInit                       0x08003184   Section        0  stm32f4xx_tim.o(i.TIM_TimeBaseInit)
    i.USART1_IRQHandler                      0x08003208   Section        0  communication.o(i.USART1_IRQHandler)
    i.USART2_IRQHandler                      0x08003288   Section        0  usart2.o(i.USART2_IRQHandler)
    i.USART3_IRQHandler                      0x080032f8   Section        0  test.o(i.USART3_IRQHandler)
    i.USART_Cmd                              0x08003384   Section        0  stm32f4xx_usart.o(i.USART_Cmd)
    i.USART_GetFlagStatus                    0x0800339c   Section        0  stm32f4xx_usart.o(i.USART_GetFlagStatus)
    i.USART_ITConfig                         0x080033b6   Section        0  stm32f4xx_usart.o(i.USART_ITConfig)
    i.USART_Init                             0x08003400   Section        0  stm32f4xx_usart.o(i.USART_Init)
    i.USART_SendData                         0x080034d4   Section        0  stm32f4xx_usart.o(i.USART_SendData)
    i.WriteCmd                               0x080034dc   Section        0  oled_i2c.o(i.WriteCmd)
    i.WriteDat                               0x080034ea   Section        0  oled_i2c.o(i.WriteDat)
    i.Write_MFRC522                          0x080034f8   Section        0  mfrc522.o(i.Write_MFRC522)
    i._is_digit                              0x08003528   Section        0  __printf_wp.o(i._is_digit)
    i._sys_exit                              0x08003536   Section        0  communication.o(i._sys_exit)
    i.create_packet                          0x0800353c   Section        0  communication.o(i.create_packet)
    i.delay_ms                               0x08003604   Section        0  delay.o(i.delay_ms)
    i.delay_s                                0x0800364a   Section        0  delay.o(i.delay_s)
    i.delay_us                               0x0800366a   Section        0  delay.o(i.delay_us)
    i.fputc                                  0x080036b4   Section        0  communication.o(i.fputc)
    i.main                                   0x080036f4   Section        0  main.o(i.main)
    i.menu                                   0x08003b74   Section        0  main.o(i.menu)
    i.press_FR                               0x08003be8   Section        0  main.o(i.press_FR)
    i.send_packet                            0x08003cf0   Section        0  communication.o(i.send_packet)
    i.usart2_init                            0x08003d58   Section        0  usart2.o(i.usart2_init)
    x$fpl$fpinit                             0x08003e2c   Section       10  fpinit.o(x$fpl$fpinit)
    $v0                                      0x08003e2c   Number         0  fpinit.o(x$fpl$fpinit)
    .constdata                               0x08003e36   Section     2072  oled_i2c.o(.constdata)
    .constdata                               0x0800464e   Section       40  _printf_hex_int_ll_ptr.o(.constdata)
    uc_hextab                                0x0800464e   Data          20  _printf_hex_int_ll_ptr.o(.constdata)
    lc_hextab                                0x08004662   Data          20  _printf_hex_int_ll_ptr.o(.constdata)
    .constdata                               0x08004676   Section       17  __printf_flags_ss_wp.o(.constdata)
    maptable                                 0x08004676   Data          17  __printf_flags_ss_wp.o(.constdata)
    .conststring                             0x08004688   Section       85  as608.o(.conststring)
    .data                                    0x20000000   Section        6  communication.o(.data)
    USART_RX_STA                             0x20000004   Data           2  communication.o(.data)
    .data                                    0x20000006   Section       33  main.o(.data)
    read_flag                                0x20000019   Data           1  main.o(.data)
    .data                                    0x20000027   Section     1952  oled_i2c.o(.data)
    .data                                    0x200007c8   Section        2  usart2.o(.data)
    .data                                    0x200007cc   Section        8  timer.o(.data)
    .data                                    0x200007d4   Section        4  as608.o(.data)
    .data                                    0x200007d8   Section       14  test.o(.data)
    card_key0Abuf                            0x200007d8   Data           6  test.o(.data)
    USART_RX_STA                             0x200007e4   Data           2  test.o(.data)
    .data                                    0x200007e6   Section       16  stm32f4xx_rcc.o(.data)
    APBAHBPrescTable                         0x200007e6   Data          16  stm32f4xx_rcc.o(.data)
    .bss                                     0x200007f8   Section      256  communication.o(.bss)
    USART_RX_BUF                             0x200007f8   Data         256  communication.o(.bss)
    .bss                                     0x200008f8   Section      174  main.o(.bss)
    .bss                                     0x200009a6   Section     1600  usart2.o(.bss)
    .bss                                     0x20000fe6   Section      256  test.o(.bss)
    USART_RX_BUF                             0x20000fe6   Data         256  test.o(.bss)
    .bss                                     0x200010e8   Section       96  libspace.o(.bss)
    HEAP                                     0x20001148   Section      512  startup_stm32f40_41xxx.o(HEAP)
    Heap_Mem                                 0x20001148   Data         512  startup_stm32f40_41xxx.o(HEAP)
    STACK                                    0x20001348   Section     1024  startup_stm32f40_41xxx.o(STACK)
    Stack_Mem                                0x20001348   Data        1024  startup_stm32f40_41xxx.o(STACK)
    __initial_sp                             0x20001748   Data           0  startup_stm32f40_41xxx.o(STACK)

    Global Symbols

    Symbol Name                              Value     Ov Type        Size  Object(Section)

    BuildAttributes$$THM_ISAv4$E$P$D$K$B$S$7EM$VFPi3$EXTD16$VFPS$VFMA$PE$A:L22UL41UL21$X:L11$S22US41US21$IEEE1$IW$USESV6$~STKCKD$USESV7$~SHL$OTIME$ROPI$IEEEJ$EBA8$UX$STANDARDLIB$REQ8$PRES8$EABIv2 0x00000000   Number         0  anon$$obj.o ABSOLUTE
    __ARM_use_no_argv                        0x00000000   Number         0  main.o ABSOLUTE
    _printf_flags                            0x00000000   Number         0  printf_stubs.o ABSOLUTE
    _printf_return_value                     0x00000000   Number         0  printf_stubs.o ABSOLUTE
    _printf_sizespec                         0x00000000   Number         0  printf_stubs.o ABSOLUTE
    _printf_widthprec                        0x00000000   Number         0  printf_stubs.o ABSOLUTE
    __ARM_exceptions_init                     - Undefined Weak Reference
    __alloca_initialize                       - Undefined Weak Reference
    __arm_preinit_                            - Undefined Weak Reference
    __cpp_initialize__aeabi_                  - Undefined Weak Reference
    __cxa_finalize                            - Undefined Weak Reference
    __sigvec_lookup                           - Undefined Weak Reference
    _atexit_init                              - Undefined Weak Reference
    _call_atexit_fns                          - Undefined Weak Reference
    _clock_init                               - Undefined Weak Reference
    _fp_trap_init                             - Undefined Weak Reference
    _fp_trap_shutdown                         - Undefined Weak Reference
    _get_lc_collate                           - Undefined Weak Reference
    _get_lc_monetary                          - Undefined Weak Reference
    _get_lc_time                              - Undefined Weak Reference
    _getenv_init                              - Undefined Weak Reference
    _handle_redirection                       - Undefined Weak Reference
    _init_alloc                               - Undefined Weak Reference
    _init_user_alloc                          - Undefined Weak Reference
    _initio                                   - Undefined Weak Reference
    _mutex_acquire                            - Undefined Weak Reference
    _mutex_release                            - Undefined Weak Reference
    _printf_mbtowc                            - Undefined Weak Reference
    _printf_wc                                - Undefined Weak Reference
    _rand_init                                - Undefined Weak Reference
    _signal_finish                            - Undefined Weak Reference
    _signal_init                              - Undefined Weak Reference
    _terminate_alloc                          - Undefined Weak Reference
    _terminate_user_alloc                     - Undefined Weak Reference
    _terminateio                              - Undefined Weak Reference
    __Vectors_Size                           0x00000188   Number         0  startup_stm32f40_41xxx.o ABSOLUTE
    __Vectors                                0x08000000   Data           4  startup_stm32f40_41xxx.o(RESET)
    __Vectors_End                            0x08000188   Data           0  startup_stm32f40_41xxx.o(RESET)
    __main                                   0x08000189   Thumb Code     8  __main.o(!!!main)
    __scatterload                            0x08000191   Thumb Code     0  __scatter.o(!!!scatter)
    __scatterload_rt2                        0x08000191   Thumb Code    44  __scatter.o(!!!scatter)
    __scatterload_rt2_thumb_only             0x08000191   Thumb Code     0  __scatter.o(!!!scatter)
    __scatterload_null                       0x0800019f   Thumb Code     0  __scatter.o(!!!scatter)
    __decompress                             0x080001c5   Thumb Code    90  __dczerorl2.o(!!dczerorl2)
    __decompress1                            0x080001c5   Thumb Code     0  __dczerorl2.o(!!dczerorl2)
    __scatterload_zeroinit                   0x08000221   Thumb Code    28  __scatter_zi.o(!!handler_zi)
    _printf_d                                0x0800023d   Thumb Code     0  _printf_d.o(.ARM.Collect$$_printf_percent$$00000009)
    _printf_percent                          0x0800023d   Thumb Code     0  _printf_percent.o(.ARM.Collect$$_printf_percent$$00000000)
    _printf_x                                0x08000243   Thumb Code     0  _printf_x.o(.ARM.Collect$$_printf_percent$$0000000C)
    _printf_c                                0x08000249   Thumb Code     0  _printf_c.o(.ARM.Collect$$_printf_percent$$00000013)
    _printf_s                                0x0800024f   Thumb Code     0  _printf_s.o(.ARM.Collect$$_printf_percent$$00000014)
    _printf_percent_end                      0x08000255   Thumb Code     0  _printf_percent_end.o(.ARM.Collect$$_printf_percent$$00000017)
    __rt_lib_init                            0x08000259   Thumb Code     0  libinit.o(.ARM.Collect$$libinit$$00000000)
    __rt_lib_init_fp_1                       0x0800025b   Thumb Code     0  libinit2.o(.ARM.Collect$$libinit$$00000001)
    __rt_lib_init_alloca_1                   0x0800025f   Thumb Code     0  libinit2.o(.ARM.Collect$$libinit$$0000002E)
    __rt_lib_init_argv_1                     0x0800025f   Thumb Code     0  libinit2.o(.ARM.Collect$$libinit$$0000002C)
    __rt_lib_init_atexit_1                   0x0800025f   Thumb Code     0  libinit2.o(.ARM.Collect$$libinit$$0000001B)
    __rt_lib_init_clock_1                    0x0800025f   Thumb Code     0  libinit2.o(.ARM.Collect$$libinit$$00000021)
    __rt_lib_init_cpp_1                      0x0800025f   Thumb Code     0  libinit2.o(.ARM.Collect$$libinit$$00000032)
    __rt_lib_init_exceptions_1               0x0800025f   Thumb Code     0  libinit2.o(.ARM.Collect$$libinit$$00000030)
    __rt_lib_init_fp_trap_1                  0x0800025f   Thumb Code     0  libinit2.o(.ARM.Collect$$libinit$$0000001F)
    __rt_lib_init_getenv_1                   0x0800025f   Thumb Code     0  libinit2.o(.ARM.Collect$$libinit$$00000023)
    __rt_lib_init_heap_1                     0x0800025f   Thumb Code     0  libinit2.o(.ARM.Collect$$libinit$$0000000A)
    __rt_lib_init_lc_collate_1               0x0800025f   Thumb Code     0  libinit2.o(.ARM.Collect$$libinit$$00000011)
    __rt_lib_init_lc_ctype_1                 0x0800025f   Thumb Code     0  libinit2.o(.ARM.Collect$$libinit$$00000013)
    __rt_lib_init_lc_monetary_1              0x0800025f   Thumb Code     0  libinit2.o(.ARM.Collect$$libinit$$00000015)
    __rt_lib_init_lc_numeric_1               0x0800025f   Thumb Code     0  libinit2.o(.ARM.Collect$$libinit$$00000017)
    __rt_lib_init_lc_time_1                  0x0800025f   Thumb Code     0  libinit2.o(.ARM.Collect$$libinit$$00000019)
    __rt_lib_init_preinit_1                  0x0800025f   Thumb Code     0  libinit2.o(.ARM.Collect$$libinit$$00000004)
    __rt_lib_init_rand_1                     0x0800025f   Thumb Code     0  libinit2.o(.ARM.Collect$$libinit$$0000000E)
    __rt_lib_init_return                     0x0800025f   Thumb Code     0  libinit2.o(.ARM.Collect$$libinit$$00000033)
    __rt_lib_init_signal_1                   0x0800025f   Thumb Code     0  libinit2.o(.ARM.Collect$$libinit$$0000001D)
    __rt_lib_init_stdio_1                    0x0800025f   Thumb Code     0  libinit2.o(.ARM.Collect$$libinit$$00000025)
    __rt_lib_init_user_alloc_1               0x0800025f   Thumb Code     0  libinit2.o(.ARM.Collect$$libinit$$0000000C)
    __rt_lib_shutdown                        0x08000261   Thumb Code     0  libshutdown.o(.ARM.Collect$$libshutdown$$00000000)
    __rt_lib_shutdown_cpp_1                  0x08000263   Thumb Code     0  libshutdown2.o(.ARM.Collect$$libshutdown$$00000002)
    __rt_lib_shutdown_fp_trap_1              0x08000263   Thumb Code     0  libshutdown2.o(.ARM.Collect$$libshutdown$$00000007)
    __rt_lib_shutdown_heap_1                 0x08000263   Thumb Code     0  libshutdown2.o(.ARM.Collect$$libshutdown$$0000000F)
    __rt_lib_shutdown_return                 0x08000263   Thumb Code     0  libshutdown2.o(.ARM.Collect$$libshutdown$$00000010)
    __rt_lib_shutdown_signal_1               0x08000263   Thumb Code     0  libshutdown2.o(.ARM.Collect$$libshutdown$$0000000A)
    __rt_lib_shutdown_stdio_1                0x08000263   Thumb Code     0  libshutdown2.o(.ARM.Collect$$libshutdown$$00000004)
    __rt_lib_shutdown_user_alloc_1           0x08000263   Thumb Code     0  libshutdown2.o(.ARM.Collect$$libshutdown$$0000000C)
    __rt_entry                               0x08000265   Thumb Code     0  __rtentry.o(.ARM.Collect$$rtentry$$00000000)
    __rt_entry_presh_1                       0x08000265   Thumb Code     0  __rtentry2.o(.ARM.Collect$$rtentry$$00000002)
    __rt_entry_sh                            0x08000265   Thumb Code     0  __rtentry4.o(.ARM.Collect$$rtentry$$00000004)
    __rt_entry_li                            0x0800026b   Thumb Code     0  __rtentry2.o(.ARM.Collect$$rtentry$$0000000A)
    __rt_entry_postsh_1                      0x0800026b   Thumb Code     0  __rtentry2.o(.ARM.Collect$$rtentry$$00000009)
    __rt_entry_main                          0x0800026f   Thumb Code     0  __rtentry2.o(.ARM.Collect$$rtentry$$0000000D)
    __rt_entry_postli_1                      0x0800026f   Thumb Code     0  __rtentry2.o(.ARM.Collect$$rtentry$$0000000C)
    __rt_exit                                0x08000277   Thumb Code     0  rtexit.o(.ARM.Collect$$rtexit$$00000000)
    __rt_exit_ls                             0x08000279   Thumb Code     0  rtexit2.o(.ARM.Collect$$rtexit$$00000003)
    __rt_exit_prels_1                        0x08000279   Thumb Code     0  rtexit2.o(.ARM.Collect$$rtexit$$00000002)
    __rt_exit_exit                           0x0800027d   Thumb Code     0  rtexit2.o(.ARM.Collect$$rtexit$$00000004)
    Reset_Handler                            0x08000285   Thumb Code     8  startup_stm32f40_41xxx.o(.text)
    NMI_Handler                              0x0800028d   Thumb Code     2  startup_stm32f40_41xxx.o(.text)
    HardFault_Handler                        0x0800028f   Thumb Code     2  startup_stm32f40_41xxx.o(.text)
    MemManage_Handler                        0x08000291   Thumb Code     2  startup_stm32f40_41xxx.o(.text)
    BusFault_Handler                         0x08000293   Thumb Code     2  startup_stm32f40_41xxx.o(.text)
    UsageFault_Handler                       0x08000295   Thumb Code     2  startup_stm32f40_41xxx.o(.text)
    SVC_Handler                              0x08000297   Thumb Code     2  startup_stm32f40_41xxx.o(.text)
    DebugMon_Handler                         0x08000299   Thumb Code     2  startup_stm32f40_41xxx.o(.text)
    PendSV_Handler                           0x0800029b   Thumb Code     2  startup_stm32f40_41xxx.o(.text)
    SysTick_Handler                          0x0800029d   Thumb Code     2  startup_stm32f40_41xxx.o(.text)
    ADC_IRQHandler                           0x0800029f   Thumb Code     0  startup_stm32f40_41xxx.o(.text)
    CAN1_RX0_IRQHandler                      0x0800029f   Thumb Code     0  startup_stm32f40_41xxx.o(.text)
    CAN1_RX1_IRQHandler                      0x0800029f   Thumb Code     0  startup_stm32f40_41xxx.o(.text)
    CAN1_SCE_IRQHandler                      0x0800029f   Thumb Code     0  startup_stm32f40_41xxx.o(.text)
    CAN1_TX_IRQHandler                       0x0800029f   Thumb Code     0  startup_stm32f40_41xxx.o(.text)
    CAN2_RX0_IRQHandler                      0x0800029f   Thumb Code     0  startup_stm32f40_41xxx.o(.text)
    CAN2_RX1_IRQHandler                      0x0800029f   Thumb Code     0  startup_stm32f40_41xxx.o(.text)
    CAN2_SCE_IRQHandler                      0x0800029f   Thumb Code     0  startup_stm32f40_41xxx.o(.text)
    CAN2_TX_IRQHandler                       0x0800029f   Thumb Code     0  startup_stm32f40_41xxx.o(.text)
    CRYP_IRQHandler                          0x0800029f   Thumb Code     0  startup_stm32f40_41xxx.o(.text)
    DCMI_IRQHandler                          0x0800029f   Thumb Code     0  startup_stm32f40_41xxx.o(.text)
    DMA1_Stream0_IRQHandler                  0x0800029f   Thumb Code     0  startup_stm32f40_41xxx.o(.text)
    DMA1_Stream1_IRQHandler                  0x0800029f   Thumb Code     0  startup_stm32f40_41xxx.o(.text)
    DMA1_Stream2_IRQHandler                  0x0800029f   Thumb Code     0  startup_stm32f40_41xxx.o(.text)
    DMA1_Stream3_IRQHandler                  0x0800029f   Thumb Code     0  startup_stm32f40_41xxx.o(.text)
    DMA1_Stream4_IRQHandler                  0x0800029f   Thumb Code     0  startup_stm32f40_41xxx.o(.text)
    DMA1_Stream5_IRQHandler                  0x0800029f   Thumb Code     0  startup_stm32f40_41xxx.o(.text)
    DMA1_Stream6_IRQHandler                  0x0800029f   Thumb Code     0  startup_stm32f40_41xxx.o(.text)
    DMA1_Stream7_IRQHandler                  0x0800029f   Thumb Code     0  startup_stm32f40_41xxx.o(.text)
    DMA2_Stream0_IRQHandler                  0x0800029f   Thumb Code     0  startup_stm32f40_41xxx.o(.text)
    DMA2_Stream1_IRQHandler                  0x0800029f   Thumb Code     0  startup_stm32f40_41xxx.o(.text)
    DMA2_Stream2_IRQHandler                  0x0800029f   Thumb Code     0  startup_stm32f40_41xxx.o(.text)
    DMA2_Stream3_IRQHandler                  0x0800029f   Thumb Code     0  startup_stm32f40_41xxx.o(.text)
    DMA2_Stream4_IRQHandler                  0x0800029f   Thumb Code     0  startup_stm32f40_41xxx.o(.text)
    DMA2_Stream5_IRQHandler                  0x0800029f   Thumb Code     0  startup_stm32f40_41xxx.o(.text)
    DMA2_Stream6_IRQHandler                  0x0800029f   Thumb Code     0  startup_stm32f40_41xxx.o(.text)
    DMA2_Stream7_IRQHandler                  0x0800029f   Thumb Code     0  startup_stm32f40_41xxx.o(.text)
    ETH_IRQHandler                           0x0800029f   Thumb Code     0  startup_stm32f40_41xxx.o(.text)
    ETH_WKUP_IRQHandler                      0x0800029f   Thumb Code     0  startup_stm32f40_41xxx.o(.text)
    EXTI15_10_IRQHandler                     0x0800029f   Thumb Code     0  startup_stm32f40_41xxx.o(.text)
    EXTI1_IRQHandler                         0x0800029f   Thumb Code     0  startup_stm32f40_41xxx.o(.text)
    EXTI2_IRQHandler                         0x0800029f   Thumb Code     0  startup_stm32f40_41xxx.o(.text)
    EXTI3_IRQHandler                         0x0800029f   Thumb Code     0  startup_stm32f40_41xxx.o(.text)
    EXTI4_IRQHandler                         0x0800029f   Thumb Code     0  startup_stm32f40_41xxx.o(.text)
    EXTI9_5_IRQHandler                       0x0800029f   Thumb Code     0  startup_stm32f40_41xxx.o(.text)
    FLASH_IRQHandler                         0x0800029f   Thumb Code     0  startup_stm32f40_41xxx.o(.text)
    FPU_IRQHandler                           0x0800029f   Thumb Code     0  startup_stm32f40_41xxx.o(.text)
    FSMC_IRQHandler                          0x0800029f   Thumb Code     0  startup_stm32f40_41xxx.o(.text)
    HASH_RNG_IRQHandler                      0x0800029f   Thumb Code     0  startup_stm32f40_41xxx.o(.text)
    I2C1_ER_IRQHandler                       0x0800029f   Thumb Code     0  startup_stm32f40_41xxx.o(.text)
    I2C1_EV_IRQHandler                       0x0800029f   Thumb Code     0  startup_stm32f40_41xxx.o(.text)
    I2C2_ER_IRQHandler                       0x0800029f   Thumb Code     0  startup_stm32f40_41xxx.o(.text)
    I2C2_EV_IRQHandler                       0x0800029f   Thumb Code     0  startup_stm32f40_41xxx.o(.text)
    I2C3_ER_IRQHandler                       0x0800029f   Thumb Code     0  startup_stm32f40_41xxx.o(.text)
    I2C3_EV_IRQHandler                       0x0800029f   Thumb Code     0  startup_stm32f40_41xxx.o(.text)
    OTG_FS_IRQHandler                        0x0800029f   Thumb Code     0  startup_stm32f40_41xxx.o(.text)
    OTG_FS_WKUP_IRQHandler                   0x0800029f   Thumb Code     0  startup_stm32f40_41xxx.o(.text)
    OTG_HS_EP1_IN_IRQHandler                 0x0800029f   Thumb Code     0  startup_stm32f40_41xxx.o(.text)
    OTG_HS_EP1_OUT_IRQHandler                0x0800029f   Thumb Code     0  startup_stm32f40_41xxx.o(.text)
    OTG_HS_IRQHandler                        0x0800029f   Thumb Code     0  startup_stm32f40_41xxx.o(.text)
    OTG_HS_WKUP_IRQHandler                   0x0800029f   Thumb Code     0  startup_stm32f40_41xxx.o(.text)
    PVD_IRQHandler                           0x0800029f   Thumb Code     0  startup_stm32f40_41xxx.o(.text)
    RCC_IRQHandler                           0x0800029f   Thumb Code     0  startup_stm32f40_41xxx.o(.text)
    RTC_Alarm_IRQHandler                     0x0800029f   Thumb Code     0  startup_stm32f40_41xxx.o(.text)
    RTC_WKUP_IRQHandler                      0x0800029f   Thumb Code     0  startup_stm32f40_41xxx.o(.text)
    SDIO_IRQHandler                          0x0800029f   Thumb Code     0  startup_stm32f40_41xxx.o(.text)
    SPI1_IRQHandler                          0x0800029f   Thumb Code     0  startup_stm32f40_41xxx.o(.text)
    SPI2_IRQHandler                          0x0800029f   Thumb Code     0  startup_stm32f40_41xxx.o(.text)
    SPI3_IRQHandler                          0x0800029f   Thumb Code     0  startup_stm32f40_41xxx.o(.text)
    TAMP_STAMP_IRQHandler                    0x0800029f   Thumb Code     0  startup_stm32f40_41xxx.o(.text)
    TIM1_BRK_TIM9_IRQHandler                 0x0800029f   Thumb Code     0  startup_stm32f40_41xxx.o(.text)
    TIM1_CC_IRQHandler                       0x0800029f   Thumb Code     0  startup_stm32f40_41xxx.o(.text)
    TIM1_TRG_COM_TIM11_IRQHandler            0x0800029f   Thumb Code     0  startup_stm32f40_41xxx.o(.text)
    TIM1_UP_TIM10_IRQHandler                 0x0800029f   Thumb Code     0  startup_stm32f40_41xxx.o(.text)
    TIM2_IRQHandler                          0x0800029f   Thumb Code     0  startup_stm32f40_41xxx.o(.text)
    TIM4_IRQHandler                          0x0800029f   Thumb Code     0  startup_stm32f40_41xxx.o(.text)
    TIM6_DAC_IRQHandler                      0x0800029f   Thumb Code     0  startup_stm32f40_41xxx.o(.text)
    TIM8_BRK_TIM12_IRQHandler                0x0800029f   Thumb Code     0  startup_stm32f40_41xxx.o(.text)
    TIM8_CC_IRQHandler                       0x0800029f   Thumb Code     0  startup_stm32f40_41xxx.o(.text)
    TIM8_TRG_COM_TIM14_IRQHandler            0x0800029f   Thumb Code     0  startup_stm32f40_41xxx.o(.text)
    TIM8_UP_TIM13_IRQHandler                 0x0800029f   Thumb Code     0  startup_stm32f40_41xxx.o(.text)
    UART4_IRQHandler                         0x0800029f   Thumb Code     0  startup_stm32f40_41xxx.o(.text)
    UART5_IRQHandler                         0x0800029f   Thumb Code     0  startup_stm32f40_41xxx.o(.text)
    USART6_IRQHandler                        0x0800029f   Thumb Code     0  startup_stm32f40_41xxx.o(.text)
    WWDG_IRQHandler                          0x0800029f   Thumb Code     0  startup_stm32f40_41xxx.o(.text)
    __user_initial_stackheap                 0x080002a1   Thumb Code     0  startup_stm32f40_41xxx.o(.text)
    __use_no_semihosting                     0x080002c5   Thumb Code     2  use_no_semi_2.o(.text)
    __2printf                                0x080002c9   Thumb Code    20  __2printf.o(.text)
    __2sprintf                               0x080002e1   Thumb Code    38  __2sprintf.o(.text)
    _printf_str                              0x0800030d   Thumb Code    82  _printf_str.o(.text)
    _printf_int_dec                          0x08000361   Thumb Code   104  _printf_dec.o(.text)
    _printf_longlong_hex                     0x080003d9   Thumb Code    86  _printf_hex_int_ll_ptr.o(.text)
    _printf_int_hex                          0x0800042f   Thumb Code    28  _printf_hex_int_ll_ptr.o(.text)
    _printf_ll_hex                           0x0800044b   Thumb Code    12  _printf_hex_int_ll_ptr.o(.text)
    _printf_hex_ptr                          0x08000457   Thumb Code    18  _printf_hex_int_ll_ptr.o(.text)
    __printf                                 0x0800046d   Thumb Code   388  __printf_flags_ss_wp.o(.text)
    strstr                                   0x080005f5   Thumb Code    36  strstr.o(.text)
    strcpy                                   0x08000619   Thumb Code    72  strcpy.o(.text)
    strlen                                   0x08000661   Thumb Code    62  strlen.o(.text)
    strncmp                                  0x0800069f   Thumb Code   150  strncmp.o(.text)
    __aeabi_memclr                           0x08000735   Thumb Code     0  rt_memclr.o(.text)
    __rt_memclr                              0x08000735   Thumb Code    68  rt_memclr.o(.text)
    _memset                                  0x08000739   Thumb Code     0  rt_memclr.o(.text)
    strcmp                                   0x08000779   Thumb Code   128  strcmpv7m.o(.text)
    __use_two_region_memory                  0x080007f9   Thumb Code     2  heapauxi.o(.text)
    __rt_heap_escrow$2region                 0x080007fb   Thumb Code     2  heapauxi.o(.text)
    __rt_heap_expand$2region                 0x080007fd   Thumb Code     2  heapauxi.o(.text)
    __I$use$semihosting                      0x080007ff   Thumb Code     0  use_no_semi.o(.text)
    __use_no_semihosting_swi                 0x080007ff   Thumb Code     2  use_no_semi.o(.text)
    _printf_int_common                       0x08000801   Thumb Code   178  _printf_intcommon.o(.text)
    _printf_char_common                      0x080008bf   Thumb Code    32  _printf_char_common.o(.text)
    _sputc                                   0x080008e5   Thumb Code    10  _sputc.o(.text)
    _printf_cs_common                        0x080008ef   Thumb Code    20  _printf_char.o(.text)
    _printf_char                             0x08000903   Thumb Code    16  _printf_char.o(.text)
    _printf_string                           0x08000913   Thumb Code     8  _printf_char.o(.text)
    _printf_char_file                        0x0800091d   Thumb Code    32  _printf_char_file.o(.text)
    __aeabi_memclr4                          0x08000941   Thumb Code     0  rt_memclr_w.o(.text)
    __aeabi_memclr8                          0x08000941   Thumb Code     0  rt_memclr_w.o(.text)
    __rt_memclr_w                            0x08000941   Thumb Code    78  rt_memclr_w.o(.text)
    _memset_w                                0x08000945   Thumb Code     0  rt_memclr_w.o(.text)
    ferror                                   0x0800098f   Thumb Code     8  ferror.o(.text)
    __user_setup_stackheap                   0x08000997   Thumb Code    74  sys_stackheap_outer.o(.text)
    exit                                     0x080009e1   Thumb Code    18  exit.o(.text)
    __user_libspace                          0x080009f5   Thumb Code     8  libspace.o(.text)
    __user_perproc_libspace                  0x080009f5   Thumb Code     0  libspace.o(.text)
    __user_perthread_libspace                0x080009f5   Thumb Code     0  libspace.o(.text)
    Alarm                                    0x080009fd   Thumb Code    74  main.o(i.Alarm)
    AntennaOn                                0x08000a65   Thumb Code    26  mfrc522.o(i.AntennaOn)
    Board_Key_Init                           0x08000a81   Thumb Code   160  keyboard.o(i.Board_Key_Init)
    Bowl_OFF                                 0x08000b29   Thumb Code    24  led.o(i.Bowl_OFF)
    Bowl_ON                                  0x08000b49   Thumb Code    24  led.o(i.Bowl_ON)
    CalulateCRC                              0x08000b69   Thumb Code   118  mfrc522.o(i.CalulateCRC)
    ClearBitMask                             0x08000bdf   Thumb Code    28  mfrc522.o(i.ClearBitMask)
    CloseDoor                                0x08000bfd   Thumb Code    28  main.o(i.CloseDoor)
    Delay1_us                                0x08000c29   Thumb Code    30  mfrc522.o(i.Delay1_us)
    EXTI0_IRQHandler                         0x08000c49   Thumb Code   108  keyboard.o(i.EXTI0_IRQHandler)
    EXTI_ClearITPendingBit                   0x08000cc5   Thumb Code     6  stm32f4xx_exti.o(i.EXTI_ClearITPendingBit)
    EXTI_GetITStatus                         0x08000cd1   Thumb Code    20  stm32f4xx_exti.o(i.EXTI_GetITStatus)
    EXTI_Init                                0x08000ce9   Thumb Code   142  stm32f4xx_exti.o(i.EXTI_Init)
    EnsureMessage                            0x08000d7d   Thumb Code   140  as608.o(i.EnsureMessage)
    GPIO_Init                                0x080010ed   Thumb Code   144  stm32f4xx_gpio.o(i.GPIO_Init)
    GPIO_PinAFConfig                         0x0800117d   Thumb Code    70  stm32f4xx_gpio.o(i.GPIO_PinAFConfig)
    GPIO_ReadInputDataBit                    0x080011c3   Thumb Code    18  stm32f4xx_gpio.o(i.GPIO_ReadInputDataBit)
    GPIO_ResetBits                           0x080011d5   Thumb Code     4  stm32f4xx_gpio.o(i.GPIO_ResetBits)
    GPIO_SetBits                             0x080011d9   Thumb Code     4  stm32f4xx_gpio.o(i.GPIO_SetBits)
    I2C_Configuration                        0x080011dd   Thumb Code   122  oled_i2c.o(i.I2C_Configuration)
    I2C_WriteByte                            0x08001271   Thumb Code   102  oled_i2c.o(i.I2C_WriteByte)
    Init_BLE                                 0x080012e9   Thumb Code   166  ble.o(i.Init_BLE)
    Init_Beep                                0x08001399   Thumb Code    56  beep.o(i.Init_Beep)
    Init_Delay                               0x080013d9   Thumb Code    12  delay.o(i.Init_Delay)
    Init_ESP_Usart                           0x080013e5   Thumb Code   166  communication.o(i.Init_ESP_Usart)
    Init_LED                                 0x08001495   Thumb Code    94  led.o(i.Init_LED)
    KEY_Fun                                  0x08001595   Thumb Code   100  keyboard.o(i.KEY_Fun)
    KEY_Scan                                 0x080015f9   Thumb Code   574  keyboard.o(i.KEY_Scan)
    KEY_work                                 0x08001849   Thumb Code    64  keyboard.o(i.KEY_work)
    Key_Init                                 0x0800188d   Thumb Code   208  keyboard.o(i.Key_Init)
    MFRC522Read                              0x0800196d   Thumb Code   192  main.o(i.MFRC522Read)
    MFRC522_Anticoll                         0x08001b45   Thumb Code    98  mfrc522.o(i.MFRC522_Anticoll)
    MFRC522_Auth                             0x08001ba7   Thumb Code   110  mfrc522.o(i.MFRC522_Auth)
    MFRC522_Initializtion                    0x08001c15   Thumb Code    68  mfrc522.o(i.MFRC522_Initializtion)
    MFRC522_Read                             0x08001c59   Thumb Code    56  mfrc522.o(i.MFRC522_Read)
    MFRC522_Request                          0x08001c91   Thumb Code    50  mfrc522.o(i.MFRC522_Request)
    MFRC522_Reset                            0x08001cc5   Thumb Code    60  mfrc522.o(i.MFRC522_Reset)
    MFRC522_SelectTag                        0x08001d05   Thumb Code   118  mfrc522.o(i.MFRC522_SelectTag)
    MFRC522_ToCard                           0x08001d7b   Thumb Code   314  mfrc522.o(i.MFRC522_ToCard)
    NVIC_Init                                0x08001ed1   Thumb Code   106  misc.o(i.NVIC_Init)
    NVIC_PriorityGroupConfig                 0x08001f49   Thumb Code    10  misc.o(i.NVIC_PriorityGroupConfig)
    OLED_CLS                                 0x08001f5d   Thumb Code    10  oled_i2c.o(i.OLED_CLS)
    OLED_Fill                                0x08001f67   Thumb Code    58  oled_i2c.o(i.OLED_Fill)
    OLED_Iic_Recv_Ack                        0x08001fa1   Thumb Code    68  oled_i2c.o(i.OLED_Iic_Recv_Ack)
    OLED_Iic_Sda_Mode                        0x08001fed   Thumb Code    42  oled_i2c.o(i.OLED_Iic_Sda_Mode)
    OLED_Iic_Send_Byte                       0x0800201d   Thumb Code    86  oled_i2c.o(i.OLED_Iic_Send_Byte)
    OLED_Iic_Start                           0x0800207d   Thumb Code    50  oled_i2c.o(i.OLED_Iic_Start)
    OLED_Iic_Stop                            0x080020b9   Thumb Code    48  oled_i2c.o(i.OLED_Iic_Stop)
    OLED_Init                                0x080020f1   Thumb Code   178  oled_i2c.o(i.OLED_Init)
    OLED_SetPos                              0x080021a3   Thumb Code    40  oled_i2c.o(i.OLED_SetPos)
    OLED_ShowCN                              0x080021cd   Thumb Code    80  oled_i2c.o(i.OLED_ShowCN)
    OLED_ShowStr                             0x08002221   Thumb Code   228  oled_i2c.o(i.OLED_ShowStr)
    OpenDoor                                 0x0800230d   Thumb Code    28  main.o(i.OpenDoor)
    PS_GenChar                               0x08002339   Thumb Code    70  as608.o(i.PS_GenChar)
    PS_GetImage                              0x0800237f   Thumb Code    58  as608.o(i.PS_GetImage)
    PS_HandShake                             0x080023b9   Thumb Code   118  as608.o(i.PS_HandShake)
    PS_HighSpeedSearch                       0x08002439   Thumb Code   144  as608.o(i.PS_HighSpeedSearch)
    PS_ReadSysPara                           0x080024c9   Thumb Code   170  as608.o(i.PS_ReadSysPara)
    PS_StaGPIO_Init                          0x080025dd   Thumb Code    42  as608.o(i.PS_StaGPIO_Init)
    PS_ValidTempleteNum                      0x0800260d   Thumb Code   108  as608.o(i.PS_ValidTempleteNum)
    RCC_AHB1PeriphClockCmd                   0x08002699   Thumb Code    26  stm32f4xx_rcc.o(i.RCC_AHB1PeriphClockCmd)
    RCC_APB1PeriphClockCmd                   0x080026b9   Thumb Code    26  stm32f4xx_rcc.o(i.RCC_APB1PeriphClockCmd)
    RCC_APB2PeriphClockCmd                   0x080026d9   Thumb Code    26  stm32f4xx_rcc.o(i.RCC_APB2PeriphClockCmd)
    RCC_GetClocksFreq                        0x080026f9   Thumb Code   214  stm32f4xx_rcc.o(i.RCC_GetClocksFreq)
    Read_MFRC522                             0x080027e1   Thumb Code    42  mfrc522.o(i.Read_MFRC522)
    SPI3_Receive                             0x08002815   Thumb Code    78  mfrc522.o(i.SPI3_Receive)
    SPI3_Send                                0x08002871   Thumb Code    76  mfrc522.o(i.SPI3_Send)
    STM32_SPI3_Init                          0x080028c9   Thumb Code   144  mfrc522.o(i.STM32_SPI3_Init)
    SYSCFG_EXTILineConfig                    0x08002969   Thumb Code    60  stm32f4xx_syscfg.o(i.SYSCFG_EXTILineConfig)
    SetBitMask                               0x08002a2b   Thumb Code    28  mfrc522.o(i.SetBitMask)
    ShakeHand                                0x08002b35   Thumb Code   180  main.o(i.ShakeHand)
    ShowCNStr                                0x08002cc9   Thumb Code    52  main.o(i.ShowCNStr)
    SysTick_CLKSourceConfig                  0x08002cfd   Thumb Code    40  misc.o(i.SysTick_CLKSourceConfig)
    SystemInit                               0x08002d25   Thumb Code    88  system_stm32f4xx.o(i.SystemInit)
    TIM3_IRQHandler                          0x08002d8d   Thumb Code    36  main.o(i.TIM3_IRQHandler)
    TIM3_Init                                0x08002db9   Thumb Code    88  timer.o(i.TIM3_Init)
    TIM4_LockControl_Init                    0x08002e15   Thumb Code   206  timer.o(i.TIM4_LockControl_Init)
    TIM5_IRQHandler                          0x08002eed   Thumb Code   214  timer.o(i.TIM5_IRQHandler)
    TIM7_IRQHandler                          0x08002fd1   Thumb Code    52  timer.o(i.TIM7_IRQHandler)
    TIM7_Int_Init                            0x0800300d   Thumb Code    98  timer.o(i.TIM7_Int_Init)
    TIM_ClearITPendingBit                    0x08003079   Thumb Code     6  stm32f4xx_tim.o(i.TIM_ClearITPendingBit)
    TIM_Cmd                                  0x0800307f   Thumb Code    24  stm32f4xx_tim.o(i.TIM_Cmd)
    TIM_GetITStatus                          0x08003097   Thumb Code    34  stm32f4xx_tim.o(i.TIM_GetITStatus)
    TIM_ITConfig                             0x080030b9   Thumb Code    18  stm32f4xx_tim.o(i.TIM_ITConfig)
    TIM_OC3Init                              0x080030cd   Thumb Code   150  stm32f4xx_tim.o(i.TIM_OC3Init)
    TIM_OC3PreloadConfig                     0x0800316d   Thumb Code    18  stm32f4xx_tim.o(i.TIM_OC3PreloadConfig)
    TIM_SetCompare3                          0x0800317f   Thumb Code     4  stm32f4xx_tim.o(i.TIM_SetCompare3)
    TIM_TimeBaseInit                         0x08003185   Thumb Code   104  stm32f4xx_tim.o(i.TIM_TimeBaseInit)
    USART1_IRQHandler                        0x08003209   Thumb Code   116  communication.o(i.USART1_IRQHandler)
    USART2_IRQHandler                        0x08003289   Thumb Code    96  usart2.o(i.USART2_IRQHandler)
    USART3_IRQHandler                        0x080032f9   Thumb Code   124  test.o(i.USART3_IRQHandler)
    USART_Cmd                                0x08003385   Thumb Code    24  stm32f4xx_usart.o(i.USART_Cmd)
    USART_GetFlagStatus                      0x0800339d   Thumb Code    26  stm32f4xx_usart.o(i.USART_GetFlagStatus)
    USART_ITConfig                           0x080033b7   Thumb Code    74  stm32f4xx_usart.o(i.USART_ITConfig)
    USART_Init                               0x08003401   Thumb Code   204  stm32f4xx_usart.o(i.USART_Init)
    USART_SendData                           0x080034d5   Thumb Code     8  stm32f4xx_usart.o(i.USART_SendData)
    WriteCmd                                 0x080034dd   Thumb Code    14  oled_i2c.o(i.WriteCmd)
    WriteDat                                 0x080034eb   Thumb Code    14  oled_i2c.o(i.WriteDat)
    Write_MFRC522                            0x080034f9   Thumb Code    38  mfrc522.o(i.Write_MFRC522)
    _is_digit                                0x08003529   Thumb Code    14  __printf_wp.o(i._is_digit)
    _sys_exit                                0x08003537   Thumb Code     6  communication.o(i._sys_exit)
    create_packet                            0x0800353d   Thumb Code   152  communication.o(i.create_packet)
    delay_ms                                 0x08003605   Thumb Code    70  delay.o(i.delay_ms)
    delay_s                                  0x0800364b   Thumb Code    32  delay.o(i.delay_s)
    delay_us                                 0x0800366b   Thumb Code    72  delay.o(i.delay_us)
    fputc                                    0x080036b5   Thumb Code    54  communication.o(i.fputc)
    main                                     0x080036f5   Thumb Code   858  main.o(i.main)
    menu                                     0x08003b75   Thumb Code    44  main.o(i.menu)
    press_FR                                 0x08003be9   Thumb Code   154  main.o(i.press_FR)
    send_packet                              0x08003cf1   Thumb Code    76  communication.o(i.send_packet)
    usart2_init                              0x08003d59   Thumb Code   196  usart2.o(i.usart2_init)
    _fp_init                                 0x08003e2d   Thumb Code    10  fpinit.o(x$fpl$fpinit)
    __fplib_config_fpu_vfp                   0x08003e35   Thumb Code     0  fpinit.o(x$fpl$fpinit)
    __fplib_config_pureend_doubles           0x08003e35   Thumb Code     0  fpinit.o(x$fpl$fpinit)
    F6x8                                     0x08003e36   Data         552  oled_i2c.o(.constdata)
    F8X16                                    0x0800405e   Data        1520  oled_i2c.o(.constdata)
    Region$$Table$$Base                      0x080046e0   Number         0  anon$$obj.o(Region$$Table)
    Region$$Table$$Limit                     0x08004700   Number         0  anon$$obj.o(Region$$Table)
    __stdout                                 0x20000000   Data           4  communication.o(.data)
    ensure                                   0x20000006   Data           1  main.o(.data)
    ValidN                                   0x20000008   Data           2  main.o(.data)
    PR                                       0x2000000a   Data           1  main.o(.data)
    password1                                0x2000000b   Data           7  main.o(.data)
    password2                                0x20000012   Data           7  main.o(.data)
    card_pydebuf                             0x2000001a   Data           2  main.o(.data)
    card_numberbuf                           0x2000001c   Data           5  main.o(.data)
    card_key0Abuf                            0x20000021   Data           6  main.o(.data)
    F16x16                                   0x20000027   Data         928  oled_i2c.o(.data)
    BMP1                                     0x200003c7   Data        1024  oled_i2c.o(.data)
    USART2_RX_STA                            0x200007c8   Data           2  usart2.o(.data)
    TIM5CH1_CAPTURE_STA                      0x200007cc   Data           1  timer.o(.data)
    TIM5CH1_CAPTURE_VAL                      0x200007d0   Data           4  timer.o(.data)
    AS608Addr                                0x200007d4   Data           4  as608.o(.data)
    BLE_RX_FLAG                              0x200007e0   Data           4  test.o(.data)
    message                                  0x200008f8   Data         128  main.o(.bss)
    AS608Para                                0x20000978   Data          12  main.o(.bss)
    mfrc552pidbuf                            0x20000984   Data          18  main.o(.bss)
    card_readbuf                             0x20000996   Data          16  main.o(.bss)
    USART2_RX_BUF                            0x200009a6   Data         800  usart2.o(.bss)
    USART2_TX_BUF                            0x20000cc6   Data         800  usart2.o(.bss)
    __libspace_start                         0x200010e8   Data          96  libspace.o(.bss)
    __temporary_stack_top$libspace           0x20001148   Data           0  libspace.o(.bss)



==============================================================================

Memory Map of the image

  Image Entry point : 0x08000189

  Load Region LR_IROM1 (Base: 0x08000000, Size: 0x00004ef8, Max: 0x00080000, ABSOLUTE, COMPRESSED[0x00004b0c])

    Execution Region ER_IROM1 (Exec base: 0x08000000, Load base: 0x08000000, Size: 0x00004700, Max: 0x00080000, ABSOLUTE)

    Exec Addr    Load Addr    Size         Type   Attr      Idx    E Section Name        Object

    0x08000000   0x08000000   0x00000188   Data   RO         2746    RESET               startup_stm32f40_41xxx.o
    0x08000188   0x08000188   0x00000008   Code   RO         2872  * !!!main             c_w.l(__main.o)
    0x08000190   0x08000190   0x00000034   Code   RO         3147    !!!scatter          c_w.l(__scatter.o)
    0x080001c4   0x080001c4   0x0000005a   Code   RO         3145    !!dczerorl2         c_w.l(__dczerorl2.o)
    0x0800021e   0x0800021e   0x00000002   PAD
    0x08000220   0x08000220   0x0000001c   Code   RO         3149    !!handler_zi        c_w.l(__scatter_zi.o)
    0x0800023c   0x0800023c   0x00000000   Code   RO         2857    .ARM.Collect$$_printf_percent$$00000000  c_w.l(_printf_percent.o)
    0x0800023c   0x0800023c   0x00000006   Code   RO         2856    .ARM.Collect$$_printf_percent$$00000009  c_w.l(_printf_d.o)
    0x08000242   0x08000242   0x00000006   Code   RO         2855    .ARM.Collect$$_printf_percent$$0000000C  c_w.l(_printf_x.o)
    0x08000248   0x08000248   0x00000006   Code   RO         2853    .ARM.Collect$$_printf_percent$$00000013  c_w.l(_printf_c.o)
    0x0800024e   0x0800024e   0x00000006   Code   RO         2854    .ARM.Collect$$_printf_percent$$00000014  c_w.l(_printf_s.o)
    0x08000254   0x08000254   0x00000004   Code   RO         2913    .ARM.Collect$$_printf_percent$$00000017  c_w.l(_printf_percent_end.o)
    0x08000258   0x08000258   0x00000002   Code   RO         3011    .ARM.Collect$$libinit$$00000000  c_w.l(libinit.o)
    0x0800025a   0x0800025a   0x00000004   Code   RO         3025    .ARM.Collect$$libinit$$00000001  c_w.l(libinit2.o)
    0x0800025e   0x0800025e   0x00000000   Code   RO         3028    .ARM.Collect$$libinit$$00000004  c_w.l(libinit2.o)
    0x0800025e   0x0800025e   0x00000000   Code   RO         3031    .ARM.Collect$$libinit$$0000000A  c_w.l(libinit2.o)
    0x0800025e   0x0800025e   0x00000000   Code   RO         3033    .ARM.Collect$$libinit$$0000000C  c_w.l(libinit2.o)
    0x0800025e   0x0800025e   0x00000000   Code   RO         3035    .ARM.Collect$$libinit$$0000000E  c_w.l(libinit2.o)
    0x0800025e   0x0800025e   0x00000000   Code   RO         3038    .ARM.Collect$$libinit$$00000011  c_w.l(libinit2.o)
    0x0800025e   0x0800025e   0x00000000   Code   RO         3040    .ARM.Collect$$libinit$$00000013  c_w.l(libinit2.o)
    0x0800025e   0x0800025e   0x00000000   Code   RO         3042    .ARM.Collect$$libinit$$00000015  c_w.l(libinit2.o)
    0x0800025e   0x0800025e   0x00000000   Code   RO         3044    .ARM.Collect$$libinit$$00000017  c_w.l(libinit2.o)
    0x0800025e   0x0800025e   0x00000000   Code   RO         3046    .ARM.Collect$$libinit$$00000019  c_w.l(libinit2.o)
    0x0800025e   0x0800025e   0x00000000   Code   RO         3048    .ARM.Collect$$libinit$$0000001B  c_w.l(libinit2.o)
    0x0800025e   0x0800025e   0x00000000   Code   RO         3050    .ARM.Collect$$libinit$$0000001D  c_w.l(libinit2.o)
    0x0800025e   0x0800025e   0x00000000   Code   RO         3052    .ARM.Collect$$libinit$$0000001F  c_w.l(libinit2.o)
    0x0800025e   0x0800025e   0x00000000   Code   RO         3054    .ARM.Collect$$libinit$$00000021  c_w.l(libinit2.o)
    0x0800025e   0x0800025e   0x00000000   Code   RO         3056    .ARM.Collect$$libinit$$00000023  c_w.l(libinit2.o)
    0x0800025e   0x0800025e   0x00000000   Code   RO         3058    .ARM.Collect$$libinit$$00000025  c_w.l(libinit2.o)
    0x0800025e   0x0800025e   0x00000000   Code   RO         3062    .ARM.Collect$$libinit$$0000002C  c_w.l(libinit2.o)
    0x0800025e   0x0800025e   0x00000000   Code   RO         3064    .ARM.Collect$$libinit$$0000002E  c_w.l(libinit2.o)
    0x0800025e   0x0800025e   0x00000000   Code   RO         3066    .ARM.Collect$$libinit$$00000030  c_w.l(libinit2.o)
    0x0800025e   0x0800025e   0x00000000   Code   RO         3068    .ARM.Collect$$libinit$$00000032  c_w.l(libinit2.o)
    0x0800025e   0x0800025e   0x00000002   Code   RO         3069    .ARM.Collect$$libinit$$00000033  c_w.l(libinit2.o)
    0x08000260   0x08000260   0x00000002   Code   RO         3087    .ARM.Collect$$libshutdown$$00000000  c_w.l(libshutdown.o)
    0x08000262   0x08000262   0x00000000   Code   RO         3097    .ARM.Collect$$libshutdown$$00000002  c_w.l(libshutdown2.o)
    0x08000262   0x08000262   0x00000000   Code   RO         3099    .ARM.Collect$$libshutdown$$00000004  c_w.l(libshutdown2.o)
    0x08000262   0x08000262   0x00000000   Code   RO         3102    .ARM.Collect$$libshutdown$$00000007  c_w.l(libshutdown2.o)
    0x08000262   0x08000262   0x00000000   Code   RO         3105    .ARM.Collect$$libshutdown$$0000000A  c_w.l(libshutdown2.o)
    0x08000262   0x08000262   0x00000000   Code   RO         3107    .ARM.Collect$$libshutdown$$0000000C  c_w.l(libshutdown2.o)
    0x08000262   0x08000262   0x00000000   Code   RO         3110    .ARM.Collect$$libshutdown$$0000000F  c_w.l(libshutdown2.o)
    0x08000262   0x08000262   0x00000002   Code   RO         3111    .ARM.Collect$$libshutdown$$00000010  c_w.l(libshutdown2.o)
    0x08000264   0x08000264   0x00000000   Code   RO         2876    .ARM.Collect$$rtentry$$00000000  c_w.l(__rtentry.o)
    0x08000264   0x08000264   0x00000000   Code   RO         2934    .ARM.Collect$$rtentry$$00000002  c_w.l(__rtentry2.o)
    0x08000264   0x08000264   0x00000006   Code   RO         2946    .ARM.Collect$$rtentry$$00000004  c_w.l(__rtentry4.o)
    0x0800026a   0x0800026a   0x00000000   Code   RO         2936    .ARM.Collect$$rtentry$$00000009  c_w.l(__rtentry2.o)
    0x0800026a   0x0800026a   0x00000004   Code   RO         2937    .ARM.Collect$$rtentry$$0000000A  c_w.l(__rtentry2.o)
    0x0800026e   0x0800026e   0x00000000   Code   RO         2939    .ARM.Collect$$rtentry$$0000000C  c_w.l(__rtentry2.o)
    0x0800026e   0x0800026e   0x00000008   Code   RO         2940    .ARM.Collect$$rtentry$$0000000D  c_w.l(__rtentry2.o)
    0x08000276   0x08000276   0x00000002   Code   RO         3020    .ARM.Collect$$rtexit$$00000000  c_w.l(rtexit.o)
    0x08000278   0x08000278   0x00000000   Code   RO         3071    .ARM.Collect$$rtexit$$00000002  c_w.l(rtexit2.o)
    0x08000278   0x08000278   0x00000004   Code   RO         3072    .ARM.Collect$$rtexit$$00000003  c_w.l(rtexit2.o)
    0x0800027c   0x0800027c   0x00000006   Code   RO         3073    .ARM.Collect$$rtexit$$00000004  c_w.l(rtexit2.o)
    0x08000282   0x08000282   0x00000002   PAD
    0x08000284   0x08000284   0x00000040   Code   RO         2747    .text               startup_stm32f40_41xxx.o
    0x080002c4   0x080002c4   0x00000002   Code   RO         2794    .text               c_w.l(use_no_semi_2.o)
    0x080002c6   0x080002c6   0x00000002   PAD
    0x080002c8   0x080002c8   0x00000018   Code   RO         2798    .text               c_w.l(__2printf.o)
    0x080002e0   0x080002e0   0x0000002c   Code   RO         2800    .text               c_w.l(__2sprintf.o)
    0x0800030c   0x0800030c   0x00000052   Code   RO         2808    .text               c_w.l(_printf_str.o)
    0x0800035e   0x0800035e   0x00000002   PAD
    0x08000360   0x08000360   0x00000078   Code   RO         2810    .text               c_w.l(_printf_dec.o)
    0x080003d8   0x080003d8   0x00000094   Code   RO         2830    .text               c_w.l(_printf_hex_int_ll_ptr.o)
    0x0800046c   0x0800046c   0x00000188   Code   RO         2850    .text               c_w.l(__printf_flags_ss_wp.o)
    0x080005f4   0x080005f4   0x00000024   Code   RO         2858    .text               c_w.l(strstr.o)
    0x08000618   0x08000618   0x00000048   Code   RO         2860    .text               c_w.l(strcpy.o)
    0x08000660   0x08000660   0x0000003e   Code   RO         2862    .text               c_w.l(strlen.o)
    0x0800069e   0x0800069e   0x00000096   Code   RO         2864    .text               c_w.l(strncmp.o)
    0x08000734   0x08000734   0x00000044   Code   RO         2866    .text               c_w.l(rt_memclr.o)
    0x08000778   0x08000778   0x00000080   Code   RO         2868    .text               c_w.l(strcmpv7m.o)
    0x080007f8   0x080007f8   0x00000006   Code   RO         2870    .text               c_w.l(heapauxi.o)
    0x080007fe   0x080007fe   0x00000002   Code   RO         2874    .text               c_w.l(use_no_semi.o)
    0x08000800   0x08000800   0x000000b2   Code   RO         2881    .text               c_w.l(_printf_intcommon.o)
    0x080008b2   0x080008b2   0x00000002   PAD
    0x080008b4   0x080008b4   0x00000030   Code   RO         2885    .text               c_w.l(_printf_char_common.o)
    0x080008e4   0x080008e4   0x0000000a   Code   RO         2887    .text               c_w.l(_sputc.o)
    0x080008ee   0x080008ee   0x0000002c   Code   RO         2889    .text               c_w.l(_printf_char.o)
    0x0800091a   0x0800091a   0x00000002   PAD
    0x0800091c   0x0800091c   0x00000024   Code   RO         2891    .text               c_w.l(_printf_char_file.o)
    0x08000940   0x08000940   0x0000004e   Code   RO         2923    .text               c_w.l(rt_memclr_w.o)
    0x0800098e   0x0800098e   0x00000008   Code   RO         2959    .text               c_w.l(ferror.o)
    0x08000996   0x08000996   0x0000004a   Code   RO         2965    .text               c_w.l(sys_stackheap_outer.o)
    0x080009e0   0x080009e0   0x00000012   Code   RO         3004    .text               c_w.l(exit.o)
    0x080009f2   0x080009f2   0x00000002   PAD
    0x080009f4   0x080009f4   0x00000008   Code   RO         3017    .text               c_w.l(libspace.o)
    0x080009fc   0x080009fc   0x00000068   Code   RO          140    i.Alarm             main.o
    0x08000a64   0x08000a64   0x0000001a   Code   RO          781    i.AntennaOn         mfrc522.o
    0x08000a7e   0x08000a7e   0x00000002   PAD
    0x08000a80   0x08000a80   0x000000a8   Code   RO          578    i.Board_Key_Init    keyboard.o
    0x08000b28   0x08000b28   0x00000020   Code   RO          386    i.Bowl_OFF          led.o
    0x08000b48   0x08000b48   0x00000020   Code   RO          387    i.Bowl_ON           led.o
    0x08000b68   0x08000b68   0x00000076   Code   RO          782    i.CalulateCRC       mfrc522.o
    0x08000bde   0x08000bde   0x0000001c   Code   RO          783    i.ClearBitMask      mfrc522.o
    0x08000bfa   0x08000bfa   0x00000002   PAD
    0x08000bfc   0x08000bfc   0x0000002c   Code   RO          141    i.CloseDoor         main.o
    0x08000c28   0x08000c28   0x0000001e   Code   RO          784    i.Delay1_us         mfrc522.o
    0x08000c46   0x08000c46   0x00000002   PAD
    0x08000c48   0x08000c48   0x0000007c   Code   RO          579    i.EXTI0_IRQHandler  keyboard.o
    0x08000cc4   0x08000cc4   0x0000000c   Code   RO         1316    i.EXTI_ClearITPendingBit  stm32f4xx_exti.o
    0x08000cd0   0x08000cd0   0x00000018   Code   RO         1320    i.EXTI_GetITStatus  stm32f4xx_exti.o
    0x08000ce8   0x08000ce8   0x00000094   Code   RO         1321    i.EXTI_Init         stm32f4xx_exti.o
    0x08000d7c   0x08000d7c   0x00000370   Code   RO          930    i.EnsureMessage     as608.o
    0x080010ec   0x080010ec   0x00000090   Code   RO         1382    i.GPIO_Init         stm32f4xx_gpio.o
    0x0800117c   0x0800117c   0x00000046   Code   RO         1383    i.GPIO_PinAFConfig  stm32f4xx_gpio.o
    0x080011c2   0x080011c2   0x00000012   Code   RO         1386    i.GPIO_ReadInputDataBit  stm32f4xx_gpio.o
    0x080011d4   0x080011d4   0x00000004   Code   RO         1389    i.GPIO_ResetBits    stm32f4xx_gpio.o
    0x080011d8   0x080011d8   0x00000004   Code   RO         1390    i.GPIO_SetBits      stm32f4xx_gpio.o
    0x080011dc   0x080011dc   0x00000094   Code   RO          429    i.I2C_Configuration  oled_i2c.o
    0x08001270   0x08001270   0x00000078   Code   RO          430    i.I2C_WriteByte     oled_i2c.o
    0x080012e8   0x080012e8   0x000000b0   Code   RO          331    i.Init_BLE          ble.o
    0x08001398   0x08001398   0x00000040   Code   RO          359    i.Init_Beep         beep.o
    0x080013d8   0x080013d8   0x0000000c   Code   RO         1141    i.Init_Delay        delay.o
    0x080013e4   0x080013e4   0x000000b0   Code   RO            4    i.Init_ESP_Usart    communication.o
    0x08001494   0x08001494   0x00000078   Code   RO          388    i.Init_LED          led.o
    0x0800150c   0x0800150c   0x00000088   Code   RO          931    i.JudgeStr          as608.o
    0x08001594   0x08001594   0x00000064   Code   RO          581    i.KEY_Fun           keyboard.o
    0x080015f8   0x080015f8   0x00000250   Code   RO          582    i.KEY_Scan          keyboard.o
    0x08001848   0x08001848   0x00000044   Code   RO          583    i.KEY_work          keyboard.o
    0x0800188c   0x0800188c   0x000000e0   Code   RO          584    i.Key_Init          keyboard.o
    0x0800196c   0x0800196c   0x000001d8   Code   RO          142    i.MFRC522Read       main.o
    0x08001b44   0x08001b44   0x00000062   Code   RO          785    i.MFRC522_Anticoll  mfrc522.o
    0x08001ba6   0x08001ba6   0x0000006e   Code   RO          786    i.MFRC522_Auth      mfrc522.o
    0x08001c14   0x08001c14   0x00000044   Code   RO          788    i.MFRC522_Initializtion  mfrc522.o
    0x08001c58   0x08001c58   0x00000038   Code   RO          789    i.MFRC522_Read      mfrc522.o
    0x08001c90   0x08001c90   0x00000032   Code   RO          790    i.MFRC522_Request   mfrc522.o
    0x08001cc2   0x08001cc2   0x00000002   PAD
    0x08001cc4   0x08001cc4   0x00000040   Code   RO          791    i.MFRC522_Reset     mfrc522.o
    0x08001d04   0x08001d04   0x00000076   Code   RO          792    i.MFRC522_SelectTag  mfrc522.o
    0x08001d7a   0x08001d7a   0x0000013a   Code   RO          793    i.MFRC522_ToCard    mfrc522.o
    0x08001eb4   0x08001eb4   0x0000001c   Code   RO          932    i.MYUSART_SendData  as608.o
    0x08001ed0   0x08001ed0   0x00000078   Code   RO         1267    i.NVIC_Init         misc.o
    0x08001f48   0x08001f48   0x00000014   Code   RO         1268    i.NVIC_PriorityGroupConfig  misc.o
    0x08001f5c   0x08001f5c   0x0000000a   Code   RO          431    i.OLED_CLS          oled_i2c.o
    0x08001f66   0x08001f66   0x0000003a   Code   RO          433    i.OLED_Fill         oled_i2c.o
    0x08001fa0   0x08001fa0   0x0000004c   Code   RO          434    i.OLED_Iic_Recv_Ack  oled_i2c.o
    0x08001fec   0x08001fec   0x00000030   Code   RO          436    i.OLED_Iic_Sda_Mode  oled_i2c.o
    0x0800201c   0x0800201c   0x00000060   Code   RO          438    i.OLED_Iic_Send_Byte  oled_i2c.o
    0x0800207c   0x0800207c   0x0000003c   Code   RO          439    i.OLED_Iic_Start    oled_i2c.o
    0x080020b8   0x080020b8   0x00000038   Code   RO          440    i.OLED_Iic_Stop     oled_i2c.o
    0x080020f0   0x080020f0   0x000000b2   Code   RO          441    i.OLED_Init         oled_i2c.o
    0x080021a2   0x080021a2   0x00000028   Code   RO          444    i.OLED_SetPos       oled_i2c.o
    0x080021ca   0x080021ca   0x00000002   PAD
    0x080021cc   0x080021cc   0x00000054   Code   RO          445    i.OLED_ShowCN       oled_i2c.o
    0x08002220   0x08002220   0x000000ec   Code   RO          446    i.OLED_ShowStr      oled_i2c.o
    0x0800230c   0x0800230c   0x0000002c   Code   RO          143    i.OpenDoor          main.o
    0x08002338   0x08002338   0x00000046   Code   RO          935    i.PS_GenChar        as608.o
    0x0800237e   0x0800237e   0x0000003a   Code   RO          936    i.PS_GetImage       as608.o
    0x080023b8   0x080023b8   0x00000080   Code   RO          937    i.PS_HandShake      as608.o
    0x08002438   0x08002438   0x00000090   Code   RO          938    i.PS_HighSpeedSearch  as608.o
    0x080024c8   0x080024c8   0x00000114   Code   RO          941    i.PS_ReadSysPara    as608.o
    0x080025dc   0x080025dc   0x00000030   Code   RO          945    i.PS_StaGPIO_Init   as608.o
    0x0800260c   0x0800260c   0x0000008c   Code   RO          947    i.PS_ValidTempleteNum  as608.o
    0x08002698   0x08002698   0x00000020   Code   RO         1597    i.RCC_AHB1PeriphClockCmd  stm32f4xx_rcc.o
    0x080026b8   0x080026b8   0x00000020   Code   RO         1606    i.RCC_APB1PeriphClockCmd  stm32f4xx_rcc.o
    0x080026d8   0x080026d8   0x00000020   Code   RO         1609    i.RCC_APB2PeriphClockCmd  stm32f4xx_rcc.o
    0x080026f8   0x080026f8   0x000000e8   Code   RO         1618    i.RCC_GetClocksFreq  stm32f4xx_rcc.o
    0x080027e0   0x080027e0   0x00000034   Code   RO          795    i.Read_MFRC522      mfrc522.o
    0x08002814   0x08002814   0x0000005c   Code   RO          796    i.SPI3_Receive      mfrc522.o
    0x08002870   0x08002870   0x00000058   Code   RO          797    i.SPI3_Send         mfrc522.o
    0x080028c8   0x080028c8   0x000000a0   Code   RO          798    i.STM32_SPI3_Init   mfrc522.o
    0x08002968   0x08002968   0x00000040   Code   RO         1932    i.SYSCFG_EXTILineConfig  stm32f4xx_syscfg.o
    0x080029a8   0x080029a8   0x00000034   Code   RO          950    i.SendAddr          as608.o
    0x080029dc   0x080029dc   0x00000012   Code   RO          951    i.SendCheck         as608.o
    0x080029ee   0x080029ee   0x0000000c   Code   RO          952    i.SendFlag          as608.o
    0x080029fa   0x080029fa   0x00000010   Code   RO          953    i.SendHead          as608.o
    0x08002a0a   0x08002a0a   0x00000014   Code   RO          954    i.SendLength        as608.o
    0x08002a1e   0x08002a1e   0x0000000c   Code   RO          955    i.Sendcmd           as608.o
    0x08002a2a   0x08002a2a   0x0000001c   Code   RO          799    i.SetBitMask        mfrc522.o
    0x08002a46   0x08002a46   0x00000002   PAD
    0x08002a48   0x08002a48   0x000000ec   Code   RO         2754    i.SetSysClock       system_stm32f4xx.o
    0x08002b34   0x08002b34   0x00000194   Code   RO          144    i.ShakeHand         main.o
    0x08002cc8   0x08002cc8   0x00000034   Code   RO          145    i.ShowCNStr         main.o
    0x08002cfc   0x08002cfc   0x00000028   Code   RO         1271    i.SysTick_CLKSourceConfig  misc.o
    0x08002d24   0x08002d24   0x00000068   Code   RO         2756    i.SystemInit        system_stm32f4xx.o
    0x08002d8c   0x08002d8c   0x0000002c   Code   RO          146    i.TIM3_IRQHandler   main.o
    0x08002db8   0x08002db8   0x0000005c   Code   RO          704    i.TIM3_Init         timer.o
    0x08002e14   0x08002e14   0x000000d8   Code   RO          705    i.TIM4_LockControl_Init  timer.o
    0x08002eec   0x08002eec   0x000000e4   Code   RO          707    i.TIM5_IRQHandler   timer.o
    0x08002fd0   0x08002fd0   0x0000003c   Code   RO          708    i.TIM7_IRQHandler   timer.o
    0x0800300c   0x0800300c   0x0000006c   Code   RO          709    i.TIM7_Int_Init     timer.o
    0x08003078   0x08003078   0x00000006   Code   RO         2000    i.TIM_ClearITPendingBit  stm32f4xx_tim.o
    0x0800307e   0x0800307e   0x00000018   Code   RO         2005    i.TIM_Cmd           stm32f4xx_tim.o
    0x08003096   0x08003096   0x00000022   Code   RO         2026    i.TIM_GetITStatus   stm32f4xx_tim.o
    0x080030b8   0x080030b8   0x00000012   Code   RO         2030    i.TIM_ITConfig      stm32f4xx_tim.o
    0x080030ca   0x080030ca   0x00000002   PAD
    0x080030cc   0x080030cc   0x000000a0   Code   RO         2044    i.TIM_OC3Init       stm32f4xx_tim.o
    0x0800316c   0x0800316c   0x00000012   Code   RO         2047    i.TIM_OC3PreloadConfig  stm32f4xx_tim.o
    0x0800317e   0x0800317e   0x00000004   Code   RO         2069    i.TIM_SetCompare3   stm32f4xx_tim.o
    0x08003182   0x08003182   0x00000002   PAD
    0x08003184   0x08003184   0x00000084   Code   RO         2077    i.TIM_TimeBaseInit  stm32f4xx_tim.o
    0x08003208   0x08003208   0x00000080   Code   RO            5    i.USART1_IRQHandler  communication.o
    0x08003288   0x08003288   0x00000070   Code   RO          650    i.USART2_IRQHandler  usart2.o
    0x080032f8   0x080032f8   0x0000008c   Code   RO         1193    i.USART3_IRQHandler  test.o
    0x08003384   0x08003384   0x00000018   Code   RO         2559    i.USART_Cmd         stm32f4xx_usart.o
    0x0800339c   0x0800339c   0x0000001a   Code   RO         2562    i.USART_GetFlagStatus  stm32f4xx_usart.o
    0x080033b6   0x080033b6   0x0000004a   Code   RO         2565    i.USART_ITConfig    stm32f4xx_usart.o
    0x08003400   0x08003400   0x000000d4   Code   RO         2566    i.USART_Init        stm32f4xx_usart.o
    0x080034d4   0x080034d4   0x00000008   Code   RO         2576    i.USART_SendData    stm32f4xx_usart.o
    0x080034dc   0x080034dc   0x0000000e   Code   RO          447    i.WriteCmd          oled_i2c.o
    0x080034ea   0x080034ea   0x0000000e   Code   RO          448    i.WriteDat          oled_i2c.o
    0x080034f8   0x080034f8   0x00000030   Code   RO          800    i.Write_MFRC522     mfrc522.o
    0x08003528   0x08003528   0x0000000e   Code   RO         2843    i._is_digit         c_w.l(__printf_wp.o)
    0x08003536   0x08003536   0x00000006   Code   RO            6    i._sys_exit         communication.o
    0x0800353c   0x0800353c   0x000000c8   Code   RO            7    i.create_packet     communication.o
    0x08003604   0x08003604   0x00000046   Code   RO         1142    i.delay_ms          delay.o
    0x0800364a   0x0800364a   0x00000020   Code   RO         1143    i.delay_s           delay.o
    0x0800366a   0x0800366a   0x00000048   Code   RO         1144    i.delay_us          delay.o
    0x080036b2   0x080036b2   0x00000002   PAD
    0x080036b4   0x080036b4   0x00000040   Code   RO            8    i.fputc             communication.o
    0x080036f4   0x080036f4   0x00000480   Code   RO          147    i.main              main.o
    0x08003b74   0x08003b74   0x00000074   Code   RO          148    i.menu              main.o
    0x08003be8   0x08003be8   0x00000108   Code   RO          149    i.press_FR          main.o
    0x08003cf0   0x08003cf0   0x00000068   Code   RO            9    i.send_packet       communication.o
    0x08003d58   0x08003d58   0x000000d4   Code   RO          652    i.usart2_init       usart2.o
    0x08003e2c   0x08003e2c   0x0000000a   Code   RO         3079    x$fpl$fpinit        fz_wm.l(fpinit.o)
    0x08003e36   0x08003e36   0x00000818   Data   RO          449    .constdata          oled_i2c.o
    0x0800464e   0x0800464e   0x00000028   Data   RO         2831    .constdata          c_w.l(_printf_hex_int_ll_ptr.o)
    0x08004676   0x08004676   0x00000011   Data   RO         2851    .constdata          c_w.l(__printf_flags_ss_wp.o)
    0x08004687   0x08004687   0x00000001   PAD
    0x08004688   0x08004688   0x00000055   Data   RO          956    .conststring        as608.o
    0x080046dd   0x080046dd   0x00000003   PAD
    0x080046e0   0x080046e0   0x00000020   Data   RO         3143    Region$$Table       anon$$obj.o


    Execution Region RW_IRAM2 (Exec base: 0x10000000, Load base: 0x08004b0c, Size: 0x00000000, Max: 0x00010000, ABSOLUTE)

    **** No section assigned to this execution region ****


    Execution Region RW_IRAM1 (Exec base: 0x20000000, Load base: 0x08004700, Size: 0x00001748, Max: 0x00020000, ABSOLUTE, COMPRESSED[0x0000040c])

    Exec Addr    Load Addr    Size         Type   Attr      Idx    E Section Name        Object

    0x20000000   COMPRESSED   0x00000006   Data   RW           11    .data               communication.o
    0x20000006   COMPRESSED   0x00000021   Data   RW          151    .data               main.o
    0x20000027   COMPRESSED   0x000007a0   Data   RW          450    .data               oled_i2c.o
    0x200007c7   COMPRESSED   0x00000001   PAD
    0x200007c8   COMPRESSED   0x00000002   Data   RW          654    .data               usart2.o
    0x200007ca   COMPRESSED   0x00000002   PAD
    0x200007cc   COMPRESSED   0x00000008   Data   RW          711    .data               timer.o
    0x200007d4   COMPRESSED   0x00000004   Data   RW          957    .data               as608.o
    0x200007d8   COMPRESSED   0x0000000e   Data   RW         1195    .data               test.o
    0x200007e6   COMPRESSED   0x00000010   Data   RW         1649    .data               stm32f4xx_rcc.o
    0x200007f6   COMPRESSED   0x00000002   PAD
    0x200007f8        -       0x00000100   Zero   RW           10    .bss                communication.o
    0x200008f8        -       0x000000ae   Zero   RW          150    .bss                main.o
    0x200009a6        -       0x00000640   Zero   RW          653    .bss                usart2.o
    0x20000fe6        -       0x00000100   Zero   RW         1194    .bss                test.o
    0x200010e6   COMPRESSED   0x00000002   PAD
    0x200010e8        -       0x00000060   Zero   RW         3018    .bss                c_w.l(libspace.o)
    0x20001148        -       0x00000200   Zero   RW         2745    HEAP                startup_stm32f40_41xxx.o
    0x20001348        -       0x00000400   Zero   RW         2744    STACK               startup_stm32f40_41xxx.o


==============================================================================

Image component sizes


      Code (inc. data)   RO Data    RW Data    ZI Data      Debug   Object Name

      2038        954         85          4          0      10592   as608.o
        64          8          0          0          0        520   beep.o
       176         10          0          0          0        663   ble.o
       678        114          0          6        256     308637   communication.o
       186          0          0          0          0       2113   delay.o
      1276         80          0          0          0       4087   keyboard.o
       184         42          0          0          0       1592   led.o
      2696       1050          0         33        174       9662   main.o
      1548         66          0          0          0      12326   mfrc522.o
       180         24          0          0          0       2681   misc.o
      1238         98       2072       1952          0       9671   oled_i2c.o
        64         26        392          0       1536        864   startup_stm32f40_41xxx.o
       184         16          0          0          0       2704   stm32f4xx_exti.o
       240          0          0          0          0       4335   stm32f4xx_gpio.o
       328         36          0         16          0       5339   stm32f4xx_rcc.o
        64          4          0          0          0        752   stm32f4xx_syscfg.o
       396         38          0          0          0       6685   stm32f4xx_tim.o
       344          8          0          0          0       4937   stm32f4xx_usart.o
       340         32          0          0          0       1789   system_stm32f4xx.o
       140         16          0         14        256       1831   test.o
       704         46          0          8          0       3342   timer.o
       324         32          0          2       1600       2054   usart2.o

    ----------------------------------------------------------------------
     13410       2700       2584       2040       3824     397176   Object Totals
         0          0         32          0          0          0   (incl. Generated)
        18          0          3          5          2          0   (incl. Padding)

    ----------------------------------------------------------------------

      Code (inc. data)   RO Data    RW Data    ZI Data      Debug   Library Member Name

        24          4          0          0          0         84   __2printf.o
        44          6          0          0          0         84   __2sprintf.o
        90          0          0          0          0          0   __dczerorl2.o
         8          0          0          0          0         68   __main.o
       392          4         17          0          0         92   __printf_flags_ss_wp.o
        14          0          0          0          0         68   __printf_wp.o
         0          0          0          0          0          0   __rtentry.o
        12          0          0          0          0          0   __rtentry2.o
         6          0          0          0          0          0   __rtentry4.o
        52          8          0          0          0          0   __scatter.o
        28          0          0          0          0          0   __scatter_zi.o
         6          0          0          0          0          0   _printf_c.o
        44          0          0          0          0        108   _printf_char.o
        48          6          0          0          0         96   _printf_char_common.o
        36          4          0          0          0         80   _printf_char_file.o
         6          0          0          0          0          0   _printf_d.o
       120         16          0          0          0         92   _printf_dec.o
       148          4         40          0          0        160   _printf_hex_int_ll_ptr.o
       178          0          0          0          0         88   _printf_intcommon.o
         0          0          0          0          0          0   _printf_percent.o
         4          0          0          0          0          0   _printf_percent_end.o
         6          0          0          0          0          0   _printf_s.o
        82          0          0          0          0         80   _printf_str.o
         6          0          0          0          0          0   _printf_x.o
        10          0          0          0          0         68   _sputc.o
        18          0          0          0          0         80   exit.o
         8          0          0          0          0         68   ferror.o
         6          0          0          0          0        152   heapauxi.o
         2          0          0          0          0          0   libinit.o
         6          0          0          0          0          0   libinit2.o
         2          0          0          0          0          0   libshutdown.o
         2          0          0          0          0          0   libshutdown2.o
         8          4          0          0         96         68   libspace.o
        68          0          0          0          0         68   rt_memclr.o
        78          0          0          0          0         80   rt_memclr_w.o
         2          0          0          0          0          0   rtexit.o
        10          0          0          0          0          0   rtexit2.o
       128          0          0          0          0         68   strcmpv7m.o
        72          0          0          0          0         80   strcpy.o
        62          0          0          0          0         76   strlen.o
       150          0          0          0          0         80   strncmp.o
        36          0          0          0          0         80   strstr.o
        74          0          0          0          0         80   sys_stackheap_outer.o
         2          0          0          0          0         68   use_no_semi.o
         2          0          0          0          0         68   use_no_semi_2.o
        10          0          0          0          0        116   fpinit.o

    ----------------------------------------------------------------------
      2124         56         58          0         96       2400   Library Totals
        14          0          1          0          0          0   (incl. Padding)

    ----------------------------------------------------------------------

      Code (inc. data)   RO Data    RW Data    ZI Data      Debug   Library Name

      2100         56         57          0         96       2284   c_w.l
        10          0          0          0          0        116   fz_wm.l

    ----------------------------------------------------------------------
      2124         56         58          0         96       2400   Library Totals

    ----------------------------------------------------------------------

==============================================================================


      Code (inc. data)   RO Data    RW Data    ZI Data      Debug   

     15534       2756       2642       2040       3920     386880   Grand Totals
     15534       2756       2642       1036       3920     386880   ELF Image Totals (compressed)
     15534       2756       2642       1036          0          0   ROM Totals

==============================================================================

    Total RO  Size (Code + RO Data)                18176 (  17.75kB)
    Total RW  Size (RW Data + ZI Data)              5960 (   5.82kB)
    Total ROM Size (Code + RO Data + RW Data)      19212 (  18.76kB)

==============================================================================

