Component: ARM Compiler 5.06 update 6 (build 750) Tool: armlink [4d35ed]

==============================================================================

Section Cross References

    communication.o(.rev16_text) refers (Special) to use_no_semi_2.o(.text) for __use_no_semihosting
    communication.o(.revsh_text) refers (Special) to use_no_semi_2.o(.text) for __use_no_semihosting
    communication.o(.rrx_text) refers (Special) to use_no_semi_2.o(.text) for __use_no_semihosting
    communication.o(i.Init_ESP_Usart) refers (Special) to use_no_semi_2.o(.text) for __use_no_semihosting
    communication.o(i.Init_ESP_Usart) refers to stm32f4xx_rcc.o(i.RCC_APB2PeriphClockCmd) for RCC_APB2PeriphClockCmd
    communication.o(i.Init_ESP_Usart) refers to stm32f4xx_rcc.o(i.RCC_AHB1PeriphClockCmd) for RCC_AHB1PeriphClockCmd
    communication.o(i.Init_ESP_Usart) refers to stm32f4xx_gpio.o(i.GPIO_PinAFConfig) for GPIO_PinAFConfig
    communication.o(i.Init_ESP_Usart) refers to stm32f4xx_gpio.o(i.GPIO_Init) for GPIO_Init
    communication.o(i.Init_ESP_Usart) refers to stm32f4xx_usart.o(i.USART_Init) for USART_Init
    communication.o(i.Init_ESP_Usart) refers to misc.o(i.NVIC_Init) for NVIC_Init
    communication.o(i.Init_ESP_Usart) refers to stm32f4xx_usart.o(i.USART_ITConfig) for USART_ITConfig
    communication.o(i.Init_ESP_Usart) refers to stm32f4xx_usart.o(i.USART_Cmd) for USART_Cmd
    communication.o(i.USART1_IRQHandler) refers (Special) to use_no_semi_2.o(.text) for __use_no_semihosting
    communication.o(i.USART1_IRQHandler) refers to communication.o(.data) for USART_RX_STA
    communication.o(i.USART1_IRQHandler) refers to communication.o(.bss) for USART_RX_BUF
    communication.o(i._sys_exit) refers (Special) to use_no_semi_2.o(.text) for __use_no_semihosting
    communication.o(i.create_packet) refers (Special) to use_no_semi_2.o(.text) for __use_no_semihosting
    communication.o(i.create_packet) refers to _printf_percent.o(.ARM.Collect$$_printf_percent$$00000000) for _printf_percent
    communication.o(i.create_packet) refers to _printf_d.o(.ARM.Collect$$_printf_percent$$00000009) for _printf_d
    communication.o(i.create_packet) refers to _printf_dec.o(.text) for _printf_int_dec
    communication.o(i.create_packet) refers to rt_memclr.o(.text) for __aeabi_memclr
    communication.o(i.create_packet) refers to strcpy.o(.text) for strcpy
    communication.o(i.create_packet) refers to __2sprintf.o(.text) for __2sprintf
    communication.o(i.fputc) refers (Special) to use_no_semi_2.o(.text) for __use_no_semihosting
    communication.o(i.fputc) refers to stm32f4xx_usart.o(i.USART_SendData) for USART_SendData
    communication.o(i.fputc) refers to stm32f4xx_usart.o(i.USART_GetFlagStatus) for USART_GetFlagStatus
    communication.o(i.send_packet) refers (Special) to use_no_semi_2.o(.text) for __use_no_semihosting
    communication.o(i.send_packet) refers to _printf_percent.o(.ARM.Collect$$_printf_percent$$00000000) for _printf_percent
    communication.o(i.send_packet) refers to _printf_s.o(.ARM.Collect$$_printf_percent$$00000014) for _printf_s
    communication.o(i.send_packet) refers to _printf_str.o(.text) for _printf_str
    communication.o(i.send_packet) refers to _printf_x.o(.ARM.Collect$$_printf_percent$$0000000C) for _printf_x
    communication.o(i.send_packet) refers to _printf_hex_int_ll_ptr.o(.text) for _printf_longlong_hex
    communication.o(i.send_packet) refers to __2printf.o(.text) for __2printf
    communication.o(i.send_packet) refers to strcmpv7m.o(.text) for strcmp
    communication.o(.bss) refers (Special) to use_no_semi_2.o(.text) for __use_no_semihosting
    communication.o(.data) refers (Special) to use_no_semi_2.o(.text) for __use_no_semihosting
    main.o(i.Alarm) refers to delay.o(i.delay_ms) for delay_ms
    main.o(i.CloseDoor) refers to stm32f4xx_tim.o(i.TIM_SetCompare3) for TIM_SetCompare3
    main.o(i.CloseDoor) refers to communication.o(i.create_packet) for create_packet
    main.o(i.CloseDoor) refers to communication.o(i.send_packet) for send_packet
    main.o(i.CloseDoor) refers to main.o(.bss) for message
    main.o(i.MFRC522Read) refers to mfrc522.o(i.MFRC522_Request) for MFRC522_Request
    main.o(i.MFRC522Read) refers to delay.o(i.delay_ms) for delay_ms
    main.o(i.MFRC522Read) refers to __2printf.o(.text) for __2printf
    main.o(i.MFRC522Read) refers to mfrc522.o(i.MFRC522_Anticoll) for MFRC522_Anticoll
    main.o(i.MFRC522Read) refers to mfrc522.o(i.MFRC522_SelectTag) for MFRC522_SelectTag
    main.o(i.MFRC522Read) refers to mfrc522.o(i.MFRC522_Auth) for MFRC522_Auth
    main.o(i.MFRC522Read) refers to mfrc522.o(i.MFRC522_Read) for MFRC522_Read
    main.o(i.MFRC522Read) refers to main.o(.data) for card_pydebuf
    main.o(i.MFRC522Read) refers to main.o(.bss) for card_readbuf
    main.o(i.OpenDoor) refers to stm32f4xx_tim.o(i.TIM_SetCompare3) for TIM_SetCompare3
[...]
    C:\\Users\\zengj\\AppData\\Local\\Arm\\Packs\\Keil\\STM32F4xx_DFP\\1.0.8\\Device\\StdPeriph_Driver\\src\\stm32f4xx_rcc.c 0x00000000   Number         0  stm32f4xx_rcc.o ABSOLUTE
    C:\\Users\\zengj\\AppData\\Local\\Arm\\Packs\\Keil\\STM32F4xx_DFP\\1.0.8\\Device\\StdPeriph_Driver\\src\\stm32f4xx_tim.c 0x00000000   Number         0  stm32f4xx_tim.o ABSOLUTE
    C:\\Users\\zengj\\AppData\\Local\\Arm\\Packs\\Keil\\STM32F4xx_DFP\\1.0.8\\Device\\StdPeriph_Driver\\src\\stm32f4xx_usart.c 0x00000000   Number         0  stm32f4xx_usart.o ABSOLUTE
    CODE\AS608\as608.c                       0x00000000   Number         0  as608.o ABSOLUTE
    CODE\AS608\usart2.c                      0x00000000   Number         0  usart2.o ABSOLUTE
    CODE\BLE\ble.c                           0x00000000   Number         0  ble.o ABSOLUTE
    CODE\Esp8266\Communication.c             0x00000000   Number         0  communication.o ABSOLUTE
    CODE\Hardware\MFRC522.c                  0x00000000   Number         0  mfrc522.o ABSOLUTE
    CODE\Hardware\OLED_I2C.c                 0x00000000   Number         0  oled_i2c.o ABSOLUTE
    CODE\Hardware\beep.c                     0x00000000   Number         0  beep.o ABSOLUTE
    CODE\Hardware\delay.c                    0x00000000   Number         0  delay.o ABSOLUTE
    CODE\Hardware\keyboard.c                 0x00000000   Number         0  keyboard.o ABSOLUTE
    CODE\Hardware\led.c                      0x00000000   Number         0  led.o ABSOLUTE
    CODE\Hardware\timer.c                    0x00000000   Number         0  timer.o ABSOLUTE
    CODE\\AS608\\as608.c                     0x00000000   Number         0  as608.o ABSOLUTE
    CODE\\AS608\\usart2.c                    0x00000000   Number         0  usart2.o ABSOLUTE
    CODE\\BLE\\ble.c                         0x00000000   Number         0  ble.o ABSOLUTE
    CODE\\Esp8266\\Communication.c           0x00000000   Number         0  communication.o ABSOLUTE
    CODE\\Hardware\\MFRC522.c                0x00000000   Number         0  mfrc522.o ABSOLUTE
    CODE\\Hardware\\OLED_I2C.c               0x00000000   Number         0  oled_i2c.o ABSOLUTE
    CODE\\Hardware\\beep.c                   0x00000000   Number         0  beep.o ABSOLUTE
    CODE\\Hardware\\delay.c                  0x00000000   Number         0  delay.o ABSOLUTE
    CODE\\Hardware\\keyboard.c               0x00000000   Number         0  keyboard.o ABSOLUTE
    CODE\\Hardware\\led.c                    0x00000000   Number         0  led.o ABSOLUTE
    CODE\\Hardware\\timer.c                  0x00000000   Number         0  timer.o ABSOLUTE
    CODE\\\262\342\312\324\265\245\324\252\\Test.c 0x00000000   Number         0  test.o ABSOLUTE
    CODE\\main.c                             0x00000000   Number         0  main.o ABSOLUTE
    CODE\main.c                              0x00000000   Number         0  main.o ABSOLUTE
    CODE\²âÊÔµ¥Ôª\Test.c                     0x00000000   Number         0  test.o ABSOLUTE
    RTE\Device\STM32F407ZE\startup_stm32f40_41xxx.s 0x00000000   Number         0  startup_stm32f40_41xxx.o ABSOLUTE
    RTE\Device\STM32F407ZE\system_stm32f4xx.c 0x00000000   Number         0  system_stm32f4xx.o ABSOLUTE
    RTE\\Device\\STM32F407ZE\\system_stm32f4xx.c 0x00000000   Number         0  system_stm32f4xx.o ABSOLUTE
    dc.s                                     0x00000000   Number         0  dc.o ABSOLUTE
    RESET                                    0x08000000   Section      392  startup_stm32f40_41xxx.o(RESET)
    !!!main                                  0x08000188   Section        8  __main.o(!!!main)
    !!!scatter                               0x08000190   Section       52  __scatter.o(!!!scatter)
    !!dczerorl2                              0x080001c4   Section       90  __dczerorl2.o(!!dczerorl2)
    !!handler_zi                             0x08000220   Section       28  __scatter_zi.o(!!handler_zi)
    .ARM.Collect$$_printf_percent$$00000000  0x0800023c   Section        0  _printf_percent.o(.ARM.Collect$$_printf_percent$$00000000)
    .ARM.Collect$$_printf_percent$$00000009  0x0800023c   Section        6  _printf_d.o(.ARM.Collect$$_printf_percent$$00000009)
    .ARM.Collect$$_printf_percent$$0000000C  0x08000242   Section        6  _printf_x.o(.ARM.Collect$$_printf_percent$$0000000C)
    .ARM.Collect$$_printf_percent$$00000014  0x08000248   Section        6  _printf_s.o(.ARM.Collect$$_printf_percent$$00000014)
    .ARM.Collect$$_printf_percent$$00000017  0x0800024e   Section        4  _printf_percent_end.o(.ARM.Collect$$_printf_percent$$00000017)
    .ARM.Collect$$libinit$$00000000          0x08000252   Section        2  libinit.o(.ARM.Collect$$libinit$$00000000)
    .ARM.Collect$$libinit$$00000001          0x08000254   Section        4  libinit2.o(.ARM.Collect$$libinit$$00000001)
    .ARM.Collect$$libinit$$00000004          0x08000258   Section        0  libinit2.o(.ARM.Collect$$libinit$$00000004)
    .ARM.Collect$$libinit$$0000000A          0x08000258   Section        0  libinit2.o(.ARM.Collect$$libinit$$0000000A)
    .ARM.Collect$$libinit$$0000000C          0x08000258   Section        0  libinit2.o(.ARM.Collect$$libinit$$0000000C)
    .ARM.Collect$$libinit$$0000000E          0x08000258   Section        0  libinit2.o(.ARM.Collect$$libinit$$0000000E)
    .ARM.Collect$$libinit$$00000011          0x08000258   Section        0  libinit2.o(.ARM.Collect$$libinit$$00000011)
    .ARM.Collect$$libinit$$00000013          0x08000258   Section        0  libinit2.o(.ARM.Collect$$libinit$$00000013)
    .ARM.Collect$$libinit$$00000015          0x08000258   Section        0  libinit2.o(.ARM.Collect$$libinit$$00000015)
    .ARM.Collect$$libinit$$00000017          0x08000258   Section        0  libinit2.o(.ARM.Collect$$libinit$$00000017)
    .ARM.Collect$$libinit$$00000019          0x08000258   Section        0  libinit2.o(.ARM.Collect$$libinit$$00000019)
    .ARM.Collect$$libinit$$0000001B          0x08000258   Section        0  libinit2.o(.ARM.Collect$$libinit$$0000001B)
    .ARM.Collect$$libinit$$0000001D          0x08000258   Section        0  libinit2.o(.ARM.Collect$$libinit$$0000001D)
    .ARM.Collect$$libinit$$0000001F          0x08000258   Section        0  libinit2.o(.ARM.Collect$$libinit$$0000001F)
    .ARM.Collect$$libinit$$00000021          0x08000258   Section        0  libinit2.o(.ARM.Collect$$libinit$$00000021)
    .ARM.Collect$$libinit$$00000023          0x08000258   Section        0  libinit2.o(.ARM.Collect$$libinit$$00000023)
    .ARM.Collect$$libinit$$00000025          0x08000258   Section        0  libinit2.o(.ARM.Collect$$libinit$$00000025)
    .ARM.Collect$$libinit$$0000002C          0x08000258   Section        0  libinit2.o(.ARM.Collect$$libinit$$0000002C)
    .ARM.Collect$$libinit$$0000002E          0x08000258   Section        0  libinit2.o(.ARM.Collect$$libinit$$0000002E)
    .ARM.Collect$$libinit$$00000030          0x08000258   Section        0  libinit2.o(.ARM.Collect$$libinit$$00000030)
    .ARM.Collect$$libinit$$00000032          0x08000258   Section        0  libinit2.o(.ARM.Collect$$libinit$$00000032)
    .ARM.Collect$$libinit$$00000033          0x08000258   Section        2  libinit2.o(.ARM.Collect$$libinit$$00000033)
    .ARM.Collect$$libshutdown$$00000000      0x0800025a   Section        2  libshutdown.o(.ARM.Collect$$libshutdown$$00000000)
    .ARM.Collect$$libshutdown$$00000002      0x0800025c   Section        0  libshutdown2.o(.ARM.Collect$$libshutdown$$00000002)
    .ARM.Collect$$libshutdown$$00000004      0x0800025c   Section        0  libshutdown2.o(.ARM.Collect$$libshutdown$$00000004)
    .ARM.Collect$$libshutdown$$00000007      0x0800025c   Section        0  libshutdown2.o(.ARM.Collect$$libshutdown$$00000007)
    .ARM.Collect$$libshutdown$$0000000A      0x0800025c   Section        0  libshutdown2.o(.ARM.Collect$$libshutdown$$0000000A)
    .ARM.Collect$$libshutdown$$0000000C      0x0800025c   Section        0  libshutdown2.o(.ARM.Collect$$libshutdown$$0000000C)
    .ARM.Collect$$libshutdown$$0000000F      0x0800025c   Section        0  libshutdown2.o(.ARM.Collect$$libshutdown$$0000000F)
    .ARM.Collect$$libshutdown$$00000010      0x0800025c   Section        2  libshutdown2.o(.ARM.Collect$$libshutdown$$00000010)
    .ARM.Collect$$rtentry$$00000000          0x0800025e   Section        0  __rtentry.o(.ARM.Collect$$rtentry$$00000000)
    .ARM.Collect$$rtentry$$00000002          0x0800025e   Section        0  __rtentry2.o(.ARM.Collect$$rtentry$$00000002)
    .ARM.Collect$$rtentry$$00000004          0x0800025e   Section        6  __rtentry4.o(.ARM.Collect$$rtentry$$00000004)
    .ARM.Collect$$rtentry$$00000009          0x08000264   Section        0  __rtentry2.o(.ARM.Collect$$rtentry$$00000009)
    .ARM.Collect$$rtentry$$0000000A          0x08000264   Section        4  __rtentry2.o(.ARM.Collect$$rtentry$$0000000A)
    .ARM.Collect$$rtentry$$0000000C          0x08000268   Section        0  __rtentry2.o(.ARM.Collect$$rtentry$$0000000C)
    .ARM.Collect$$rtentry$$0000000D          0x08000268   Section        8  __rtentry2.o(.ARM.Collect$$rtentry$$0000000D)
    .ARM.Collect$$rtexit$$00000000           0x08000270   Section        2  rtexit.o(.ARM.Collect$$rtexit$$00000000)
    .ARM.Collect$$rtexit$$00000002           0x08000272   Section        0  rtexit2.o(.ARM.Collect$$rtexit$$00000002)
    .ARM.Collect$$rtexit$$00000003           0x08000272   Section        4  rtexit2.o(.ARM.Collect$$rtexit$$00000003)
    .ARM.Collect$$rtexit$$00000004           0x08000276   Section        6  rtexit2.o(.ARM.Collect$$rtexit$$00000004)
    .text                                    0x0800027c   Section       64  startup_stm32f40_41xxx.o(.text)
    $v0                                      0x0800027c   Number         0  startup_stm32f40_41xxx.o(.text)
    .text                                    0x080002bc   Section        2  use_no_semi_2.o(.text)
    .text                                    0x080002c0   Section        0  __2printf.o(.text)
    .text                                    0x080002d8   Section        0  __2sprintf.o(.text)
    .text                                    0x08000304   Section        0  _printf_str.o(.text)
    .text                                    0x08000358   Section        0  _printf_dec.o(.text)
    .text                                    0x080003d0   Section        0  _printf_hex_int_ll_ptr.o(.text)
    _printf_hex_common                       0x080003d1   Thumb Code     0  _printf_hex_int_ll_ptr.o(.text)
    .text                                    0x08000464   Section        0  __printf_flags_ss_wp.o(.text)
    .text                                    0x080005ec   Section        0  strstr.o(.text)
    .text                                    0x08000610   Section        0  strcpy.o(.text)
    .text                                    0x08000658   Section       68  rt_memclr.o(.text)
    .text                                    0x0800069c   Section      128  strcmpv7m.o(.text)
    .text                                    0x0800071c   Section        0  heapauxi.o(.text)
    .text                                    0x08000722   Section        2  use_no_semi.o(.text)
    .text                                    0x08000724   Section        0  _printf_intcommon.o(.text)
    .text                                    0x080007d8   Section        0  _printf_char_common.o(.text)
    _printf_input_char                       0x080007d9   Thumb Code    10  _printf_char_common.o(.text)
    .text                                    0x08000808   Section        0  _sputc.o(.text)
    .text                                    0x08000812   Section        0  _printf_char.o(.text)
    .text                                    0x08000840   Section        0  _printf_char_file.o(.text)
    .text                                    0x08000864   Section       78  rt_memclr_w.o(.text)
    .text                                    0x080008b2   Section        0  ferror.o(.text)
    .text                                    0x080008ba   Section       74  sys_stackheap_outer.o(.text)
    .text                                    0x08000904   Section        0  exit.o(.text)
    .text                                    0x08000918   Section        8  libspace.o(.text)
    i.Alarm                                  0x08000920   Section        0  main.o(i.Alarm)
    i.AntennaOn                              0x08000954   Section        0  mfrc522.o(i.AntennaOn)
    i.CalulateCRC                            0x0800096e   Section        0  mfrc522.o(i.CalulateCRC)
    i.ClearBitMask                           0x080009e4   Section        0  mfrc522.o(i.ClearBitMask)
    i.CloseDoor                              0x08000a00   Section        0  main.o(i.CloseDoor)
    i.Delay1_us                              0x08000a2c   Section        0  mfrc522.o(i.Delay1_us)
    i.EnsureMessage                          0x08000a4c   Section        0  as608.o(i.EnsureMessage)
    i.GPIO_Init                              0x08000d30   Section        0  stm32f4xx_gpio.o(i.GPIO_Init)
    i.GPIO_PinAFConfig                       0x08000dc0   Section        0  stm32f4xx_gpio.o(i.GPIO_PinAFConfig)
    i.GPIO_ReadInputDataBit                  0x08000e06   Section        0  stm32f4xx_gpio.o(i.GPIO_ReadInputDataBit)
    i.GPIO_ResetBits                         0x08000e18   Section        0  stm32f4xx_gpio.o(i.GPIO_ResetBits)
    i.GPIO_SetBits                           0x08000e1c   Section        0  stm32f4xx_gpio.o(i.GPIO_SetBits)
    i.I2C_Configuration                      0x08000e20   Section        0  oled_i2c.o(i.I2C_Configuration)
    i.I2C_WriteByte                          0x08000eb4   Section        0  oled_i2c.o(i.I2C_WriteByte)
    i.Init_BLE                               0x08000f2c   Section        0  ble.o(i.Init_BLE)
    i.Init_Beep                              0x08000fdc   Section        0  beep.o(i.Init_Beep)
    i.Init_Delay                             0x0800101c   Section        0  delay.o(i.Init_Delay)
    i.Init_ESP_Usart                         0x08001028   Section        0  communication.o(i.Init_ESP_Usart)
    i.Init_LED                               0x080010d8   Section        0  led.o(i.Init_LED)
    i.JudgeStr                               0x08001150   Section        0  as608.o(i.JudgeStr)
    JudgeStr                                 0x08001151   Thumb Code   122  as608.o(i.JudgeStr)
    i.KEY_Fun                                0x080011d8   Section        0  keyboard.o(i.KEY_Fun)
    i.KEY_Scan                               0x0800123c   Section        0  keyboard.o(i.KEY_Scan)
    i.KEY_work                               0x08001448   Section        0  keyboard.o(i.KEY_work)
    i.Key_Init                               0x08001488   Section        0  keyboard.o(i.Key_Init)
    i.MFRC522Read                            0x08001538   Section        0  main.o(i.MFRC522Read)
    i.MFRC522_Anticoll                       0x080016e0   Section        0  mfrc522.o(i.MFRC522_Anticoll)
    i.MFRC522_Auth                           0x08001742   Section        0  mfrc522.o(i.MFRC522_Auth)
    i.MFRC522_Initializtion                  0x080017b0   Section        0  mfrc522.o(i.MFRC522_Initializtion)
    i.MFRC522_Read                           0x080017f4   Section        0  mfrc522.o(i.MFRC522_Read)
    i.MFRC522_Request                        0x0800182c   Section        0  mfrc522.o(i.MFRC522_Request)
    i.MFRC522_Reset                          0x08001860   Section        0  mfrc522.o(i.MFRC522_Reset)
    i.MFRC522_SelectTag                      0x080018a0   Section        0  mfrc522.o(i.MFRC522_SelectTag)
    i.MFRC522_ToCard                         0x08001916   Section        0  mfrc522.o(i.MFRC522_ToCard)
    i.MYUSART_SendData                       0x08001a50   Section        0  as608.o(i.MYUSART_SendData)
    MYUSART_SendData                         0x08001a51   Thumb Code    22  as608.o(i.MYUSART_SendData)
    i.NVIC_Init                              0x08001a6c   Section        0  misc.o(i.NVIC_Init)
    i.NVIC_PriorityGroupConfig               0x08001ae4   Section        0  misc.o(i.NVIC_PriorityGroupConfig)
    i.OLED_CLS                               0x08001af8   Section        0  oled_i2c.o(i.OLED_CLS)
    i.OLED_Fill                              0x08001b02   Section        0  oled_i2c.o(i.OLED_Fill)
    i.OLED_Iic_Recv_Ack                      0x08001b3c   Section        0  oled_i2c.o(i.OLED_Iic_Recv_Ack)
    i.OLED_Iic_Sda_Mode                      0x08001b88   Section        0  oled_i2c.o(i.OLED_Iic_Sda_Mode)
    i.OLED_Iic_Send_Byte                     0x08001bb8   Section        0  oled_i2c.o(i.OLED_Iic_Send_Byte)
    i.OLED_Iic_Start                         0x08001c18   Section        0  oled_i2c.o(i.OLED_Iic_Start)
    i.OLED_Iic_Stop                          0x08001c54   Section        0  oled_i2c.o(i.OLED_Iic_Stop)
    i.OLED_Init                              0x08001c8c   Section        0  oled_i2c.o(i.OLED_Init)
    i.OLED_SetPos                            0x08001d3e   Section        0  oled_i2c.o(i.OLED_SetPos)
    i.OLED_ShowCN                            0x08001d68   Section        0  oled_i2c.o(i.OLED_ShowCN)
    i.OLED_ShowStr                           0x08001dbc   Section        0  oled_i2c.o(i.OLED_ShowStr)
    i.OpenDoor                               0x08001ea8   Section        0  main.o(i.OpenDoor)
    i.PS_GenChar                             0x08001ed4   Section        0  as608.o(i.PS_GenChar)
    i.PS_GetImage                            0x08001f1a   Section        0  as608.o(i.PS_GetImage)
    i.PS_HandShake                           0x08001f54   Section        0  as608.o(i.PS_HandShake)
    i.PS_HighSpeedSearch                     0x08001fd4   Section        0  as608.o(i.PS_HighSpeedSearch)
    i.PS_ReadSysPara                         0x08002064   Section        0  as608.o(i.PS_ReadSysPara)
    i.PS_StaGPIO_Init                        0x08002168   Section        0  as608.o(i.PS_StaGPIO_Init)
    i.PS_ValidTempleteNum                    0x08002198   Section        0  as608.o(i.PS_ValidTempleteNum)
    i.RCC_AHB1PeriphClockCmd                 0x08002224   Section        0  stm32f4xx_rcc.o(i.RCC_AHB1PeriphClockCmd)
    i.RCC_APB1PeriphClockCmd                 0x08002244   Section        0  stm32f4xx_rcc.o(i.RCC_APB1PeriphClockCmd)
    i.RCC_APB2PeriphClockCmd                 0x08002264   Section        0  stm32f4xx_rcc.o(i.RCC_APB2PeriphClockCmd)
    i.RCC_GetClocksFreq                      0x08002284   Section        0  stm32f4xx_rcc.o(i.RCC_GetClocksFreq)
    i.Read_MFRC522                           0x0800236c   Section        0  mfrc522.o(i.Read_MFRC522)
    i.SPI3_Receive                           0x080023a0   Section        0  mfrc522.o(i.SPI3_Receive)
    i.SPI3_Send                              0x080023fc   Section        0  mfrc522.o(i.SPI3_Send)
    i.STM32_SPI3_Init                        0x08002454   Section        0  mfrc522.o(i.STM32_SPI3_Init)
    i.SendAddr                               0x080024f4   Section        0  as608.o(i.SendAddr)
    SendAddr                                 0x080024f5   Thumb Code    46  as608.o(i.SendAddr)
    i.SendCheck                              0x08002528   Section        0  as608.o(i.SendCheck)
    SendCheck                                0x08002529   Thumb Code    18  as608.o(i.SendCheck)
    i.SendFlag                               0x0800253a   Section        0  as608.o(i.SendFlag)
    SendFlag                                 0x0800253b   Thumb Code    12  as608.o(i.SendFlag)
    i.SendHead                               0x08002546   Section        0  as608.o(i.SendHead)
    SendHead                                 0x08002547   Thumb Code    16  as608.o(i.SendHead)
    i.SendLength                             0x08002556   Section        0  as608.o(i.SendLength)
    SendLength                               0x08002557   Thumb Code    20  as608.o(i.SendLength)
    i.Sendcmd                                0x0800256a   Section        0  as608.o(i.Sendcmd)
    Sendcmd                                  0x0800256b   Thumb Code    12  as608.o(i.Sendcmd)
    i.SetBitMask                             0x08002576   Section        0  mfrc522.o(i.SetBitMask)
    i.SetSysClock                            0x08002594   Section        0  system_stm32f4xx.o(i.SetSysClock)
    SetSysClock                              0x08002595   Thumb Code   220  system_stm32f4xx.o(i.SetSysClock)
    i.ShowCNStr                              0x08002680   Section        0  main.o(i.ShowCNStr)
    i.SysTick_CLKSourceConfig                0x080026a4   Section        0  misc.o(i.SysTick_CLKSourceConfig)
    i.SystemInit                             0x080026cc   Section        0  system_stm32f4xx.o(i.SystemInit)
    i.TIM3_IRQHandler                        0x08002734   Section        0  timer.o(i.TIM3_IRQHandler)
    i.TIM4_LockControl_Init                  0x08002764   Section        0  timer.o(i.TIM4_LockControl_Init)
    i.TIM5_IRQHandler                        0x0800283c   Section        0  timer.o(i.TIM5_IRQHandler)
    i.TIM7_IRQHandler                        0x08002920   Section        0  timer.o(i.TIM7_IRQHandler)
    i.TIM7_Int_Init                          0x0800295c   Section        0  timer.o(i.TIM7_Int_Init)
    i.TIM_Cmd                                0x080029c8   Section        0  stm32f4xx_tim.o(i.TIM_Cmd)
    i.TIM_OC3Init                            0x080029e0   Section        0  stm32f4xx_tim.o(i.TIM_OC3Init)
    i.TIM_OC3PreloadConfig                   0x08002a80   Section        0  stm32f4xx_tim.o(i.TIM_OC3PreloadConfig)
    i.TIM_SetCompare3                        0x08002a92   Section        0  stm32f4xx_tim.o(i.TIM_SetCompare3)
    i.TIM_TimeBaseInit                       0x08002a98   Section        0  stm32f4xx_tim.o(i.TIM_TimeBaseInit)
    i.USART1_IRQHandler                      0x08002b1c   Section        0  communication.o(i.USART1_IRQHandler)
    i.USART2_IRQHandler                      0x08002b9c   Section        0  usart2.o(i.USART2_IRQHandler)
    i.USART3_IRQHandler                      0x08002c0c   Section        0  ble.o(i.USART3_IRQHandler)
    i.USART_Cmd                              0x08002c98   Section        0  stm32f4xx_usart.o(i.USART_Cmd)
    i.USART_GetFlagStatus                    0x08002cb0   Section        0  stm32f4xx_usart.o(i.USART_GetFlagStatus)
    i.USART_ITConfig                         0x08002cca   Section        0  stm32f4xx_usart.o(i.USART_ITConfig)
    i.USART_Init                             0x08002d14   Section        0  stm32f4xx_usart.o(i.USART_Init)
    i.USART_SendData                         0x08002de8   Section        0  stm32f4xx_usart.o(i.USART_SendData)
    i.WriteCmd                               0x08002df0   Section        0  oled_i2c.o(i.WriteCmd)
    i.WriteDat                               0x08002dfe   Section        0  oled_i2c.o(i.WriteDat)
    i.Write_MFRC522                          0x08002e0c   Section        0  mfrc522.o(i.Write_MFRC522)
    i._is_digit                              0x08002e3c   Section        0  __printf_wp.o(i._is_digit)
    i._sys_exit                              0x08002e4a   Section        0  communication.o(i._sys_exit)
    i.create_packet                          0x08002e50   Section        0  communication.o(i.create_packet)
    i.delay_ms                               0x08002f18   Section        0  delay.o(i.delay_ms)
    i.delay_s                                0x08002f5e   Section        0  delay.o(i.delay_s)
    i.delay_us                               0x08002f7e   Section        0  delay.o(i.delay_us)
    i.fputc                                  0x08002fc8   Section        0  communication.o(i.fputc)
    i.main                                   0x08003008   Section        0  main.o(i.main)
    i.menu                                   0x08003364   Section        0  main.o(i.menu)
    i.press_FR                               0x080033d8   Section        0  main.o(i.press_FR)
    i.send_packet                            0x080034c8   Section        0  communication.o(i.send_packet)
    i.usart2_init                            0x08003530   Section        0  usart2.o(i.usart2_init)
    x$fpl$fpinit                             0x08003604   Section       10  fpinit.o(x$fpl$fpinit)
    $v0                                      0x08003604   Number         0  fpinit.o(x$fpl$fpinit)
    .constdata                               0x0800360e   Section     2072  oled_i2c.o(.constdata)
    .constdata                               0x08003e26   Section       40  _printf_hex_int_ll_ptr.o(.constdata)
    uc_hextab                                0x08003e26   Data          20  _printf_hex_int_ll_ptr.o(.constdata)
    lc_hextab                                0x08003e3a   Data          20  _printf_hex_int_ll_ptr.o(.constdata)
    .constdata                               0x08003e4e   Section       17  __printf_flags_ss_wp.o(.constdata)
    maptable                                 0x08003e4e   Data          17  __printf_flags_ss_wp.o(.constdata)
    .conststring                             0x08003e60   Section       79  as608.o(.conststring)
    .data                                    0x20000000   Section        6  communication.o(.data)
    USART_RX_STA                             0x20000004   Data           2  communication.o(.data)
    .data                                    0x20000006   Section       25  main.o(.data)
    .data                                    0x20000020   Section        6  ble.o(.data)
    USART_RX_STA                             0x20000024   Data           2  ble.o(.data)
    .data                                    0x20000026   Section     1760  oled_i2c.o(.data)
    .data                                    0x20000706   Section        2  usart2.o(.data)
    .data                                    0x20000708   Section        8  timer.o(.data)
    .data                                    0x20000710   Section        4  as608.o(.data)
    .data                                    0x20000714   Section       16  stm32f4xx_rcc.o(.data)
    APBAHBPrescTable                         0x20000714   Data          16  stm32f4xx_rcc.o(.data)
    .bss                                     0x20000724   Section      256  communication.o(.bss)
    USART_RX_BUF                             0x20000724   Data         256  communication.o(.bss)
    .bss                                     0x20000824   Section      174  main.o(.bss)
    .bss                                     0x200008d2   Section      256  ble.o(.bss)
    .bss                                     0x200009d2   Section     1600  usart2.o(.bss)
    .bss                                     0x20001014   Section       96  libspace.o(.bss)
    HEAP                                     0x20001078   Section      512  startup_stm32f40_41xxx.o(HEAP)
    Heap_Mem                                 0x20001078   Data         512  startup_stm32f40_41xxx.o(HEAP)
    STACK                                    0x20001278   Section     1024  startup_stm32f40_41xxx.o(STACK)
    Stack_Mem                                0x20001278   Data        1024  startup_stm32f40_41xxx.o(STACK)
    __initial_sp                             0x20001678   Data           0  startup_stm32f40_41xxx.o(STACK)

    Global Symbols

    Symbol Name                              Value     Ov Type        Size  Object(Section)

    BuildAttributes$$THM_ISAv4$E$P$D$K$B$S$7EM$VFPi3$EXTD16$VFPS$VFMA$PE$A:L22UL41UL21$X:L11$S22US41US21$IEEE1$IW$USESV6$~STKCKD$USESV7$~SHL$OTIME$ROPI$IEEEJ$EBA8$UX$STANDARDLIB$REQ8$PRES8$EABIv2 0x00000000   Number         0  anon$$obj.o ABSOLUTE
    __ARM_use_no_argv                        0x00000000   Number         0  main.o ABSOLUTE
    _printf_flags                            0x00000000   Number         0  printf_stubs.o ABSOLUTE
    _printf_return_value                     0x00000000   Number         0  printf_stubs.o ABSOLUTE
    _printf_sizespec                         0x00000000   Number         0  printf_stubs.o ABSOLUTE
    _printf_widthprec                        0x00000000   Number         0  printf_stubs.o ABSOLUTE
    __ARM_exceptions_init                     - Undefined Weak Reference
    __alloca_initialize                       - Undefined Weak Reference
    __arm_preinit_                            - Undefined Weak Reference
    __cpp_initialize__aeabi_                  - Undefined Weak Reference
    __cxa_finalize                            - Undefined Weak Reference
    __sigvec_lookup                           - Undefined Weak Reference
    _atexit_init                              - Undefined Weak Reference
    _call_atexit_fns                          - Undefined Weak Reference
    _clock_init                               - Undefined Weak Reference
    _fp_trap_init                             - Undefined Weak Reference
    _fp_trap_shutdown                         - Undefined Weak Reference
    _get_lc_collate                           - Undefined Weak Reference
    _get_lc_monetary                          - Undefined Weak Reference
    _get_lc_time                              - Undefined Weak Reference
    _getenv_init                              - Undefined Weak Reference
    _handle_redirection                       - Undefined Weak Reference
    _init_alloc                               - Undefined Weak Reference
    _init_user_alloc                          - Undefined Weak Reference
    _initio                                   - Undefined Weak Reference
    _mutex_acquire                            - Undefined Weak Reference
    _mutex_release                            - Undefined Weak Reference
    _printf_mbtowc                            - Undefined Weak Reference
    _printf_wc                                - Undefined Weak Reference
    _rand_init                                - Undefined Weak Reference
    _signal_finish                            - Undefined Weak Reference
    _signal_init                              - Undefined Weak Reference
    _terminate_alloc                          - Undefined Weak Reference
    _terminate_user_alloc                     - Undefined Weak Reference
    _terminateio                              - Undefined Weak Reference
    __Vectors_Size                           0x00000188   Number         0  startup_stm32f40_41xxx.o ABSOLUTE
    __Vectors                                0x08000000   Data           4  startup_stm32f40_41xxx.o(RESET)
    __Vectors_End                            0x08000188   Data           0  startup_stm32f40_41xxx.o(RESET)
    __main                                   0x08000189   Thumb Code     8  __main.o(!!!main)
    __scatterload                            0x08000191   Thumb Code     0  __scatter.o(!!!scatter)
    __scatterload_rt2                        0x08000191   Thumb Code    44  __scatter.o(!!!scatter)
    __scatterload_rt2_thumb_only             0x08000191   Thumb Code     0  __scatter.o(!!!scatter)
    __scatterload_null                       0x0800019f   Thumb Code     0  __scatter.o(!!!scatter)
    __decompress                             0x080001c5   Thumb Code    90  __dczerorl2.o(!!dczerorl2)
    __decompress1                            0x080001c5   Thumb Code     0  __dczerorl2.o(!!dczerorl2)
    __scatterload_zeroinit                   0x08000221   Thumb Code    28  __scatter_zi.o(!!handler_zi)
    _printf_d                                0x0800023d   Thumb Code     0  _printf_d.o(.ARM.Collect$$_printf_percent$$00000009)
    _printf_percent                          0x0800023d   Thumb Code     0  _printf_percent.o(.ARM.Collect$$_printf_percent$$00000000)
    _printf_x                                0x08000243   Thumb Code     0  _printf_x.o(.ARM.Collect$$_printf_percent$$0000000C)
    _printf_s                                0x08000249   Thumb Code     0  _printf_s.o(.ARM.Collect$$_printf_percent$$00000014)
    _printf_percent_end                      0x0800024f   Thumb Code     0  _printf_percent_end.o(.ARM.Collect$$_printf_percent$$00000017)
    __rt_lib_init                            0x08000253   Thumb Code     0  libinit.o(.ARM.Collect$$libinit$$00000000)
    __rt_lib_init_fp_1                       0x08000255   Thumb Code     0  libinit2.o(.ARM.Collect$$libinit$$00000001)
    __rt_lib_init_alloca_1                   0x08000259   Thumb Code     0  libinit2.o(.ARM.Collect$$libinit$$0000002E)
    __rt_lib_init_argv_1                     0x08000259   Thumb Code     0  libinit2.o(.ARM.Collect$$libinit$$0000002C)
    __rt_lib_init_atexit_1                   0x08000259   Thumb Code     0  libinit2.o(.ARM.Collect$$libinit$$0000001B)
    __rt_lib_init_clock_1                    0x08000259   Thumb Code     0  libinit2.o(.ARM.Collect$$libinit$$00000021)
    __rt_lib_init_cpp_1                      0x08000259   Thumb Code     0  libinit2.o(.ARM.Collect$$libinit$$00000032)
    __rt_lib_init_exceptions_1               0x08000259   Thumb Code     0  libinit2.o(.ARM.Collect$$libinit$$00000030)
    __rt_lib_init_fp_trap_1                  0x08000259   Thumb Code     0  libinit2.o(.ARM.Collect$$libinit$$0000001F)
    __rt_lib_init_getenv_1                   0x08000259   Thumb Code     0  libinit2.o(.ARM.Collect$$libinit$$00000023)
    __rt_lib_init_heap_1                     0x08000259   Thumb Code     0  libinit2.o(.ARM.Collect$$libinit$$0000000A)
    __rt_lib_init_lc_collate_1               0x08000259   Thumb Code     0  libinit2.o(.ARM.Collect$$libinit$$00000011)
    __rt_lib_init_lc_ctype_1                 0x08000259   Thumb Code     0  libinit2.o(.ARM.Collect$$libinit$$00000013)
    __rt_lib_init_lc_monetary_1              0x08000259   Thumb Code     0  libinit2.o(.ARM.Collect$$libinit$$00000015)
    __rt_lib_init_lc_numeric_1               0x08000259   Thumb Code     0  libinit2.o(.ARM.Collect$$libinit$$00000017)
    __rt_lib_init_lc_time_1                  0x08000259   Thumb Code     0  libinit2.o(.ARM.Collect$$libinit$$00000019)
    __rt_lib_init_preinit_1                  0x08000259   Thumb Code     0  libinit2.o(.ARM.Collect$$libinit$$00000004)
    __rt_lib_init_rand_1                     0x08000259   Thumb Code     0  libinit2.o(.ARM.Collect$$libinit$$0000000E)
    __rt_lib_init_return                     0x08000259   Thumb Code     0  libinit2.o(.ARM.Collect$$libinit$$00000033)
    __rt_lib_init_signal_1                   0x08000259   Thumb Code     0  libinit2.o(.ARM.Collect$$libinit$$0000001D)
    __rt_lib_init_stdio_1                    0x08000259   Thumb Code     0  libinit2.o(.ARM.Collect$$libinit$$00000025)
    __rt_lib_init_user_alloc_1               0x08000259   Thumb Code     0  libinit2.o(.ARM.Collect$$libinit$$0000000C)
    __rt_lib_shutdown                        0x0800025b   Thumb Code     0  libshutdown.o(.ARM.Collect$$libshutdown$$00000000)
    __rt_lib_shutdown_cpp_1                  0x0800025d   Thumb Code     0  libshutdown2.o(.ARM.Collect$$libshutdown$$00000002)
    __rt_lib_shutdown_fp_trap_1              0x0800025d   Thumb Code     0  libshutdown2.o(.ARM.Collect$$libshutdown$$00000007)
    __rt_lib_shutdown_heap_1                 0x0800025d   Thumb Code     0  libshutdown2.o(.ARM.Collect$$libshutdown$$0000000F)
    __rt_lib_shutdown_return                 0x0800025d   Thumb Code     0  libshutdown2.o(.ARM.Collect$$libshutdown$$00000010)
    __rt_lib_shutdown_signal_1               0x0800025d   Thumb Code     0  libshutdown2.o(.ARM.Collect$$libshutdown$$0000000A)
    __rt_lib_shutdown_stdio_1                0x0800025d   Thumb Code     0  libshutdown2.o(.ARM.Collect$$libshutdown$$00000004)
    __rt_lib_shutdown_user_alloc_1           0x0800025d   Thumb Code     0  libshutdown2.o(.ARM.Collect$$libshutdown$$0000000C)
    __rt_entry                               0x0800025f   Thumb Code     0  __rtentry.o(.ARM.Collect$$rtentry$$00000000)
    __rt_entry_presh_1                       0x0800025f   Thumb Code     0  __rtentry2.o(.ARM.Collect$$rtentry$$00000002)
    __rt_entry_sh                            0x0800025f   Thumb Code     0  __rtentry4.o(.ARM.Collect$$rtentry$$00000004)
    __rt_entry_li                            0x08000265   Thumb Code     0  __rtentry2.o(.ARM.Collect$$rtentry$$0000000A)
    __rt_entry_postsh_1                      0x08000265   Thumb Code     0  __rtentry2.o(.ARM.Collect$$rtentry$$00000009)
    __rt_entry_main                          0x08000269   Thumb Code     0  __rtentry2.o(.ARM.Collect$$rtentry$$0000000D)
    __rt_entry_postli_1                      0x08000269   Thumb Code     0  __rtentry2.o(.ARM.Collect$$rtentry$$0000000C)
    __rt_exit                                0x08000271   Thumb Code     0  rtexit.o(.ARM.Collect$$rtexit$$00000000)
    __rt_exit_ls                             0x08000273   Thumb Code     0  rtexit2.o(.ARM.Collect$$rtexit$$00000003)
    __rt_exit_prels_1                        0x08000273   Thumb Code     0  rtexit2.o(.ARM.Collect$$rtexit$$00000002)
    __rt_exit_exit                           0x08000277   Thumb Code     0  rtexit2.o(.ARM.Collect$$rtexit$$00000004)
    Reset_Handler                            0x0800027d   Thumb Code     8  startup_stm32f40_41xxx.o(.text)
    NMI_Handler                              0x08000285   Thumb Code     2  startup_stm32f40_41xxx.o(.text)
    HardFault_Handler                        0x08000287   Thumb Code     2  startup_stm32f40_41xxx.o(.text)
    MemManage_Handler                        0x08000289   Thumb Code     2  startup_stm32f40_41xxx.o(.text)
    BusFault_Handler                         0x0800028b   Thumb Code     2  startup_stm32f40_41xxx.o(.text)
    UsageFault_Handler                       0x0800028d   Thumb Code     2  startup_stm32f40_41xxx.o(.text)
    SVC_Handler                              0x0800028f   Thumb Code     2  startup_stm32f40_41xxx.o(.text)
    DebugMon_Handler                         0x08000291   Thumb Code     2  startup_stm32f40_41xxx.o(.text)
    PendSV_Handler                           0x08000293   Thumb Code     2  startup_stm32f40_41xxx.o(.text)
    SysTick_Handler                          0x08000295   Thumb Code     2  startup_stm32f40_41xxx.o(.text)
    ADC_IRQHandler                           0x08000297   Thumb Code     0  startup_stm32f40_41xxx.o(.text)
    CAN1_RX0_IRQHandler                      0x08000297   Thumb Code     0  startup_stm32f40_41xxx.o(.text)
    CAN1_RX1_IRQHandler                      0x08000297   Thumb Code     0  startup_stm32f40_41xxx.o(.text)
    CAN1_SCE_IRQHandler                      0x08000297   Thumb Code     0  startup_stm32f40_41xxx.o(.text)
    CAN1_TX_IRQHandler                       0x08000297   Thumb Code     0  startup_stm32f40_41xxx.o(.text)
    CAN2_RX0_IRQHandler                      0x08000297   Thumb Code     0  startup_stm32f40_41xxx.o(.text)
    CAN2_RX1_IRQHandler                      0x08000297   Thumb Code     0  startup_stm32f40_41xxx.o(.text)
    CAN2_SCE_IRQHandler                      0x08000297   Thumb Code     0  startup_stm32f40_41xxx.o(.text)
    CAN2_TX_IRQHandler                       0x08000297   Thumb Code     0  startup_stm32f40_41xxx.o(.text)
    CRYP_IRQHandler                          0x08000297   Thumb Code     0  startup_stm32f40_41xxx.o(.text)
    DCMI_IRQHandler                          0x08000297   Thumb Code     0  startup_stm32f40_41xxx.o(.text)
    DMA1_Stream0_IRQHandler                  0x08000297   Thumb Code     0  startup_stm32f40_41xxx.o(.text)
    DMA1_Stream1_IRQHandler                  0x08000297   Thumb Code     0  startup_stm32f40_41xxx.o(.text)
    DMA1_Stream2_IRQHandler                  0x08000297   Thumb Code     0  startup_stm32f40_41xxx.o(.text)
    DMA1_Stream3_IRQHandler                  0x08000297   Thumb Code     0  startup_stm32f40_41xxx.o(.text)
    DMA1_Stream4_IRQHandler                  0x08000297   Thumb Code     0  startup_stm32f40_41xxx.o(.text)
    DMA1_Stream5_IRQHandler                  0x08000297   Thumb Code     0  startup_stm32f40_41xxx.o(.text)
    DMA1_Stream6_IRQHandler                  0x08000297   Thumb Code     0  startup_stm32f40_41xxx.o(.text)
    DMA1_Stream7_IRQHandler                  0x08000297   Thumb Code     0  startup_stm32f40_41xxx.o(.text)
    DMA2_Stream0_IRQHandler                  0x08000297   Thumb Code     0  startup_stm32f40_41xxx.o(.text)
    DMA2_Stream1_IRQHandler                  0x08000297   Thumb Code     0  startup_stm32f40_41xxx.o(.text)
    DMA2_Stream2_IRQHandler                  0x08000297   Thumb Code     0  startup_stm32f40_41xxx.o(.text)
    DMA2_Stream3_IRQHandler                  0x08000297   Thumb Code     0  startup_stm32f40_41xxx.o(.text)
    DMA2_Stream4_IRQHandler                  0x08000297   Thumb Code     0  startup_stm32f40_41xxx.o(.text)
    DMA2_Stream5_IRQHandler                  0x08000297   Thumb Code     0  startup_stm32f40_41xxx.o(.text)
    DMA2_Stream6_IRQHandler                  0x08000297   Thumb Code     0  startup_stm32f40_41xxx.o(.text)
    DMA2_Stream7_IRQHandler                  0x08000297   Thumb Code     0  startup_stm32f40_41xxx.o(.text)
    ETH_IRQHandler                           0x08000297   Thumb Code     0  startup_stm32f40_41xxx.o(.text)
    ETH_WKUP_IRQHandler                      0x08000297   Thumb Code     0  startup_stm32f40_41xxx.o(.text)
    EXTI0_IRQHandler                         0x08000297   Thumb Code     0  startup_stm32f40_41xxx.o(.text)
    EXTI15_10_IRQHandler                     0x08000297   Thumb Code     0  startup_stm32f40_41xxx.o(.text)
    EXTI1_IRQHandler                         0x08000297   Thumb Code     0  startup_stm32f40_41xxx.o(.text)
    EXTI2_IRQHandler                         0x08000297   Thumb Code     0  startup_stm32f40_41xxx.o(.text)
    EXTI3_IRQHandler                         0x08000297   Thumb Code     0  startup_stm32f40_41xxx.o(.text)
    EXTI4_IRQHandler                         0x08000297   Thumb Code     0  startup_stm32f40_41xxx.o(.text)
    EXTI9_5_IRQHandler                       0x08000297   Thumb Code     0  startup_stm32f40_41xxx.o(.text)
    FLASH_IRQHandler                         0x08000297   Thumb Code     0  startup_stm32f40_41xxx.o(.text)
    FPU_IRQHandler                           0x08000297   Thumb Code     0  startup_stm32f40_41xxx.o(.text)
    FSMC_IRQHandler                          0x08000297   Thumb Code     0  startup_stm32f40_41xxx.o(.text)
    HASH_RNG_IRQHandler                      0x08000297   Thumb Code     0  startup_stm32f40_41xxx.o(.text)
    I2C1_ER_IRQHandler                       0x08000297   Thumb Code     0  startup_stm32f40_41xxx.o(.text)
    I2C1_EV_IRQHandler                       0x08000297   Thumb Code     0  startup_stm32f40_41xxx.o(.text)
    I2C2_ER_IRQHandler                       0x08000297   Thumb Code     0  startup_stm32f40_41xxx.o(.text)
    I2C2_EV_IRQHandler                       0x08000297   Thumb Code     0  startup_stm32f40_41xxx.o(.text)
    I2C3_ER_IRQHandler                       0x08000297   Thumb Code     0  startup_stm32f40_41xxx.o(.text)
    I2C3_EV_IRQHandler                       0x08000297   Thumb Code     0  startup_stm32f40_41xxx.o(.text)
    OTG_FS_IRQHandler                        0x08000297   Thumb Code     0  startup_stm32f40_41xxx.o(.text)
    OTG_FS_WKUP_IRQHandler                   0x08000297   Thumb Code     0  startup_stm32f40_41xxx.o(.text)
    OTG_HS_EP1_IN_IRQHandler                 0x08000297   Thumb Code     0  startup_stm32f40_41xxx.o(.text)
    OTG_HS_EP1_OUT_IRQHandler                0x08000297   Thumb Code     0  startup_stm32f40_41xxx.o(.text)
    OTG_HS_IRQHandler                        0x08000297   Thumb Code     0  startup_stm32f40_41xxx.o(.text)
    OTG_HS_WKUP_IRQHandler                   0x08000297   Thumb Code     0  startup_stm32f40_41xxx.o(.text)
    PVD_IRQHandler                           0x08000297   Thumb Code     0  startup_stm32f40_41xxx.o(.text)
    RCC_IRQHandler                           0x08000297   Thumb Code     0  startup_stm32f40_41xxx.o(.text)
    RTC_Alarm_IRQHandler                     0x08000297   Thumb Code     0  startup_stm32f40_41xxx.o(.text)
    RTC_WKUP_IRQHandler                      0x08000297   Thumb Code     0  startup_stm32f40_41xxx.o(.text)
    SDIO_IRQHandler                          0x08000297   Thumb Code     0  startup_stm32f40_41xxx.o(.text)
    SPI1_IRQHandler                          0x08000297   Thumb Code     0  startup_stm32f40_41xxx.o(.text)
    SPI2_IRQHandler                          0x08000297   Thumb Code     0  startup_stm32f40_41xxx.o(.text)
    SPI3_IRQHandler                          0x08000297   Thumb Code     0  startup_stm32f40_41xxx.o(.text)
    TAMP_STAMP_IRQHandler                    0x08000297   Thumb Code     0  startup_stm32f40_41xxx.o(.text)
    TIM1_BRK_TIM9_IRQHandler                 0x08000297   Thumb Code     0  startup_stm32f40_41xxx.o(.text)
    TIM1_CC_IRQHandler                       0x08000297   Thumb Code     0  startup_stm32f40_41xxx.o(.text)
    TIM1_TRG_COM_TIM11_IRQHandler            0x08000297   Thumb Code     0  startup_stm32f40_41xxx.o(.text)
    TIM1_UP_TIM10_IRQHandler                 0x08000297   Thumb Code     0  startup_stm32f40_41xxx.o(.text)
    TIM2_IRQHandler                          0x08000297   Thumb Code     0  startup_stm32f40_41xxx.o(.text)
    TIM4_IRQHandler                          0x08000297   Thumb Code     0  startup_stm32f40_41xxx.o(.text)
    TIM6_DAC_IRQHandler                      0x08000297   Thumb Code     0  startup_stm32f40_41xxx.o(.text)
    TIM8_BRK_TIM12_IRQHandler                0x08000297   Thumb Code     0  startup_stm32f40_41xxx.o(.text)
    TIM8_CC_IRQHandler                       0x08000297   Thumb Code     0  startup_stm32f40_41xxx.o(.text)
    TIM8_TRG_COM_TIM14_IRQHandler            0x08000297   Thumb Code     0  startup_stm32f40_41xxx.o(.text)
    TIM8_UP_TIM13_IRQHandler                 0x08000297   Thumb Code     0  startup_stm32f40_41xxx.o(.text)
    UART4_IRQHandler                         0x08000297   Thumb Code     0  startup_stm32f40_41xxx.o(.text)
    UART5_IRQHandler                         0x08000297   Thumb Code     0  startup_stm32f40_41xxx.o(.text)
    USART6_IRQHandler                        0x08000297   Thumb Code     0  startup_stm32f40_41xxx.o(.text)
    WWDG_IRQHandler                          0x08000297   Thumb Code     0  startup_stm32f40_41xxx.o(.text)
    __user_initial_stackheap                 0x08000299   Thumb Code     0  startup_stm32f40_41xxx.o(.text)
    __use_no_semihosting                     0x080002bd   Thumb Code     2  use_no_semi_2.o(.text)
    __2printf                                0x080002c1   Thumb Code    20  __2printf.o(.text)
    __2sprintf                               0x080002d9   Thumb Code    38  __2sprintf.o(.text)
    _printf_str                              0x08000305   Thumb Code    82  _printf_str.o(.text)
    _printf_int_dec                          0x08000359   Thumb Code   104  _printf_dec.o(.text)
    _printf_longlong_hex                     0x080003d1   Thumb Code    86  _printf_hex_int_ll_ptr.o(.text)
    _printf_int_hex                          0x08000427   Thumb Code    28  _printf_hex_int_ll_ptr.o(.text)
    _printf_ll_hex                           0x08000443   Thumb Code    12  _printf_hex_int_ll_ptr.o(.text)
    _printf_hex_ptr                          0x0800044f   Thumb Code    18  _printf_hex_int_ll_ptr.o(.text)
    __printf                                 0x08000465   Thumb Code   388  __printf_flags_ss_wp.o(.text)
    strstr                                   0x080005ed   Thumb Code    36  strstr.o(.text)
    strcpy                                   0x08000611   Thumb Code    72  strcpy.o(.text)
    __aeabi_memclr                           0x08000659   Thumb Code     0  rt_memclr.o(.text)
    __rt_memclr                              0x08000659   Thumb Code    68  rt_memclr.o(.text)
    _memset                                  0x0800065d   Thumb Code     0  rt_memclr.o(.text)
    strcmp                                   0x0800069d   Thumb Code   128  strcmpv7m.o(.text)
    __use_two_region_memory                  0x0800071d   Thumb Code     2  heapauxi.o(.text)
    __rt_heap_escrow$2region                 0x0800071f   Thumb Code     2  heapauxi.o(.text)
    __rt_heap_expand$2region                 0x08000721   Thumb Code     2  heapauxi.o(.text)
    __I$use$semihosting                      0x08000723   Thumb Code     0  use_no_semi.o(.text)
    __use_no_semihosting_swi                 0x08000723   Thumb Code     2  use_no_semi.o(.text)
    _printf_int_common                       0x08000725   Thumb Code   178  _printf_intcommon.o(.text)
    _printf_char_common                      0x080007e3   Thumb Code    32  _printf_char_common.o(.text)
    _sputc                                   0x08000809   Thumb Code    10  _sputc.o(.text)
    _printf_cs_common                        0x08000813   Thumb Code    20  _printf_char.o(.text)
    _printf_char                             0x08000827   Thumb Code    16  _printf_char.o(.text)
    _printf_string                           0x08000837   Thumb Code     8  _printf_char.o(.text)
    _printf_char_file                        0x08000841   Thumb Code    32  _printf_char_file.o(.text)
    __aeabi_memclr4                          0x08000865   Thumb Code     0  rt_memclr_w.o(.text)
    __aeabi_memclr8                          0x08000865   Thumb Code     0  rt_memclr_w.o(.text)
    __rt_memclr_w                            0x08000865   Thumb Code    78  rt_memclr_w.o(.text)
    _memset_w                                0x08000869   Thumb Code     0  rt_memclr_w.o(.text)
    ferror                                   0x080008b3   Thumb Code     8  ferror.o(.text)
    __user_setup_stackheap                   0x080008bb   Thumb Code    74  sys_stackheap_outer.o(.text)
    exit                                     0x08000905   Thumb Code    18  exit.o(.text)
    __user_libspace                          0x08000919   Thumb Code     8  libspace.o(.text)
    __user_perproc_libspace                  0x08000919   Thumb Code     0  libspace.o(.text)
    __user_perthread_libspace                0x08000919   Thumb Code     0  libspace.o(.text)
    Alarm                                    0x08000921   Thumb Code    44  main.o(i.Alarm)
    AntennaOn                                0x08000955   Thumb Code    26  mfrc522.o(i.AntennaOn)
    CalulateCRC                              0x0800096f   Thumb Code   118  mfrc522.o(i.CalulateCRC)
    ClearBitMask                             0x080009e5   Thumb Code    28  mfrc522.o(i.ClearBitMask)
    CloseDoor                                0x08000a01   Thumb Code    28  main.o(i.CloseDoor)
    Delay1_us                                0x08000a2d   Thumb Code    30  mfrc522.o(i.Delay1_us)
    EnsureMessage                            0x08000a4d   Thumb Code   140  as608.o(i.EnsureMessage)
    GPIO_Init                                0x08000d31   Thumb Code   144  stm32f4xx_gpio.o(i.GPIO_Init)
    GPIO_PinAFConfig                         0x08000dc1   Thumb Code    70  stm32f4xx_gpio.o(i.GPIO_PinAFConfig)
    GPIO_ReadInputDataBit                    0x08000e07   Thumb Code    18  stm32f4xx_gpio.o(i.GPIO_ReadInputDataBit)
    GPIO_ResetBits                           0x08000e19   Thumb Code     4  stm32f4xx_gpio.o(i.GPIO_ResetBits)
    GPIO_SetBits                             0x08000e1d   Thumb Code     4  stm32f4xx_gpio.o(i.GPIO_SetBits)
    I2C_Configuration                        0x08000e21   Thumb Code   122  oled_i2c.o(i.I2C_Configuration)
    I2C_WriteByte                            0x08000eb5   Thumb Code   102  oled_i2c.o(i.I2C_WriteByte)
    Init_BLE                                 0x08000f2d   Thumb Code   166  ble.o(i.Init_BLE)
    Init_Beep                                0x08000fdd   Thumb Code    56  beep.o(i.Init_Beep)
    Init_Delay                               0x0800101d   Thumb Code    12  delay.o(i.Init_Delay)
    Init_ESP_Usart                           0x08001029   Thumb Code   166  communication.o(i.Init_ESP_Usart)
    Init_LED                                 0x080010d9   Thumb Code    94  led.o(i.Init_LED)
    KEY_Fun                                  0x080011d9   Thumb Code   100  keyboard.o(i.KEY_Fun)
    KEY_Scan                                 0x0800123d   Thumb Code   510  keyboard.o(i.KEY_Scan)
    KEY_work                                 0x08001449   Thumb Code    58  keyboard.o(i.KEY_work)
    Key_Init                                 0x08001489   Thumb Code   164  keyboard.o(i.Key_Init)
    MFRC522Read                              0x08001539   Thumb Code   194  main.o(i.MFRC522Read)
    MFRC522_Anticoll                         0x080016e1   Thumb Code    98  mfrc522.o(i.MFRC522_Anticoll)
    MFRC522_Auth                             0x08001743   Thumb Code   110  mfrc522.o(i.MFRC522_Auth)
    MFRC522_Initializtion                    0x080017b1   Thumb Code    68  mfrc522.o(i.MFRC522_Initializtion)
    MFRC522_Read                             0x080017f5   Thumb Code    56  mfrc522.o(i.MFRC522_Read)
    MFRC522_Request                          0x0800182d   Thumb Code    50  mfrc522.o(i.MFRC522_Request)
    MFRC522_Reset                            0x08001861   Thumb Code    60  mfrc522.o(i.MFRC522_Reset)
    MFRC522_SelectTag                        0x080018a1   Thumb Code   118  mfrc522.o(i.MFRC522_SelectTag)
    MFRC522_ToCard                           0x08001917   Thumb Code   314  mfrc522.o(i.MFRC522_ToCard)
    NVIC_Init                                0x08001a6d   Thumb Code   106  misc.o(i.NVIC_Init)
    NVIC_PriorityGroupConfig                 0x08001ae5   Thumb Code    10  misc.o(i.NVIC_PriorityGroupConfig)
    OLED_CLS                                 0x08001af9   Thumb Code    10  oled_i2c.o(i.OLED_CLS)
    OLED_Fill                                0x08001b03   Thumb Code    58  oled_i2c.o(i.OLED_Fill)
    OLED_Iic_Recv_Ack                        0x08001b3d   Thumb Code    68  oled_i2c.o(i.OLED_Iic_Recv_Ack)
    OLED_Iic_Sda_Mode                        0x08001b89   Thumb Code    42  oled_i2c.o(i.OLED_Iic_Sda_Mode)
    OLED_Iic_Send_Byte                       0x08001bb9   Thumb Code    86  oled_i2c.o(i.OLED_Iic_Send_Byte)
    OLED_Iic_Start                           0x08001c19   Thumb Code    50  oled_i2c.o(i.OLED_Iic_Start)
    OLED_Iic_Stop                            0x08001c55   Thumb Code    48  oled_i2c.o(i.OLED_Iic_Stop)
    OLED_Init                                0x08001c8d   Thumb Code   178  oled_i2c.o(i.OLED_Init)
    OLED_SetPos                              0x08001d3f   Thumb Code    40  oled_i2c.o(i.OLED_SetPos)
    OLED_ShowCN                              0x08001d69   Thumb Code    80  oled_i2c.o(i.OLED_ShowCN)
    OLED_ShowStr                             0x08001dbd   Thumb Code   228  oled_i2c.o(i.OLED_ShowStr)
    OpenDoor                                 0x08001ea9   Thumb Code    28  main.o(i.OpenDoor)
    PS_GenChar                               0x08001ed5   Thumb Code    70  as608.o(i.PS_GenChar)
    PS_GetImage                              0x08001f1b   Thumb Code    58  as608.o(i.PS_GetImage)
    PS_HandShake                             0x08001f55   Thumb Code   118  as608.o(i.PS_HandShake)
    PS_HighSpeedSearch                       0x08001fd5   Thumb Code   144  as608.o(i.PS_HighSpeedSearch)
    PS_ReadSysPara                           0x08002065   Thumb Code   170  as608.o(i.PS_ReadSysPara)
    PS_StaGPIO_Init                          0x08002169   Thumb Code    42  as608.o(i.PS_StaGPIO_Init)
    PS_ValidTempleteNum                      0x08002199   Thumb Code   108  as608.o(i.PS_ValidTempleteNum)
    RCC_AHB1PeriphClockCmd                   0x08002225   Thumb Code    26  stm32f4xx_rcc.o(i.RCC_AHB1PeriphClockCmd)
    RCC_APB1PeriphClockCmd                   0x08002245   Thumb Code    26  stm32f4xx_rcc.o(i.RCC_APB1PeriphClockCmd)
    RCC_APB2PeriphClockCmd                   0x08002265   Thumb Code    26  stm32f4xx_rcc.o(i.RCC_APB2PeriphClockCmd)
    RCC_GetClocksFreq                        0x08002285   Thumb Code   214  stm32f4xx_rcc.o(i.RCC_GetClocksFreq)
    Read_MFRC522                             0x0800236d   Thumb Code    42  mfrc522.o(i.Read_MFRC522)
    SPI3_Receive                             0x080023a1   Thumb Code    78  mfrc522.o(i.SPI3_Receive)
    SPI3_Send                                0x080023fd   Thumb Code    76  mfrc522.o(i.SPI3_Send)
    STM32_SPI3_Init                          0x08002455   Thumb Code   144  mfrc522.o(i.STM32_SPI3_Init)
    SetBitMask                               0x08002577   Thumb Code    28  mfrc522.o(i.SetBitMask)
    ShowCNStr                                0x08002681   Thumb Code    36  main.o(i.ShowCNStr)
    SysTick_CLKSourceConfig                  0x080026a5   Thumb Code    40  misc.o(i.SysTick_CLKSourceConfig)
    SystemInit                               0x080026cd   Thumb Code    88  system_stm32f4xx.o(i.SystemInit)
    TIM3_IRQHandler                          0x08002735   Thumb Code    40  timer.o(i.TIM3_IRQHandler)
    TIM4_LockControl_Init                    0x08002765   Thumb Code   206  timer.o(i.TIM4_LockControl_Init)
    TIM5_IRQHandler                          0x0800283d   Thumb Code   214  timer.o(i.TIM5_IRQHandler)
    TIM7_IRQHandler                          0x08002921   Thumb Code    52  timer.o(i.TIM7_IRQHandler)
    TIM7_Int_Init                            0x0800295d   Thumb Code    98  timer.o(i.TIM7_Int_Init)
    TIM_Cmd                                  0x080029c9   Thumb Code    24  stm32f4xx_tim.o(i.TIM_Cmd)
    TIM_OC3Init                              0x080029e1   Thumb Code   150  stm32f4xx_tim.o(i.TIM_OC3Init)
    TIM_OC3PreloadConfig                     0x08002a81   Thumb Code    18  stm32f4xx_tim.o(i.TIM_OC3PreloadConfig)
    TIM_SetCompare3                          0x08002a93   Thumb Code     4  stm32f4xx_tim.o(i.TIM_SetCompare3)
    TIM_TimeBaseInit                         0x08002a99   Thumb Code   104  stm32f4xx_tim.o(i.TIM_TimeBaseInit)
    USART1_IRQHandler                        0x08002b1d   Thumb Code   116  communication.o(i.USART1_IRQHandler)
    USART2_IRQHandler                        0x08002b9d   Thumb Code    96  usart2.o(i.USART2_IRQHandler)
    USART3_IRQHandler                        0x08002c0d   Thumb Code   124  ble.o(i.USART3_IRQHandler)
    USART_Cmd                                0x08002c99   Thumb Code    24  stm32f4xx_usart.o(i.USART_Cmd)
    USART_GetFlagStatus                      0x08002cb1   Thumb Code    26  stm32f4xx_usart.o(i.USART_GetFlagStatus)
    USART_ITConfig                           0x08002ccb   Thumb Code    74  stm32f4xx_usart.o(i.USART_ITConfig)
    USART_Init                               0x08002d15   Thumb Code   204  stm32f4xx_usart.o(i.USART_Init)
    USART_SendData                           0x08002de9   Thumb Code     8  stm32f4xx_usart.o(i.USART_SendData)
    WriteCmd                                 0x08002df1   Thumb Code    14  oled_i2c.o(i.WriteCmd)
    WriteDat                                 0x08002dff   Thumb Code    14  oled_i2c.o(i.WriteDat)
    Write_MFRC522                            0x08002e0d   Thumb Code    38  mfrc522.o(i.Write_MFRC522)
    _is_digit                                0x08002e3d   Thumb Code    14  __printf_wp.o(i._is_digit)
    _sys_exit                                0x08002e4b   Thumb Code     6  communication.o(i._sys_exit)
    create_packet                            0x08002e51   Thumb Code   152  communication.o(i.create_packet)
    delay_ms                                 0x08002f19   Thumb Code    70  delay.o(i.delay_ms)
    delay_s                                  0x08002f5f   Thumb Code    32  delay.o(i.delay_s)
    delay_us                                 0x08002f7f   Thumb Code    72  delay.o(i.delay_us)
    fputc                                    0x08002fc9   Thumb Code    54  communication.o(i.fputc)
    main                                     0x08003009   Thumb Code   574  main.o(i.main)
    menu                                     0x08003365   Thumb Code    44  main.o(i.menu)
    press_FR                                 0x080033d9   Thumb Code   148  main.o(i.press_FR)
    send_packet                              0x080034c9   Thumb Code    76  communication.o(i.send_packet)
    usart2_init                              0x08003531   Thumb Code   196  usart2.o(i.usart2_init)
    _fp_init                                 0x08003605   Thumb Code    10  fpinit.o(x$fpl$fpinit)
    __fplib_config_fpu_vfp                   0x0800360d   Thumb Code     0  fpinit.o(x$fpl$fpinit)
    __fplib_config_pureend_doubles           0x0800360d   Thumb Code     0  fpinit.o(x$fpl$fpinit)
    F6x8                                     0x0800360e   Data         552  oled_i2c.o(.constdata)
    F8X16                                    0x08003836   Data        1520  oled_i2c.o(.constdata)
    Region$$Table$$Base                      0x08003eb0   Number         0  anon$$obj.o(Region$$Table)
    Region$$Table$$Limit                     0x08003ed0   Number         0  anon$$obj.o(Region$$Table)
    __stdout                                 0x20000000   Data           4  communication.o(.data)
    ensure                                   0x20000006   Data           1  main.o(.data)
    ValidN                                   0x20000008   Data           2  main.o(.data)
    PR                                       0x2000000a   Data           1  main.o(.data)
    password                                 0x2000000b   Data           7  main.o(.data)
    card_pydebuf                             0x20000012   Data           2  main.o(.data)
    card_numberbuf                           0x20000014   Data           5  main.o(.data)
    card_key0Abuf                            0x20000019   Data           6  main.o(.data)
    BLE_RX_FLAG                              0x20000020   Data           4  ble.o(.data)
    F16x16                                   0x20000026   Data         736  oled_i2c.o(.data)
    BMP1                                     0x20000306   Data        1024  oled_i2c.o(.data)
    USART2_RX_STA                            0x20000706   Data           2  usart2.o(.data)
    TIM5CH1_CAPTURE_STA                      0x20000708   Data           1  timer.o(.data)
    TIM5CH1_CAPTURE_VAL                      0x2000070c   Data           4  timer.o(.data)
    AS608Addr                                0x20000710   Data           4  as608.o(.data)
    message                                  0x20000824   Data         128  main.o(.bss)
    AS608Para                                0x200008a4   Data          12  main.o(.bss)
    mfrc552pidbuf                            0x200008b0   Data          18  main.o(.bss)
    card_readbuf                             0x200008c2   Data          16  main.o(.bss)
    USART_RX_BUF                             0x200008d2   Data         256  ble.o(.bss)
    USART2_RX_BUF                            0x200009d2   Data         800  usart2.o(.bss)
    USART2_TX_BUF                            0x20000cf2   Data         800  usart2.o(.bss)
    __libspace_start                         0x20001014   Data          96  libspace.o(.bss)
    __temporary_stack_top$libspace           0x20001074   Data           0  libspace.o(.bss)



==============================================================================

Memory Map of the image

  Image Entry point : 0x08000189

  Load Region LR_IROM1 (Base: 0x08000000, Size: 0x000045f4, Max: 0x00080000, ABSOLUTE, COMPRESSED[0x000041f0])

    Execution Region ER_IROM1 (Exec base: 0x08000000, Load base: 0x08000000, Size: 0x00003ed0, Max: 0x00080000, ABSOLUTE)

    Exec Addr    Load Addr    Size         Type   Attr      Idx    E Section Name        Object

    0x08000000   0x08000000   0x00000188   Data   RO         2458    RESET               startup_stm32f40_41xxx.o
    0x08000188   0x08000188   0x00000008   Code   RO         2581  * !!!main             c_w.l(__main.o)
    0x08000190   0x08000190   0x00000034   Code   RO         2857    !!!scatter          c_w.l(__scatter.o)
    0x080001c4   0x080001c4   0x0000005a   Code   RO         2855    !!dczerorl2         c_w.l(__dczerorl2.o)
    0x0800021e   0x0800021e   0x00000002   PAD
    0x08000220   0x08000220   0x0000001c   Code   RO         2859    !!handler_zi        c_w.l(__scatter_zi.o)
    0x0800023c   0x0800023c   0x00000000   Code   RO         2568    .ARM.Collect$$_printf_percent$$00000000  c_w.l(_printf_percent.o)
    0x0800023c   0x0800023c   0x00000006   Code   RO         2567    .ARM.Collect$$_printf_percent$$00000009  c_w.l(_printf_d.o)
    0x08000242   0x08000242   0x00000006   Code   RO         2566    .ARM.Collect$$_printf_percent$$0000000C  c_w.l(_printf_x.o)
    0x08000248   0x08000248   0x00000006   Code   RO         2565    .ARM.Collect$$_printf_percent$$00000014  c_w.l(_printf_s.o)
    0x0800024e   0x0800024e   0x00000004   Code   RO         2623    .ARM.Collect$$_printf_percent$$00000017  c_w.l(_printf_percent_end.o)
    0x08000252   0x08000252   0x00000002   Code   RO         2721    .ARM.Collect$$libinit$$00000000  c_w.l(libinit.o)
    0x08000254   0x08000254   0x00000004   Code   RO         2735    .ARM.Collect$$libinit$$00000001  c_w.l(libinit2.o)
    0x08000258   0x08000258   0x00000000   Code   RO         2738    .ARM.Collect$$libinit$$00000004  c_w.l(libinit2.o)
    0x08000258   0x08000258   0x00000000   Code   RO         2741    .ARM.Collect$$libinit$$0000000A  c_w.l(libinit2.o)
    0x08000258   0x08000258   0x00000000   Code   RO         2743    .ARM.Collect$$libinit$$0000000C  c_w.l(libinit2.o)
    0x08000258   0x08000258   0x00000000   Code   RO         2745    .ARM.Collect$$libinit$$0000000E  c_w.l(libinit2.o)
    0x08000258   0x08000258   0x00000000   Code   RO         2748    .ARM.Collect$$libinit$$00000011  c_w.l(libinit2.o)
    0x08000258   0x08000258   0x00000000   Code   RO         2750    .ARM.Collect$$libinit$$00000013  c_w.l(libinit2.o)
    0x08000258   0x08000258   0x00000000   Code   RO         2752    .ARM.Collect$$libinit$$00000015  c_w.l(libinit2.o)
    0x08000258   0x08000258   0x00000000   Code   RO         2754    .ARM.Collect$$libinit$$00000017  c_w.l(libinit2.o)
    0x08000258   0x08000258   0x00000000   Code   RO         2756    .ARM.Collect$$libinit$$00000019  c_w.l(libinit2.o)
    0x08000258   0x08000258   0x00000000   Code   RO         2758    .ARM.Collect$$libinit$$0000001B  c_w.l(libinit2.o)
    0x08000258   0x08000258   0x00000000   Code   RO         2760    .ARM.Collect$$libinit$$0000001D  c_w.l(libinit2.o)
    0x08000258   0x08000258   0x00000000   Code   RO         2762    .ARM.Collect$$libinit$$0000001F  c_w.l(libinit2.o)
    0x08000258   0x08000258   0x00000000   Code   RO         2764    .ARM.Collect$$libinit$$00000021  c_w.l(libinit2.o)
    0x08000258   0x08000258   0x00000000   Code   RO         2766    .ARM.Collect$$libinit$$00000023  c_w.l(libinit2.o)
    0x08000258   0x08000258   0x00000000   Code   RO         2768    .ARM.Collect$$libinit$$00000025  c_w.l(libinit2.o)
    0x08000258   0x08000258   0x00000000   Code   RO         2772    .ARM.Collect$$libinit$$0000002C  c_w.l(libinit2.o)
    0x08000258   0x08000258   0x00000000   Code   RO         2774    .ARM.Collect$$libinit$$0000002E  c_w.l(libinit2.o)
    0x08000258   0x08000258   0x00000000   Code   RO         2776    .ARM.Collect$$libinit$$00000030  c_w.l(libinit2.o)
    0x08000258   0x08000258   0x00000000   Code   RO         2778    .ARM.Collect$$libinit$$00000032  c_w.l(libinit2.o)
    0x08000258   0x08000258   0x00000002   Code   RO         2779    .ARM.Collect$$libinit$$00000033  c_w.l(libinit2.o)
    0x0800025a   0x0800025a   0x00000002   Code   RO         2797    .ARM.Collect$$libshutdown$$00000000  c_w.l(libshutdown.o)
    0x0800025c   0x0800025c   0x00000000   Code   RO         2807    .ARM.Collect$$libshutdown$$00000002  c_w.l(libshutdown2.o)
    0x0800025c   0x0800025c   0x00000000   Code   RO         2809    .ARM.Collect$$libshutdown$$00000004  c_w.l(libshutdown2.o)
    0x0800025c   0x0800025c   0x00000000   Code   RO         2812    .ARM.Collect$$libshutdown$$00000007  c_w.l(libshutdown2.o)
    0x0800025c   0x0800025c   0x00000000   Code   RO         2815    .ARM.Collect$$libshutdown$$0000000A  c_w.l(libshutdown2.o)
    0x0800025c   0x0800025c   0x00000000   Code   RO         2817    .ARM.Collect$$libshutdown$$0000000C  c_w.l(libshutdown2.o)
    0x0800025c   0x0800025c   0x00000000   Code   RO         2820    .ARM.Collect$$libshutdown$$0000000F  c_w.l(libshutdown2.o)
    0x0800025c   0x0800025c   0x00000002   Code   RO         2821    .ARM.Collect$$libshutdown$$00000010  c_w.l(libshutdown2.o)
    0x0800025e   0x0800025e   0x00000000   Code   RO         2585    .ARM.Collect$$rtentry$$00000000  c_w.l(__rtentry.o)
    0x0800025e   0x0800025e   0x00000000   Code   RO         2644    .ARM.Collect$$rtentry$$00000002  c_w.l(__rtentry2.o)
    0x0800025e   0x0800025e   0x00000006   Code   RO         2656    .ARM.Collect$$rtentry$$00000004  c_w.l(__rtentry4.o)
    0x08000264   0x08000264   0x00000000   Code   RO         2646    .ARM.Collect$$rtentry$$00000009  c_w.l(__rtentry2.o)
    0x08000264   0x08000264   0x00000004   Code   RO         2647    .ARM.Collect$$rtentry$$0000000A  c_w.l(__rtentry2.o)
    0x08000268   0x08000268   0x00000000   Code   RO         2649    .ARM.Collect$$rtentry$$0000000C  c_w.l(__rtentry2.o)
    0x08000268   0x08000268   0x00000008   Code   RO         2650    .ARM.Collect$$rtentry$$0000000D  c_w.l(__rtentry2.o)
    0x08000270   0x08000270   0x00000002   Code   RO         2730    .ARM.Collect$$rtexit$$00000000  c_w.l(rtexit.o)
    0x08000272   0x08000272   0x00000000   Code   RO         2781    .ARM.Collect$$rtexit$$00000002  c_w.l(rtexit2.o)
    0x08000272   0x08000272   0x00000004   Code   RO         2782    .ARM.Collect$$rtexit$$00000003  c_w.l(rtexit2.o)
    0x08000276   0x08000276   0x00000006   Code   RO         2783    .ARM.Collect$$rtexit$$00000004  c_w.l(rtexit2.o)
    0x0800027c   0x0800027c   0x00000040   Code   RO         2459    .text               startup_stm32f40_41xxx.o
    0x080002bc   0x080002bc   0x00000002   Code   RO         2506    .text               c_w.l(use_no_semi_2.o)
    0x080002be   0x080002be   0x00000002   PAD
    0x080002c0   0x080002c0   0x00000018   Code   RO         2510    .text               c_w.l(__2printf.o)
    0x080002d8   0x080002d8   0x0000002c   Code   RO         2512    .text               c_w.l(__2sprintf.o)
    0x08000304   0x08000304   0x00000052   Code   RO         2520    .text               c_w.l(_printf_str.o)
    0x08000356   0x08000356   0x00000002   PAD
    0x08000358   0x08000358   0x00000078   Code   RO         2522    .text               c_w.l(_printf_dec.o)
    0x080003d0   0x080003d0   0x00000094   Code   RO         2542    .text               c_w.l(_printf_hex_int_ll_ptr.o)
    0x08000464   0x08000464   0x00000188   Code   RO         2562    .text               c_w.l(__printf_flags_ss_wp.o)
    0x080005ec   0x080005ec   0x00000024   Code   RO         2569    .text               c_w.l(strstr.o)
    0x08000610   0x08000610   0x00000048   Code   RO         2571    .text               c_w.l(strcpy.o)
    0x08000658   0x08000658   0x00000044   Code   RO         2575    .text               c_w.l(rt_memclr.o)
    0x0800069c   0x0800069c   0x00000080   Code   RO         2577    .text               c_w.l(strcmpv7m.o)
    0x0800071c   0x0800071c   0x00000006   Code   RO         2579    .text               c_w.l(heapauxi.o)
    0x08000722   0x08000722   0x00000002   Code   RO         2583    .text               c_w.l(use_no_semi.o)
    0x08000724   0x08000724   0x000000b2   Code   RO         2590    .text               c_w.l(_printf_intcommon.o)
    0x080007d6   0x080007d6   0x00000002   PAD
    0x080007d8   0x080007d8   0x00000030   Code   RO         2594    .text               c_w.l(_printf_char_common.o)
    0x08000808   0x08000808   0x0000000a   Code   RO         2596    .text               c_w.l(_sputc.o)
    0x08000812   0x08000812   0x0000002c   Code   RO         2598    .text               c_w.l(_printf_char.o)
    0x0800083e   0x0800083e   0x00000002   PAD
    0x08000840   0x08000840   0x00000024   Code   RO         2600    .text               c_w.l(_printf_char_file.o)
    0x08000864   0x08000864   0x0000004e   Code   RO         2633    .text               c_w.l(rt_memclr_w.o)
    0x080008b2   0x080008b2   0x00000008   Code   RO         2669    .text               c_w.l(ferror.o)
    0x080008ba   0x080008ba   0x0000004a   Code   RO         2675    .text               c_w.l(sys_stackheap_outer.o)
    0x08000904   0x08000904   0x00000012   Code   RO         2714    .text               c_w.l(exit.o)
    0x08000916   0x08000916   0x00000002   PAD
    0x08000918   0x08000918   0x00000008   Code   RO         2727    .text               c_w.l(libspace.o)
    0x08000920   0x08000920   0x00000034   Code   RO          134    i.Alarm             main.o
    0x08000954   0x08000954   0x0000001a   Code   RO          672    i.AntennaOn         mfrc522.o
    0x0800096e   0x0800096e   0x00000076   Code   RO          673    i.CalulateCRC       mfrc522.o
    0x080009e4   0x080009e4   0x0000001c   Code   RO          674    i.ClearBitMask      mfrc522.o
    0x08000a00   0x08000a00   0x0000002c   Code   RO          135    i.CloseDoor         main.o
    0x08000a2c   0x08000a2c   0x0000001e   Code   RO          675    i.Delay1_us         mfrc522.o
    0x08000a4a   0x08000a4a   0x00000002   PAD
    0x08000a4c   0x08000a4c   0x000002e4   Code   RO          821    i.EnsureMessage     as608.o
    0x08000d30   0x08000d30   0x00000090   Code   RO         1154    i.GPIO_Init         stm32f4xx_gpio.o
    0x08000dc0   0x08000dc0   0x00000046   Code   RO         1155    i.GPIO_PinAFConfig  stm32f4xx_gpio.o
    0x08000e06   0x08000e06   0x00000012   Code   RO         1158    i.GPIO_ReadInputDataBit  stm32f4xx_gpio.o
    0x08000e18   0x08000e18   0x00000004   Code   RO         1161    i.GPIO_ResetBits    stm32f4xx_gpio.o
    0x08000e1c   0x08000e1c   0x00000004   Code   RO         1162    i.GPIO_SetBits      stm32f4xx_gpio.o
    0x08000e20   0x08000e20   0x00000094   Code   RO          339    i.I2C_Configuration  oled_i2c.o
    0x08000eb4   0x08000eb4   0x00000078   Code   RO          340    i.I2C_WriteByte     oled_i2c.o
    0x08000f2c   0x08000f2c   0x000000b0   Code   RO          248    i.Init_BLE          ble.o
    0x08000fdc   0x08000fdc   0x00000040   Code   RO          285    i.Init_Beep         beep.o
    0x0800101c   0x0800101c   0x0000000c   Code   RO         1002    i.Init_Delay        delay.o
    0x08001028   0x08001028   0x000000b0   Code   RO            4    i.Init_ESP_Usart    communication.o
    0x080010d8   0x080010d8   0x00000078   Code   RO          312    i.Init_LED          led.o
    0x08001150   0x08001150   0x00000088   Code   RO          822    i.JudgeStr          as608.o
    0x080011d8   0x080011d8   0x00000064   Code   RO          489    i.KEY_Fun           keyboard.o
    0x0800123c   0x0800123c   0x0000020c   Code   RO          490    i.KEY_Scan          keyboard.o
    0x08001448   0x08001448   0x00000040   Code   RO          491    i.KEY_work          keyboard.o
    0x08001488   0x08001488   0x000000b0   Code   RO          492    i.Key_Init          keyboard.o
    0x08001538   0x08001538   0x000001a8   Code   RO          136    i.MFRC522Read       main.o
    0x080016e0   0x080016e0   0x00000062   Code   RO          676    i.MFRC522_Anticoll  mfrc522.o
    0x08001742   0x08001742   0x0000006e   Code   RO          677    i.MFRC522_Auth      mfrc522.o
    0x080017b0   0x080017b0   0x00000044   Code   RO          679    i.MFRC522_Initializtion  mfrc522.o
    0x080017f4   0x080017f4   0x00000038   Code   RO          680    i.MFRC522_Read      mfrc522.o
    0x0800182c   0x0800182c   0x00000032   Code   RO          681    i.MFRC522_Request   mfrc522.o
    0x0800185e   0x0800185e   0x00000002   PAD
    0x08001860   0x08001860   0x00000040   Code   RO          682    i.MFRC522_Reset     mfrc522.o
    0x080018a0   0x080018a0   0x00000076   Code   RO          683    i.MFRC522_SelectTag  mfrc522.o
    0x08001916   0x08001916   0x0000013a   Code   RO          684    i.MFRC522_ToCard    mfrc522.o
    0x08001a50   0x08001a50   0x0000001c   Code   RO          823    i.MYUSART_SendData  as608.o
    0x08001a6c   0x08001a6c   0x00000078   Code   RO         1105    i.NVIC_Init         misc.o
    0x08001ae4   0x08001ae4   0x00000014   Code   RO         1106    i.NVIC_PriorityGroupConfig  misc.o
    0x08001af8   0x08001af8   0x0000000a   Code   RO          341    i.OLED_CLS          oled_i2c.o
    0x08001b02   0x08001b02   0x0000003a   Code   RO          343    i.OLED_Fill         oled_i2c.o
    0x08001b3c   0x08001b3c   0x0000004c   Code   RO          344    i.OLED_Iic_Recv_Ack  oled_i2c.o
    0x08001b88   0x08001b88   0x00000030   Code   RO          346    i.OLED_Iic_Sda_Mode  oled_i2c.o
    0x08001bb8   0x08001bb8   0x00000060   Code   RO          348    i.OLED_Iic_Send_Byte  oled_i2c.o
    0x08001c18   0x08001c18   0x0000003c   Code   RO          349    i.OLED_Iic_Start    oled_i2c.o
    0x08001c54   0x08001c54   0x00000038   Code   RO          350    i.OLED_Iic_Stop     oled_i2c.o
    0x08001c8c   0x08001c8c   0x000000b2   Code   RO          351    i.OLED_Init         oled_i2c.o
    0x08001d3e   0x08001d3e   0x00000028   Code   RO          354    i.OLED_SetPos       oled_i2c.o
    0x08001d66   0x08001d66   0x00000002   PAD
    0x08001d68   0x08001d68   0x00000054   Code   RO          355    i.OLED_ShowCN       oled_i2c.o
    0x08001dbc   0x08001dbc   0x000000ec   Code   RO          356    i.OLED_ShowStr      oled_i2c.o
    0x08001ea8   0x08001ea8   0x0000002c   Code   RO          137    i.OpenDoor          main.o
    0x08001ed4   0x08001ed4   0x00000046   Code   RO          826    i.PS_GenChar        as608.o
    0x08001f1a   0x08001f1a   0x0000003a   Code   RO          827    i.PS_GetImage       as608.o
    0x08001f54   0x08001f54   0x00000080   Code   RO          828    i.PS_HandShake      as608.o
    0x08001fd4   0x08001fd4   0x00000090   Code   RO          829    i.PS_HighSpeedSearch  as608.o
    0x08002064   0x08002064   0x00000104   Code   RO          832    i.PS_ReadSysPara    as608.o
    0x08002168   0x08002168   0x00000030   Code   RO          836    i.PS_StaGPIO_Init   as608.o
    0x08002198   0x08002198   0x0000008c   Code   RO          838    i.PS_ValidTempleteNum  as608.o
    0x08002224   0x08002224   0x00000020   Code   RO         1369    i.RCC_AHB1PeriphClockCmd  stm32f4xx_rcc.o
    0x08002244   0x08002244   0x00000020   Code   RO         1378    i.RCC_APB1PeriphClockCmd  stm32f4xx_rcc.o
    0x08002264   0x08002264   0x00000020   Code   RO         1381    i.RCC_APB2PeriphClockCmd  stm32f4xx_rcc.o
    0x08002284   0x08002284   0x000000e8   Code   RO         1390    i.RCC_GetClocksFreq  stm32f4xx_rcc.o
    0x0800236c   0x0800236c   0x00000034   Code   RO          686    i.Read_MFRC522      mfrc522.o
    0x080023a0   0x080023a0   0x0000005c   Code   RO          687    i.SPI3_Receive      mfrc522.o
    0x080023fc   0x080023fc   0x00000058   Code   RO          688    i.SPI3_Send         mfrc522.o
    0x08002454   0x08002454   0x000000a0   Code   RO          689    i.STM32_SPI3_Init   mfrc522.o
    0x080024f4   0x080024f4   0x00000034   Code   RO          841    i.SendAddr          as608.o
    0x08002528   0x08002528   0x00000012   Code   RO          842    i.SendCheck         as608.o
    0x0800253a   0x0800253a   0x0000000c   Code   RO          843    i.SendFlag          as608.o
    0x08002546   0x08002546   0x00000010   Code   RO          844    i.SendHead          as608.o
    0x08002556   0x08002556   0x00000014   Code   RO          845    i.SendLength        as608.o
    0x0800256a   0x0800256a   0x0000000c   Code   RO          846    i.Sendcmd           as608.o
    0x08002576   0x08002576   0x0000001c   Code   RO          690    i.SetBitMask        mfrc522.o
    0x08002592   0x08002592   0x00000002   PAD
    0x08002594   0x08002594   0x000000ec   Code   RO         2466    i.SetSysClock       system_stm32f4xx.o
    0x08002680   0x08002680   0x00000024   Code   RO          138    i.ShowCNStr         main.o
    0x080026a4   0x080026a4   0x00000028   Code   RO         1109    i.SysTick_CLKSourceConfig  misc.o
    0x080026cc   0x080026cc   0x00000068   Code   RO         2468    i.SystemInit        system_stm32f4xx.o
    0x08002734   0x08002734   0x00000030   Code   RO          593    i.TIM3_IRQHandler   timer.o
    0x08002764   0x08002764   0x000000d8   Code   RO          595    i.TIM4_LockControl_Init  timer.o
    0x0800283c   0x0800283c   0x000000e4   Code   RO          597    i.TIM5_IRQHandler   timer.o
    0x08002920   0x08002920   0x0000003c   Code   RO          598    i.TIM7_IRQHandler   timer.o
    0x0800295c   0x0800295c   0x0000006c   Code   RO          599    i.TIM7_Int_Init     timer.o
    0x080029c8   0x080029c8   0x00000018   Code   RO         1717    i.TIM_Cmd           stm32f4xx_tim.o
    0x080029e0   0x080029e0   0x000000a0   Code   RO         1756    i.TIM_OC3Init       stm32f4xx_tim.o
    0x08002a80   0x08002a80   0x00000012   Code   RO         1759    i.TIM_OC3PreloadConfig  stm32f4xx_tim.o
    0x08002a92   0x08002a92   0x00000004   Code   RO         1781    i.TIM_SetCompare3   stm32f4xx_tim.o
    0x08002a96   0x08002a96   0x00000002   PAD
    0x08002a98   0x08002a98   0x00000084   Code   RO         1789    i.TIM_TimeBaseInit  stm32f4xx_tim.o
    0x08002b1c   0x08002b1c   0x00000080   Code   RO            5    i.USART1_IRQHandler  communication.o
    0x08002b9c   0x08002b9c   0x00000070   Code   RO          539    i.USART2_IRQHandler  usart2.o
    0x08002c0c   0x08002c0c   0x0000008c   Code   RO          249    i.USART3_IRQHandler  ble.o
    0x08002c98   0x08002c98   0x00000018   Code   RO         2271    i.USART_Cmd         stm32f4xx_usart.o
    0x08002cb0   0x08002cb0   0x0000001a   Code   RO         2274    i.USART_GetFlagStatus  stm32f4xx_usart.o
    0x08002cca   0x08002cca   0x0000004a   Code   RO         2277    i.USART_ITConfig    stm32f4xx_usart.o
    0x08002d14   0x08002d14   0x000000d4   Code   RO         2278    i.USART_Init        stm32f4xx_usart.o
    0x08002de8   0x08002de8   0x00000008   Code   RO         2288    i.USART_SendData    stm32f4xx_usart.o
    0x08002df0   0x08002df0   0x0000000e   Code   RO          357    i.WriteCmd          oled_i2c.o
    0x08002dfe   0x08002dfe   0x0000000e   Code   RO          358    i.WriteDat          oled_i2c.o
    0x08002e0c   0x08002e0c   0x00000030   Code   RO          691    i.Write_MFRC522     mfrc522.o
    0x08002e3c   0x08002e3c   0x0000000e   Code   RO         2555    i._is_digit         c_w.l(__printf_wp.o)
    0x08002e4a   0x08002e4a   0x00000006   Code   RO            6    i._sys_exit         communication.o
    0x08002e50   0x08002e50   0x000000c8   Code   RO            7    i.create_packet     communication.o
    0x08002f18   0x08002f18   0x00000046   Code   RO         1003    i.delay_ms          delay.o
    0x08002f5e   0x08002f5e   0x00000020   Code   RO         1004    i.delay_s           delay.o
    0x08002f7e   0x08002f7e   0x00000048   Code   RO         1005    i.delay_us          delay.o
    0x08002fc6   0x08002fc6   0x00000002   PAD
    0x08002fc8   0x08002fc8   0x00000040   Code   RO            8    i.fputc             communication.o
    0x08003008   0x08003008   0x0000035c   Code   RO          139    i.main              main.o
    0x08003364   0x08003364   0x00000074   Code   RO          140    i.menu              main.o
    0x080033d8   0x080033d8   0x000000f0   Code   RO          141    i.press_FR          main.o
    0x080034c8   0x080034c8   0x00000068   Code   RO            9    i.send_packet       communication.o
    0x08003530   0x08003530   0x000000d4   Code   RO          541    i.usart2_init       usart2.o
    0x08003604   0x08003604   0x0000000a   Code   RO         2789    x$fpl$fpinit        fz_wm.l(fpinit.o)
    0x0800360e   0x0800360e   0x00000818   Data   RO          359    .constdata          oled_i2c.o
    0x08003e26   0x08003e26   0x00000028   Data   RO         2543    .constdata          c_w.l(_printf_hex_int_ll_ptr.o)
    0x08003e4e   0x08003e4e   0x00000011   Data   RO         2563    .constdata          c_w.l(__printf_flags_ss_wp.o)
    0x08003e5f   0x08003e5f   0x00000001   PAD
    0x08003e60   0x08003e60   0x0000004f   Data   RO          847    .conststring        as608.o
    0x08003eaf   0x08003eaf   0x00000001   PAD
    0x08003eb0   0x08003eb0   0x00000020   Data   RO         2853    Region$$Table       anon$$obj.o


    Execution Region RW_IRAM2 (Exec base: 0x10000000, Load base: 0x080041f0, Size: 0x00000000, Max: 0x00010000, ABSOLUTE)

    **** No section assigned to this execution region ****


    Execution Region RW_IRAM1 (Exec base: 0x20000000, Load base: 0x08003ed0, Size: 0x00001678, Max: 0x00020000, ABSOLUTE, COMPRESSED[0x00000320])

    Exec Addr    Load Addr    Size         Type   Attr      Idx    E Section Name        Object

    0x20000000   COMPRESSED   0x00000006   Data   RW           11    .data               communication.o
    0x20000006   COMPRESSED   0x00000019   Data   RW          143    .data               main.o
    0x2000001f   COMPRESSED   0x00000001   PAD
    0x20000020   COMPRESSED   0x00000006   Data   RW          251    .data               ble.o
    0x20000026   COMPRESSED   0x000006e0   Data   RW          360    .data               oled_i2c.o
    0x20000706   COMPRESSED   0x00000002   Data   RW          543    .data               usart2.o
    0x20000708   COMPRESSED   0x00000008   Data   RW          601    .data               timer.o
    0x20000710   COMPRESSED   0x00000004   Data   RW          848    .data               as608.o
    0x20000714   COMPRESSED   0x00000010   Data   RW         1421    .data               stm32f4xx_rcc.o
    0x20000724        -       0x00000100   Zero   RW           10    .bss                communication.o
    0x20000824        -       0x000000ae   Zero   RW          142    .bss                main.o
    0x200008d2        -       0x00000100   Zero   RW          250    .bss                ble.o
    0x200009d2        -       0x00000640   Zero   RW          542    .bss                usart2.o
    0x20001012   COMPRESSED   0x00000002   PAD
    0x20001014        -       0x00000060   Zero   RW         2728    .bss                c_w.l(libspace.o)
    0x20001074   COMPRESSED   0x00000004   PAD
    0x20001078        -       0x00000200   Zero   RW         2457    HEAP                startup_stm32f40_41xxx.o
    0x20001278        -       0x00000400   Zero   RW         2456    STACK               startup_stm32f40_41xxx.o


==============================================================================

Image component sizes


      Code (inc. data)   RO Data    RW Data    ZI Data      Debug   Object Name

      1882        798         79          4          0      10260   as608.o
        64          8          0          0          0        504   beep.o
       316         26          0          6        256       1850   ble.o
       678        114          0          6        256     305933   communication.o
       186          0          0          0          0       2041   delay.o
       864         50          0          0          0       2579   keyboard.o
       120         26          0          0          0        523   led.o
      1816        720          0         25        174       7317   main.o
      1548         66          0          0          0      11970   mfrc522.o
       180         24          0          0          0       2681   misc.o
      1238         98       2072       1760          0       9371   oled_i2c.o
        64         26        392          0       1536        852   startup_stm32f40_41xxx.o
       240          0          0          0          0       4335   stm32f4xx_gpio.o
       328         36          0         16          0       5339   stm32f4xx_rcc.o
       338         38          0          0          0       4516   stm32f4xx_tim.o
       344          8          0          0          0       4937   stm32f4xx_usart.o
       340         32          0          0          0       1729   system_stm32f4xx.o
       660         50          0          8          0       3108   timer.o
       324         32          0          2       1600       2614   usart2.o

    ----------------------------------------------------------------------
     11542       2152       2576       1828       3824     382459   Object Totals
         0          0         32          0          0          0   (incl. Generated)
        12          0          1          1          2          0   (incl. Padding)

    ----------------------------------------------------------------------

      Code (inc. data)   RO Data    RW Data    ZI Data      Debug   Library Member Name

        24          4          0          0          0         84   __2printf.o
        44          6          0          0          0         84   __2sprintf.o
        90          0          0          0          0          0   __dczerorl2.o
         8          0          0          0          0         68   __main.o
       392          4         17          0          0         92   __printf_flags_ss_wp.o
        14          0          0          0          0         68   __printf_wp.o
         0          0          0          0          0          0   __rtentry.o
        12          0          0          0          0          0   __rtentry2.o
         6          0          0          0          0          0   __rtentry4.o
        52          8          0          0          0          0   __scatter.o
        28          0          0          0          0          0   __scatter_zi.o
        44          0          0          0          0        108   _printf_char.o
        48          6          0          0          0         96   _printf_char_common.o
        36          4          0          0          0         80   _printf_char_file.o
         6          0          0          0          0          0   _printf_d.o
       120         16          0          0          0         92   _printf_dec.o
       148          4         40          0          0        160   _printf_hex_int_ll_ptr.o
       178          0          0          0          0         88   _printf_intcommon.o
         0          0          0          0          0          0   _printf_percent.o
         4          0          0          0          0          0   _printf_percent_end.o
         6          0          0          0          0          0   _printf_s.o
        82          0          0          0          0         80   _printf_str.o
         6          0          0          0          0          0   _printf_x.o
        10          0          0          0          0         68   _sputc.o
        18          0          0          0          0         80   exit.o
         8          0          0          0          0         68   ferror.o
         6          0          0          0          0        152   heapauxi.o
         2          0          0          0          0          0   libinit.o
         6          0          0          0          0          0   libinit2.o
         2          0          0          0          0          0   libshutdown.o
         2          0          0          0          0          0   libshutdown2.o
         8          4          0          0         96         68   libspace.o
        68          0          0          0          0         68   rt_memclr.o
        78          0          0          0          0         80   rt_memclr_w.o
         2          0          0          0          0          0   rtexit.o
        10          0          0          0          0          0   rtexit2.o
       128          0          0          0          0         68   strcmpv7m.o
        72          0          0          0          0         80   strcpy.o
        36          0          0          0          0         80   strstr.o
        74          0          0          0          0         80   sys_stackheap_outer.o
         2          0          0          0          0         68   use_no_semi.o
         2          0          0          0          0         68   use_no_semi_2.o
        10          0          0          0          0        116   fpinit.o

    ----------------------------------------------------------------------
      1904         56         58          0        100       2244   Library Totals
        12          0          1          0          4          0   (incl. Padding)

    ----------------------------------------------------------------------

      Code (inc. data)   RO Data    RW Data    ZI Data      Debug   Library Name

      1882         56         57          0         96       2128   c_w.l
        10          0          0          0          0        116   fz_wm.l

    ----------------------------------------------------------------------
      1904         56         58          0        100       2244   Library Totals

    ----------------------------------------------------------------------

==============================================================================


      Code (inc. data)   RO Data    RW Data    ZI Data      Debug   

     13446       2208       2634       1828       3924     373411   Grand Totals
     13446       2208       2634        800       3924     373411   ELF Image Totals (compressed)
     13446       2208       2634        800          0          0   ROM Totals

==============================================================================

    Total RO  Size (Code + RO Data)                16080 (  15.70kB)
    Total RW  Size (RW Data + ZI Data)              5752 (   5.62kB)
    Total ROM Size (Code + RO Data + RW Data)      16880 (  16.48kB)

==============================================================================

